<html>
<body>
<pre>
<h1>µVision Build Log</h1>
<h2>Tool Versions:</h2>
IDE-Version: µVision V5.23.0.0
Copyright (C) 2017 ARM Ltd and ARM Germany GmbH. All rights reserved.
License Information: Hancy Wang, VM, LIC=ZB445-G2P2X-J6AQ9-4HGTE-V4YUH-GRS8Y
 
Tool Versions:
Toolchain:       MDK-ARM Plus  Version: 5.23
Toolchain Path:  D:\Keil_v5\ARM\ARMCC\Bin
C Compiler:      Armcc.exe V5.06 update 4 (build 422)
Assembler:       Armasm.exe V5.06 update 4 (build 422)
Linker/Locator:  ArmLink.exe V5.06 update 4 (build 422)
Library Manager: ArmAr.exe V5.06 update 4 (build 422)
Hex Converter:   FromElf.exe V5.06 update 4 (build 422)
CPU DLL:         SARMCM3.DLL V5.23
Dialog DLL:      DARMCM1.DLL V1.17.0.0
Target DLL:      STLink\ST-LINKIII-KEIL_SWO.dll V2.0.18.0
Dialog DLL:      TARMCM1.DLL V1.12.0.0
 
<h2>Project:</h2>
D:\Users\LENOVO\Documents\GitHub\CTS_slaver\CTS_slaver_Parameters_Modify_001\User\STM32F030Demo.uvprojx
Project File Date:  03/08/2019

<h2>Output:</h2>
*** Using Compiler 'V5.06 update 4 (build 422)', folder: 'D:\Keil_v5\ARM\ARMCC\Bin'
Build target 'Stm32f030demo'
compiling fifo.c...
compiling main.c...
compiling system_stm32f0xx.c...
compiling iwtdg.c...
compiling common.c...
compiling delay.c...
compiling stm32f0xx_it.c...
compiling app.c...
..\APP\app.c(110): warning:  #177-D: variable "flash_write_cnt"  was declared but never referenced
  static int flash_write_cnt=0;
..\APP\app.c: 1 warning, 0 errors
compiling protocol_module.c...
compiling key_power_on_task.c...
assembling startup_stm32f0xx.s...
compiling CMD_Receive.c...
compiling serial_port.c...
compiling i2c.c...
compiling comm_task.c...
compiling rtc.c...
compiling os_core.c...
compiling Motor_pwm.c...
compiling hardware.c...
compiling stm32f0xx_misc.c...
compiling stm32f0xx_gpio.c...
compiling stm32f0xx_rcc.c...
compiling stm32f0xx_usart.c...
compiling stm32f0xx_dma.c...
compiling stm32f0xx_pwr.c...
compiling stm32f0xx_exti.c...
compiling stm32f0xx_adc.c...
compiling stm32f0xx_syscfg.c...
compiling stm32f0xx_flash.c...
compiling stm32f0xx_tim.c...
compiling stm32f0xx_iwdg.c...
compiling stm32f0xx_rtc.c...
linking...
Program Size: Code=25762 RO-data=698 RW-data=316 ZI-data=6124  
FromELF: creating hex file...
"..\OBJ\STM32F030Demo.axf" - 0 Error(s), 1 Warning(s).

<h2>Software Packages used:</h2>

Package Vendor: ARM
                http://www.keil.com/pack/ARM.CMSIS.5.0.1.pack
                ARM::CMSIS:CORE:5.0.1
                CMSIS (Cortex Microcontroller Software Interface Standard)
   * Component: CORE Version: 5.0.1

<h2>Collection of Component include folders:</h2>
  .\RTE\_Stm32f030demo
  D:\Keil_v5\ARM\PACK\ARM\CMSIS\5.0.1\CMSIS\Include
  D:\Keil_v5\ARM\PACK\Keil\STM32F0xx_DFP\2.0.0\Drivers\CMSIS\Device\ST\STM32F0xx\Include

<h2>Collection of Component Files used:</h2>

   * Component: ARM::CMSIS:CORE:5.0.1
Build Time Elapsed:  00:00:03
</pre>
</body>
</html>
