Component: ARM Compiler 5.06 update 6 (build 750) Tool: armlink [4d35ed]

==============================================================================

Section Cross References

    main.o(.text) refers to delay.o(.text) for delay_init
    main.o(.text) refers to os_core.o(.text) for os_init
    main.o(.text) refers to key_power_on_task.o(.text) for EnterStopMode
    main.o(.text) refers to app.o(.text) for init_task
    stm32f0xx_it.o(.text) refers to stm32f0xx_tim.o(.text) for TIM_GetITStatus
    stm32f0xx_it.o(.text) refers to os_core.o(.text) for os_isr_ticks
    system_stm32f0xx.o(.text) refers to aeabi_sdiv.o(.text) for __aeabi_uidivmod
    system_stm32f0xx.o(.text) refers to stm32f0xx_rcc.o(.text) for RCC_MCOConfig
    system_stm32f0xx.o(.text) refers to system_stm32f0xx.o(.data) for .data
    iwtdg.o(.text) refers to stm32f0xx_iwdg.o(.text) for IWDG_WriteAccessCmd
    app.o(.text) refers to hardware.o(.text) for init_hardware
    app.o(.text) refers to motor_pwm.o(.text) for Motor_PWM_Init
    app.o(.text) refers to fifo.o(.text) for fifoInit
    app.o(.text) refers to serial_port.o(.text) for UARTInit
    app.o(.text) refers to cmd_receive.o(.text) for Init_Receive
    app.o(.text) refers to os_core.o(.text) for os_create_task
    app.o(.text) refers to rtc.o(.text) for Get_DataTime
    app.o(.text) refers to key_power_on_task.o(.text) for reset_dateTime
    app.o(.text) refers to comm_task.o(.bss) for send_buf
    app.o(.text) refers to comm_task.o(.bss) for send_fifo
    app.o(.text) refers to comm_task.o(.text) for TaskDataSend
    app.o(.text) refers to app.o(.data) for .data
    comm_task.o(.text) refers to stm32f0xx_gpio.o(.text) for GPIO_SetBits
    comm_task.o(.text) refers to hardware.o(.text) for set_led
    comm_task.o(.text) refers to common.o(.text) for Delay_ms
    comm_task.o(.text) refers to motor_pwm.o(.text) for Motor_PWM_Freq_Dudy_Set
    comm_task.o(.text) refers to delay.o(.text) for delay_ms
    comm_task.o(.text) refers to cmd_receive.o(.text) for GetBuf2Length
    comm_task.o(.text) refers to rt_memcpy.o(.text) for __aeabi_memcpy
    comm_task.o(.text) refers to protocol_module.o(.text) for protocol_module_process
    comm_task.o(.text) refers to rt_memclr.o(.text) for __aeabi_memclr4
    comm_task.o(.text) refers to fifo.o(.text) for fifoReadData
    comm_task.o(.text) refers to serial_port.o(.text) for UartSendNBytes
    comm_task.o(.text) refers to os_core.o(.text) for os_delay_ms
    comm_task.o(.text) refers to comm_task.o(i.__ARM_common_switch8) for __ARM_common_switch8
    comm_task.o(.text) refers to comm_task.o(.data) for .data
    comm_task.o(.text) refers to comm_task.o(.bss) for .bss
    comm_task.o(.text) refers to key_power_on_task.o(.data) for mcu_state
    comm_task.o(.text) refers to os_core.o(.data) for os_ticks
    comm_task.o(.text) refers to i2c.o(.text) for ADS115_readByte
    comm_task.o(.text) refers to key_power_on_task.o(.text) for record_dateTime
    comm_task.o(.text) refers to hardware.o(.data) for zero_point_of_pressure_sensor
    comm_task.o(.text) refers to main.o(.constdata) for default_parameter_buf
    comm_task.o(.text) refers to aeabi_sdiv.o(.text) for __aeabi_uidivmod
    comm_task.o(.text) refers to hardware.o(.data) for RegularConvData_Tab
    comm_task.o(.text) refers to rt_memcpy.o(.emb_text) for __aeabi_memcpy4
    key_power_on_task.o(.text) refers to stm32f0xx_rcc.o(.text) for RCC_AHBPeriphClockCmd
    key_power_on_task.o(.text) refers to stm32f0xx_gpio.o(.text) for GPIO_Init
    key_power_on_task.o(.text) refers to stm32f0xx_syscfg.o(.text) for SYSCFG_EXTILineConfig
    key_power_on_task.o(.text) refers to stm32f0xx_exti.o(.text) for EXTI_Init
    key_power_on_task.o(.text) refers to stm32f0xx_misc.o(.text) for NVIC_Init
    key_power_on_task.o(.text) refers to motor_pwm.o(.text) for Motor_PWM_Freq_Dudy_Set
    key_power_on_task.o(.text) refers to hardware.o(.text) for set_led
    key_power_on_task.o(.text) refers to delay.o(.text) for delay_ms
    key_power_on_task.o(.text) refers to comm_task.o(.text) for Reset_Timing_Parameter
    key_power_on_task.o(.text) refers to os_core.o(.text) for os_init
    key_power_on_task.o(.text) refers to system_stm32f0xx.o(.text) for SystemInit
    key_power_on_task.o(.text) refers to app.o(.text) for init_task
    key_power_on_task.o(.text) refers to stm32f0xx_dma.o(.text) for DMA_Cmd
    key_power_on_task.o(.text) refers to stm32f0xx_adc.o(.text) for ADC_DMACmd
    key_power_on_task.o(.text) refers to stm32f0xx_usart.o(.text) for USART_Cmd
    key_power_on_task.o(.text) refers to comm_task.o(.data) for b_release_gas
    key_power_on_task.o(.text) refers to key_power_on_task.o(.data) for .data
    key_power_on_task.o(.text) refers to comm_task.o(.data) for checkPressAgain_cnt
    key_power_on_task.o(.text) refers to comm_task.o(.data) for wait_cnt
    key_power_on_task.o(.text) refers to comm_task.o(.data) for b_usb_push_in
[...]
    index                                    0x20000124   Data           4  os_core.o(.data)
    .data                                    0x20000128   Section       16  stm32f0xx_rcc.o(.data)
    APBAHBPrescTable                         0x20000128   Data          16  stm32f0xx_rcc.o(.data)
    .bss                                     0x20000138   Section     1527  comm_task.o(.bss)
    pwm1_buffer                              0x20000678   Data          61  comm_task.o(.bss)
    pwm2_buffer                              0x200006b5   Data          61  comm_task.o(.bss)
    pwm3_buffer                              0x200006f2   Data          61  comm_task.o(.bss)
    .bss                                     0x2000072f   Section      260  comm_task.o(.bss)
    .bss                                     0x20000833   Section      472  comm_task.o(.bss)
    .bss                                     0x20000a0c   Section     2048  key_power_on_task.o(.bss)
    .bss                                     0x2000120c   Section      180  os_core.o(.bss)
    .bss                                     0x200012c0   Section       96  libspace.o(.bss)
    HEAP                                     0x20001320   Section      512  startup_stm32f0xx.o(HEAP)
    Heap_Mem                                 0x20001320   Data         512  startup_stm32f0xx.o(HEAP)
    STACK                                    0x20001520   Section     1024  startup_stm32f0xx.o(STACK)
    Stack_Mem                                0x20001520   Data        1024  startup_stm32f0xx.o(STACK)
    __initial_sp                             0x20001920   Data           0  startup_stm32f0xx.o(STACK)

    Global Symbols

    Symbol Name                              Value     Ov Type        Size  Object(Section)

    BuildAttributes$$THM_ISAv3M$S$PE$A:L22$X:L11$S22$IEEE1$IW$USESV6$~STKCKD$USESV7$~SHL$OSPACE$ROPI$EBA8$UX$STANDARDLIB$REQ8$PRES8$EABIv2 0x00000000   Number         0  anon$$obj.o ABSOLUTE
    __ARM_use_no_argv                        0x00000000   Number         0  main.o ABSOLUTE
    __ARM_exceptions_init                     - Undefined Weak Reference
    __alloca_initialize                       - Undefined Weak Reference
    __arm_preinit_                            - Undefined Weak Reference
    __cpp_initialize__aeabi_                  - Undefined Weak Reference
    __cxa_finalize                            - Undefined Weak Reference
    __rt_locale                               - Undefined Weak Reference
    __sigvec_lookup                           - Undefined Weak Reference
    _atexit_init                              - Undefined Weak Reference
    _call_atexit_fns                          - Undefined Weak Reference
    _clock_init                               - Undefined Weak Reference
    _fp_trap_init                             - Undefined Weak Reference
    _fp_trap_shutdown                         - Undefined Weak Reference
    _get_lc_collate                           - Undefined Weak Reference
    _get_lc_ctype                             - Undefined Weak Reference
    _get_lc_monetary                          - Undefined Weak Reference
    _get_lc_numeric                           - Undefined Weak Reference
    _get_lc_time                              - Undefined Weak Reference
    _getenv_init                              - Undefined Weak Reference
    _handle_redirection                       - Undefined Weak Reference
    _init_alloc                               - Undefined Weak Reference
    _init_user_alloc                          - Undefined Weak Reference
    _initio                                   - Undefined Weak Reference
    _rand_init                                - Undefined Weak Reference
    _signal_finish                            - Undefined Weak Reference
    _signal_init                              - Undefined Weak Reference
    _terminate_alloc                          - Undefined Weak Reference
    _terminate_user_alloc                     - Undefined Weak Reference
    _terminateio                              - Undefined Weak Reference
    __Vectors_Size                           0x000000c0   Number         0  startup_stm32f0xx.o ABSOLUTE
    __Vectors                                0x08000000   Data           4  startup_stm32f0xx.o(RESET)
    __Vectors_End                            0x080000c0   Data           0  startup_stm32f0xx.o(RESET)
    __main                                   0x080000c1   Thumb Code     8  __main.o(!!!main)
    __scatterload                            0x080000c9   Thumb Code     0  __scatter.o(!!!scatter)
    __scatterload_rt2                        0x080000c9   Thumb Code    52  __scatter.o(!!!scatter)
    __scatterload_rt2_thumb_only             0x080000c9   Thumb Code     0  __scatter.o(!!!scatter)
    __scatterload_null                       0x080000d9   Thumb Code     0  __scatter.o(!!!scatter)
    __scatterload_zeroinit                   0x08000105   Thumb Code    28  __scatter_zi.o(!!handler_zi)
    __rt_lib_init                            0x08000121   Thumb Code     0  libinit.o(.ARM.Collect$$libinit$$00000000)
    __rt_lib_init_alloca_1                   0x08000123   Thumb Code     0  libinit2.o(.ARM.Collect$$libinit$$0000002E)
    __rt_lib_init_argv_1                     0x08000123   Thumb Code     0  libinit2.o(.ARM.Collect$$libinit$$0000002C)
    __rt_lib_init_atexit_1                   0x08000123   Thumb Code     0  libinit2.o(.ARM.Collect$$libinit$$0000001B)
    __rt_lib_init_clock_1                    0x08000123   Thumb Code     0  libinit2.o(.ARM.Collect$$libinit$$00000021)
    __rt_lib_init_cpp_1                      0x08000123   Thumb Code     0  libinit2.o(.ARM.Collect$$libinit$$00000032)
    __rt_lib_init_exceptions_1               0x08000123   Thumb Code     0  libinit2.o(.ARM.Collect$$libinit$$00000030)
    __rt_lib_init_fp_1                       0x08000123   Thumb Code     0  libinit2.o(.ARM.Collect$$libinit$$00000002)
    __rt_lib_init_fp_trap_1                  0x08000123   Thumb Code     0  libinit2.o(.ARM.Collect$$libinit$$0000001F)
    __rt_lib_init_getenv_1                   0x08000123   Thumb Code     0  libinit2.o(.ARM.Collect$$libinit$$00000023)
    __rt_lib_init_heap_1                     0x08000123   Thumb Code     0  libinit2.o(.ARM.Collect$$libinit$$0000000A)
    __rt_lib_init_lc_collate_1               0x08000123   Thumb Code     0  libinit2.o(.ARM.Collect$$libinit$$00000011)
    __rt_lib_init_lc_ctype_1                 0x08000123   Thumb Code     0  libinit2.o(.ARM.Collect$$libinit$$00000013)
    __rt_lib_init_lc_monetary_1              0x08000123   Thumb Code     0  libinit2.o(.ARM.Collect$$libinit$$00000015)
    __rt_lib_init_lc_numeric_1               0x08000123   Thumb Code     0  libinit2.o(.ARM.Collect$$libinit$$00000017)
    __rt_lib_init_lc_time_1                  0x08000123   Thumb Code     0  libinit2.o(.ARM.Collect$$libinit$$00000019)
    __rt_lib_init_preinit_1                  0x08000123   Thumb Code     0  libinit2.o(.ARM.Collect$$libinit$$00000004)
    __rt_lib_init_rand_1                     0x08000123   Thumb Code     0  libinit2.o(.ARM.Collect$$libinit$$0000000E)
    __rt_lib_init_return                     0x08000123   Thumb Code     0  libinit2.o(.ARM.Collect$$libinit$$00000033)
    __rt_lib_init_signal_1                   0x08000123   Thumb Code     0  libinit2.o(.ARM.Collect$$libinit$$0000001D)
    __rt_lib_init_stdio_1                    0x08000123   Thumb Code     0  libinit2.o(.ARM.Collect$$libinit$$00000025)
    __rt_lib_init_user_alloc_1               0x08000123   Thumb Code     0  libinit2.o(.ARM.Collect$$libinit$$0000000C)
    __rt_lib_shutdown                        0x08000125   Thumb Code     0  libshutdown.o(.ARM.Collect$$libshutdown$$00000000)
    __rt_lib_shutdown_cpp_1                  0x08000127   Thumb Code     0  libshutdown2.o(.ARM.Collect$$libshutdown$$00000002)
    __rt_lib_shutdown_fp_trap_1              0x08000127   Thumb Code     0  libshutdown2.o(.ARM.Collect$$libshutdown$$00000007)
    __rt_lib_shutdown_heap_1                 0x08000127   Thumb Code     0  libshutdown2.o(.ARM.Collect$$libshutdown$$0000000F)
    __rt_lib_shutdown_return                 0x08000127   Thumb Code     0  libshutdown2.o(.ARM.Collect$$libshutdown$$00000010)
    __rt_lib_shutdown_signal_1               0x08000127   Thumb Code     0  libshutdown2.o(.ARM.Collect$$libshutdown$$0000000A)
    __rt_lib_shutdown_stdio_1                0x08000127   Thumb Code     0  libshutdown2.o(.ARM.Collect$$libshutdown$$00000004)
    __rt_lib_shutdown_user_alloc_1           0x08000127   Thumb Code     0  libshutdown2.o(.ARM.Collect$$libshutdown$$0000000C)
    __rt_entry                               0x08000129   Thumb Code     0  __rtentry.o(.ARM.Collect$$rtentry$$00000000)
    __rt_entry_presh_1                       0x08000129   Thumb Code     0  __rtentry2.o(.ARM.Collect$$rtentry$$00000002)
    __rt_entry_sh                            0x08000129   Thumb Code     0  __rtentry4.o(.ARM.Collect$$rtentry$$00000004)
    __rt_entry_li                            0x0800012f   Thumb Code     0  __rtentry2.o(.ARM.Collect$$rtentry$$0000000A)
    __rt_entry_postsh_1                      0x0800012f   Thumb Code     0  __rtentry2.o(.ARM.Collect$$rtentry$$00000009)
    __rt_entry_main                          0x08000133   Thumb Code     0  __rtentry2.o(.ARM.Collect$$rtentry$$0000000D)
    __rt_entry_postli_1                      0x08000133   Thumb Code     0  __rtentry2.o(.ARM.Collect$$rtentry$$0000000C)
    __rt_exit                                0x0800013b   Thumb Code     0  rtexit.o(.ARM.Collect$$rtexit$$00000000)
    __rt_exit_ls                             0x0800013d   Thumb Code     0  rtexit2.o(.ARM.Collect$$rtexit$$00000003)
    __rt_exit_prels_1                        0x0800013d   Thumb Code     0  rtexit2.o(.ARM.Collect$$rtexit$$00000002)
    __rt_exit_exit                           0x08000141   Thumb Code     0  rtexit2.o(.ARM.Collect$$rtexit$$00000004)
    __aeabi_memcpy4                          0x08000149   Thumb Code    56  rt_memcpy.o(.emb_text)
    __aeabi_memcpy8                          0x08000149   Thumb Code     0  rt_memcpy.o(.emb_text)
    main                                     0x08000181   Thumb Code    36  main.o(.text)
    NMI_Handler                              0x080001a9   Thumb Code     2  stm32f0xx_it.o(.text)
    HardFault_Handler                        0x080001ab   Thumb Code     2  stm32f0xx_it.o(.text)
    SVC_Handler                              0x080001ad   Thumb Code     2  stm32f0xx_it.o(.text)
    PendSV_Handler                           0x080001af   Thumb Code     2  stm32f0xx_it.o(.text)
    SysTick_Handler                          0x080001b1   Thumb Code     2  stm32f0xx_it.o(.text)
    TIM16_IRQHandler                         0x080001b3   Thumb Code    30  stm32f0xx_it.o(.text)
    SystemInit                               0x080001d5   Thumb Code    84  system_stm32f0xx.o(.text)
    SystemCoreClockUpdate                    0x08000229   Thumb Code    90  system_stm32f0xx.o(.text)
    init_task                                0x08000311   Thumb Code   156  app.o(.text)
    test_task                                0x080003ad   Thumb Code    56  app.o(.text)
    Set_ReleaseGas_flag                      0x08000421   Thumb Code     8  comm_task.o(.text)
    Reset_ReleaseGas_flag                    0x08000429   Thumb Code     8  comm_task.o(.text)
    init_PWMState                            0x08000431   Thumb Code    40  comm_task.o(.text)
    stop_motors_base_on_Pump                 0x08000459   Thumb Code    10  comm_task.o(.text)
    start_motors_base_on_pump                0x08000463   Thumb Code    56  comm_task.o(.text)
    LED_Blink_for_alert                      0x0800049b   Thumb Code   164  comm_task.o(.text)
    No_Hand_IN_PLACE                         0x0800053f   Thumb Code   158  comm_task.o(.text)
    Red_LED_Blink                            0x080005dd   Thumb Code   124  comm_task.o(.text)
    CalcCheckSum                             0x08000659   Thumb Code    34  comm_task.o(.text)
    TaskDataSend                             0x08000741   Thumb Code    58  comm_task.o(.text)
    InitKeyWakeUpTiming                      0x0800077b   Thumb Code    14  comm_task.o(.text)
    Reset_Timing_Parameter                   0x08000789   Thumb Code    60  comm_task.o(.text)
    Is_timing_Xmillisec                      0x080007c5   Thumb Code   238  comm_task.o(.text)
    judge_total_PWM3_wait_between_cnt        0x080008b3   Thumb Code    54  comm_task.o(.text)
    PaintPWM                                 0x080008e9   Thumb Code  1258  comm_task.o(.text)
    ResetParameter                           0x08000dd3   Thumb Code    32  comm_task.o(.text)
    CheckFlashData                           0x08000df3   Thumb Code   138  comm_task.o(.text)
    FillUpPWMbuffer                          0x08000e7d   Thumb Code    96  comm_task.o(.text)
    get_switch_mode                          0x08000edd   Thumb Code   294  comm_task.o(.text)
    ReleaseGas                               0x08001003   Thumb Code   116  comm_task.o(.text)
    usb_charge_battery                       0x08001077   Thumb Code   406  comm_task.o(.text)
    diff_of_two_values                       0x0800120d   Thumb Code    14  comm_task.o(.text)
    self_test                                0x0800121b   Thumb Code   954  comm_task.o(.text)
    led_blink_beep                           0x080015d5   Thumb Code   542  comm_task.o(.text)
    Detect_battery_and_tmp                   0x080017f3   Thumb Code   298  comm_task.o(.text)
    reset_hand_detect_state                  0x0800191d   Thumb Code    18  comm_task.o(.text)
    DetectPalm                               0x0800192f   Thumb Code   332  comm_task.o(.text)
    get_pressure_sensor_rate                 0x08001a7b   Thumb Code    42  comm_task.o(.text)
    check_selectedMode_ouputPWM              0x08001aa5   Thumb Code   474  comm_task.o(.text)
    CMD_ProcessTask                          0x08001c7f   Thumb Code    32  comm_task.o(.text)
    CfgWFI                                   0x08001cc9   Thumb Code   150  key_power_on_task.o(.text)
    Check_USB_pull_or_push                   0x08001d5f   Thumb Code   284  key_power_on_task.o(.text)
    EXTI0_1_IRQHandler                       0x08001e7b   Thumb Code    68  key_power_on_task.o(.text)
    EXTI4_15_IRQHandler                      0x08001ebf   Thumb Code    56  key_power_on_task.o(.text)
    Init_gloab_viriable                      0x08001ef7   Thumb Code   296  key_power_on_task.o(.text)
    release_gas_before_sleep                 0x0800201f   Thumb Code   104  key_power_on_task.o(.text)
    init_system_afterWakeUp                  0x08002087   Thumb Code    26  key_power_on_task.o(.text)
    CfgALLPins4StopMode                      0x080020a1   Thumb Code   812  key_power_on_task.o(.text)
    EnterStopMode                            0x080023cd   Thumb Code    36  key_power_on_task.o(.text)
    Init_RecordPage                          0x080023f1   Thumb Code    60  key_power_on_task.o(.text)
    reset_dateTime                           0x0800242d   Thumb Code    58  key_power_on_task.o(.text)
    record_dateTime                          0x08002467   Thumb Code   164  key_power_on_task.o(.text)
    key_power_on_task                        0x0800250b   Thumb Code   292  key_power_on_task.o(.text)
    protocol_module_send_train_data_check_sum 0x08002661   Thumb Code    58  protocol_module.o(.text)
    get_comm_para_to_buf                     0x0800269b   Thumb Code    48  protocol_module.o(.text)
    FlashWrite                               0x080026cb   Thumb Code    80  protocol_module.o(.text)
    get_parameter_to_buf_by_frameId          0x0800271b   Thumb Code   462  protocol_module.o(.text)
    send_para_rcv_result                     0x080028e9   Thumb Code    48  protocol_module.o(.text)
    FlashReadWord                            0x08002919   Thumb Code     4  protocol_module.o(.text)
    FlashRead                                0x0800291d   Thumb Code    26  protocol_module.o(.text)
    send_prameter_fram1_to_PC                0x08002937   Thumb Code   118  protocol_module.o(.text)
    send_prameter_fram2_to_PC                0x080029ad   Thumb Code    74  protocol_module.o(.text)
    send_prameter_fram3_to_PC                0x080029f7   Thumb Code    74  protocol_module.o(.text)
    FlashWriteUIntBuffer                     0x08002a41   Thumb Code    80  protocol_module.o(.text)
    FlashReadByte                            0x08002a91   Thumb Code     4  protocol_module.o(.text)
    cal_pressure_rate                        0x08002a95   Thumb Code    64  protocol_module.o(.text)
    send_cal_reslut_2_PC                     0x08002ad5   Thumb Code   136  protocol_module.o(.text)
    calibrate_sensor_by_ID                   0x08002b5d   Thumb Code    64  protocol_module.o(.text)
    send_RTC_SYN_finish                      0x08002b9d   Thumb Code    44  protocol_module.o(.text)
    get_rtc_record_number                    0x08002bc9   Thumb Code    24  protocol_module.o(.text)
    send_RTC_record_numbers                  0x08002be1   Thumb Code    60  protocol_module.o(.text)
    send_one_frame_data                      0x08002c1d   Thumb Code    90  protocol_module.o(.text)
    get_page_num                             0x08002c77   Thumb Code    18  protocol_module.o(.text)
    send_rtc_info                            0x08002c89   Thumb Code   234  protocol_module.o(.text)
    getFrameNo                               0x08002d73   Thumb Code    16  protocol_module.o(.text)
    protocol_module_process                  0x08002d83   Thumb Code   194  protocol_module.o(.text)
    Delay                                    0x08002e61   Thumb Code    10  common.o(.text)
    Delay_us                                 0x08002e6b   Thumb Code     8  common.o(.text)
    Delay_ms                                 0x08002e73   Thumb Code    10  common.o(.text)
    delay_init                               0x08002e81   Thumb Code    36  delay.o(.text)
    delay_us                                 0x08002ea5   Thumb Code    46  delay.o(.text)
    delay_ms                                 0x08002ed3   Thumb Code    46  delay.o(.text)
    fifoInit                                 0x08002f11   Thumb Code    14  fifo.o(.text)
    fifoReset                                0x08002f1f   Thumb Code    10  fifo.o(.text)
    fifoIsFull                               0x08002f29   Thumb Code    16  fifo.o(.text)
    fifoCnt                                  0x08002f39   Thumb Code     4  fifo.o(.text)
    fifoWriteData                            0x08002f3d   Thumb Code    64  fifo.o(.text)
    fifoReadData                             0x08002f7d   Thumb Code    58  fifo.o(.text)
    Init_Receive                             0x08002fb7   Thumb Code    14  cmd_receive.o(.text)
    Buf2Write                                0x08002fc5   Thumb Code    20  cmd_receive.o(.text)
    Buf2Read                                 0x08002fd9   Thumb Code    20  cmd_receive.o(.text)
    GetBuf2Length                            0x08002fed   Thumb Code    14  cmd_receive.o(.text)
    ReceiveData                              0x08002ffb   Thumb Code    78  cmd_receive.o(.text)
    UARTInit                                 0x08003049   Thumb Code   242  serial_port.o(.text)
    UartSendNBytes                           0x0800313b   Thumb Code    24  serial_port.o(.text)
    GetUartReceiverResidualCnt               0x08003153   Thumb Code    12  serial_port.o(.text)
    I2C_uConfiguration                       0x08003169   Thumb Code    40  i2c.o(.text)
    I2C_SDA_OUT                              0x08003191   Thumb Code    34  i2c.o(.text)
    I2C_SDA_IN                               0x080031b3   Thumb Code    34  i2c.o(.text)
    I2C_Start                                0x080031d5   Thumb Code    40  i2c.o(.text)
    I2C_Stop                                 0x080031fd   Thumb Code    34  i2c.o(.text)
    I2C_SendAck                              0x0800321f   Thumb Code    38  i2c.o(.text)
    I2C_SendNak                              0x08003245   Thumb Code    38  i2c.o(.text)
    I2C_RecAck                               0x0800326b   Thumb Code    68  i2c.o(.text)
    I2C_SendByte                             0x080032af   Thumb Code    66  i2c.o(.text)
    I2C_RecByte                              0x080032f1   Thumb Code    60  i2c.o(.text)
    ADS115_enter_power_down_mode             0x0800332d   Thumb Code    28  i2c.o(.text)
    Init_ADS115                              0x08003349   Thumb Code    56  i2c.o(.text)
    ADS115_readByte                          0x08003381   Thumb Code    86  i2c.o(.text)
    init_tim                                 0x080033e5   Thumb Code    94  hardware.o(.text)
    set_led                                  0x08003443   Thumb Code    88  hardware.o(.text)
    Init_LED                                 0x0800349b   Thumb Code    72  hardware.o(.text)
    Init_PWRSAVE                             0x080034e3   Thumb Code    44  hardware.o(.text)
    Init_Valve                               0x0800350f   Thumb Code    42  hardware.o(.text)
    Init_Switch_Mode                         0x08003539   Thumb Code    28  hardware.o(.text)
    Init_Bat_Charge_Stby                     0x08003555   Thumb Code    26  hardware.o(.text)
    Init_PWR_EN                              0x0800356f   Thumb Code    44  hardware.o(.text)
    Init_PWR_ON_OFF                          0x0800359b   Thumb Code    24  hardware.o(.text)
    Init_SWITCH_ON_OFF                       0x080035b3   Thumb Code    22  hardware.o(.text)
    Init_USB_OE                              0x080035c9   Thumb Code    22  hardware.o(.text)
    Calibrate_pressure_sensor                0x080035df   Thumb Code    68  hardware.o(.text)
    Init_ADC1                                0x08003623   Thumb Code   240  hardware.o(.text)
    init_hardware                            0x08003713   Thumb Code    62  hardware.o(.text)
    get_key_status                           0x08003751   Thumb Code    14  hardware.o(.text)
    save_one_page_to_flash                   0x0800375f   Thumb Code     4  hardware.o(.text)
    read_one_page_from_flash                 0x08003763   Thumb Code     2  hardware.o(.text)
    save_half_word_to_flash                  0x08003765   Thumb Code     4  hardware.o(.text)
    read_half_word_from_flash                0x08003769   Thumb Code     2  hardware.o(.text)
    save_half_word_buf_to_eeprom             0x0800376b   Thumb Code     4  hardware.o(.text)
    read_half_word_buf_from_eeprom           0x0800376f   Thumb Code     2  hardware.o(.text)
    Key_WakeUp_Init                          0x08003771   Thumb Code    30  hardware.o(.text)
    Motor_PWM_Init                           0x080038f3   Thumb Code    12  motor_pwm.o(.text)
    Motor_PWM_Freq_Dudy_Set                  0x080038ff   Thumb Code   174  motor_pwm.o(.text)
    Get_DataTime                             0x08003a85   Thumb Code    20  rtc.o(.text)
    chage_to_RCT_month                       0x08003a99   Thumb Code    24  rtc.o(.text)
    RTC_Config                               0x08003ab1   Thumb Code    62  rtc.o(.text)
    Set_RTC                                  0x08003aef   Thumb Code    88  rtc.o(.text)
    os_start                                 0x08003b4d   Thumb Code    54  os_core.o(.text)
    os_create_task                           0x08003b83   Thumb Code    26  os_core.o(.text)
    os_resume_task                           0x08003b9d   Thumb Code    18  os_core.o(.text)
    os_pend_task                             0x08003baf   Thumb Code    18  os_core.o(.text)
    os_delay_ms                              0x08003bc1   Thumb Code    38  os_core.o(.text)
    os_isr_ticks                             0x08003be7   Thumb Code    10  os_core.o(.text)
    os_init                                  0x08003bf1   Thumb Code     8  os_core.o(.text)
    Init_sysTick                             0x08003bf9   Thumb Code     2  os_core.o(.text)
    Reset_Handler                            0x08003c05   Thumb Code     8  startup_stm32f0xx.o(.text)
    ADC1_COMP_IRQHandler                     0x08003c17   Thumb Code     0  startup_stm32f0xx.o(.text)
    CEC_IRQHandler                           0x08003c17   Thumb Code     0  startup_stm32f0xx.o(.text)
    DMA1_Channel1_IRQHandler                 0x08003c17   Thumb Code     0  startup_stm32f0xx.o(.text)
    DMA1_Channel2_3_IRQHandler               0x08003c17   Thumb Code     0  startup_stm32f0xx.o(.text)
    DMA1_Channel4_5_IRQHandler               0x08003c17   Thumb Code     0  startup_stm32f0xx.o(.text)
    EXTI2_3_IRQHandler                       0x08003c17   Thumb Code     0  startup_stm32f0xx.o(.text)
    FLASH_IRQHandler                         0x08003c17   Thumb Code     0  startup_stm32f0xx.o(.text)
    I2C1_IRQHandler                          0x08003c17   Thumb Code     0  startup_stm32f0xx.o(.text)
    I2C2_IRQHandler                          0x08003c17   Thumb Code     0  startup_stm32f0xx.o(.text)
    PVD_IRQHandler                           0x08003c17   Thumb Code     0  startup_stm32f0xx.o(.text)
    RCC_IRQHandler                           0x08003c17   Thumb Code     0  startup_stm32f0xx.o(.text)
    RTC_IRQHandler                           0x08003c17   Thumb Code     0  startup_stm32f0xx.o(.text)
    SPI1_IRQHandler                          0x08003c17   Thumb Code     0  startup_stm32f0xx.o(.text)
    SPI2_IRQHandler                          0x08003c17   Thumb Code     0  startup_stm32f0xx.o(.text)
    TIM14_IRQHandler                         0x08003c17   Thumb Code     0  startup_stm32f0xx.o(.text)
    TIM15_IRQHandler                         0x08003c17   Thumb Code     0  startup_stm32f0xx.o(.text)
    TIM17_IRQHandler                         0x08003c17   Thumb Code     0  startup_stm32f0xx.o(.text)
    TIM1_BRK_UP_TRG_COM_IRQHandler           0x08003c17   Thumb Code     0  startup_stm32f0xx.o(.text)
    TIM1_CC_IRQHandler                       0x08003c17   Thumb Code     0  startup_stm32f0xx.o(.text)
    TIM2_IRQHandler                          0x08003c17   Thumb Code     0  startup_stm32f0xx.o(.text)
    TIM3_IRQHandler                          0x08003c17   Thumb Code     0  startup_stm32f0xx.o(.text)
    TIM6_DAC_IRQHandler                      0x08003c17   Thumb Code     0  startup_stm32f0xx.o(.text)
    TS_IRQHandler                            0x08003c17   Thumb Code     0  startup_stm32f0xx.o(.text)
    USART1_IRQHandler                        0x08003c17   Thumb Code     0  startup_stm32f0xx.o(.text)
    USART2_IRQHandler                        0x08003c17   Thumb Code     0  startup_stm32f0xx.o(.text)
    WWDG_IRQHandler                          0x08003c17   Thumb Code     0  startup_stm32f0xx.o(.text)
    __user_initial_stackheap                 0x08003c19   Thumb Code     0  startup_stm32f0xx.o(.text)
    GPIO_DeInit                              0x08003c3d   Thumb Code    78  stm32f0xx_gpio.o(.text)
    GPIO_Init                                0x08003c8b   Thumb Code   112  stm32f0xx_gpio.o(.text)
    GPIO_StructInit                          0x08003cfb   Thumb Code    18  stm32f0xx_gpio.o(.text)
    GPIO_PinLockConfig                       0x08003d0d   Thumb Code    26  stm32f0xx_gpio.o(.text)
    GPIO_ReadInputDataBit                    0x08003d27   Thumb Code    14  stm32f0xx_gpio.o(.text)
    GPIO_ReadInputData                       0x08003d35   Thumb Code     4  stm32f0xx_gpio.o(.text)
    GPIO_ReadOutputDataBit                   0x08003d39   Thumb Code    14  stm32f0xx_gpio.o(.text)
    GPIO_ReadOutputData                      0x08003d47   Thumb Code     4  stm32f0xx_gpio.o(.text)
    GPIO_SetBits                             0x08003d4b   Thumb Code     4  stm32f0xx_gpio.o(.text)
    GPIO_ResetBits                           0x08003d4f   Thumb Code     4  stm32f0xx_gpio.o(.text)
    GPIO_WriteBit                            0x08003d53   Thumb Code    12  stm32f0xx_gpio.o(.text)
    GPIO_Write                               0x08003d5f   Thumb Code     4  stm32f0xx_gpio.o(.text)
    GPIO_PinAFConfig                         0x08003d63   Thumb Code    32  stm32f0xx_gpio.o(.text)
    RCC_DeInit                               0x08003d99   Thumb Code    78  stm32f0xx_rcc.o(.text)
    RCC_HSEConfig                            0x08003de7   Thumb Code    10  stm32f0xx_rcc.o(.text)
    RCC_GetFlagStatus                        0x08003df1   Thumb Code    48  stm32f0xx_rcc.o(.text)
    RCC_WaitForHSEStartUp                    0x08003e21   Thumb Code    44  stm32f0xx_rcc.o(.text)
    RCC_AdjustHSICalibrationValue            0x08003e4d   Thumb Code    16  stm32f0xx_rcc.o(.text)
    RCC_HSICmd                               0x08003e5d   Thumb Code    22  stm32f0xx_rcc.o(.text)
    RCC_AdjustHSI14CalibrationValue          0x08003e73   Thumb Code    16  stm32f0xx_rcc.o(.text)
    RCC_HSI14Cmd                             0x08003e83   Thumb Code    22  stm32f0xx_rcc.o(.text)
    RCC_HSI14ADCRequestCmd                   0x08003e99   Thumb Code    20  stm32f0xx_rcc.o(.text)
    RCC_LSEConfig                            0x08003ead   Thumb Code    26  stm32f0xx_rcc.o(.text)
    RCC_LSEDriveConfig                       0x08003ec7   Thumb Code    18  stm32f0xx_rcc.o(.text)
    RCC_LSICmd                               0x08003ed9   Thumb Code    22  stm32f0xx_rcc.o(.text)
    RCC_PLLConfig                            0x08003eef   Thumb Code    24  stm32f0xx_rcc.o(.text)
    RCC_PLLCmd                               0x08003f07   Thumb Code    22  stm32f0xx_rcc.o(.text)
    RCC_PREDIV1Config                        0x08003f1d   Thumb Code    14  stm32f0xx_rcc.o(.text)
    RCC_ClockSecuritySystemCmd               0x08003f2b   Thumb Code    22  stm32f0xx_rcc.o(.text)
    RCC_MCOConfig                            0x08003f41   Thumb Code     6  stm32f0xx_rcc.o(.text)
    RCC_SYSCLKConfig                         0x08003f47   Thumb Code    14  stm32f0xx_rcc.o(.text)
    RCC_GetSYSCLKSource                      0x08003f55   Thumb Code    10  stm32f0xx_rcc.o(.text)
    RCC_HCLKConfig                           0x08003f5f   Thumb Code    14  stm32f0xx_rcc.o(.text)
    RCC_PCLKConfig                           0x08003f6d   Thumb Code    16  stm32f0xx_rcc.o(.text)
    RCC_ADCCLKConfig                         0x08003f7d   Thumb Code    38  stm32f0xx_rcc.o(.text)
    RCC_CECCLKConfig                         0x08003fa3   Thumb Code    18  stm32f0xx_rcc.o(.text)
    RCC_I2CCLKConfig                         0x08003fb5   Thumb Code    18  stm32f0xx_rcc.o(.text)
    RCC_USARTCLKConfig                       0x08003fc7   Thumb Code    18  stm32f0xx_rcc.o(.text)
    RCC_GetClocksFreq                        0x08003fd9   Thumb Code   208  stm32f0xx_rcc.o(.text)
    RCC_RTCCLKConfig                         0x080040a9   Thumb Code    10  stm32f0xx_rcc.o(.text)
    RCC_RTCCLKCmd                            0x080040b3   Thumb Code    20  stm32f0xx_rcc.o(.text)
    RCC_BackupResetCmd                       0x080040c7   Thumb Code    22  stm32f0xx_rcc.o(.text)
    RCC_AHBPeriphClockCmd                    0x080040dd   Thumb Code    18  stm32f0xx_rcc.o(.text)
    RCC_APB2PeriphClockCmd                   0x080040ef   Thumb Code    18  stm32f0xx_rcc.o(.text)
    RCC_APB1PeriphClockCmd                   0x08004101   Thumb Code    18  stm32f0xx_rcc.o(.text)
    RCC_AHBPeriphResetCmd                    0x08004113   Thumb Code    18  stm32f0xx_rcc.o(.text)
    RCC_APB2PeriphResetCmd                   0x08004125   Thumb Code    18  stm32f0xx_rcc.o(.text)
    RCC_APB1PeriphResetCmd                   0x08004137   Thumb Code    18  stm32f0xx_rcc.o(.text)
    RCC_ITConfig                             0x08004149   Thumb Code    18  stm32f0xx_rcc.o(.text)
    RCC_ClearFlag                            0x0800415b   Thumb Code    14  stm32f0xx_rcc.o(.text)
    RCC_GetITStatus                          0x08004169   Thumb Code    48  stm32f0xx_rcc.o(.text)
    RCC_ClearITPendingBit                    0x08004199   Thumb Code     6  stm32f0xx_rcc.o(.text)
    NVIC_Init                                0x080041a5   Thumb Code    70  stm32f0xx_misc.o(.text)
    NVIC_SystemLPConfig                      0x080041eb   Thumb Code    18  stm32f0xx_misc.o(.text)
    SysTick_CLKSourceConfig                  0x080041fd   Thumb Code    20  stm32f0xx_misc.o(.text)
    USART_DeInit                             0x08004221   Thumb Code    54  stm32f0xx_usart.o(.text)
    USART_Init                               0x08004257   Thumb Code   166  stm32f0xx_usart.o(.text)
    USART_StructInit                         0x080042fd   Thumb Code    22  stm32f0xx_usart.o(.text)
    USART_ClockInit                          0x08004313   Thumb Code    28  stm32f0xx_usart.o(.text)
    USART_ClockStructInit                    0x0800432f   Thumb Code    12  stm32f0xx_usart.o(.text)
    USART_Cmd                                0x0800433b   Thumb Code    20  stm32f0xx_usart.o(.text)
    USART_DirectionModeCmd                   0x0800434f   Thumb Code    16  stm32f0xx_usart.o(.text)
    USART_OverSampling8Cmd                   0x0800435f   Thumb Code    20  stm32f0xx_usart.o(.text)
    USART_OneBitMethodCmd                    0x08004373   Thumb Code    20  stm32f0xx_usart.o(.text)
    USART_MSBFirstCmd                        0x08004387   Thumb Code    20  stm32f0xx_usart.o(.text)
    USART_DataInvCmd                         0x0800439b   Thumb Code    20  stm32f0xx_usart.o(.text)
    USART_InvPinCmd                          0x080043af   Thumb Code    16  stm32f0xx_usart.o(.text)
    USART_SWAPPinCmd                         0x080043bf   Thumb Code    20  stm32f0xx_usart.o(.text)
    USART_ReceiverTimeOutCmd                 0x080043d3   Thumb Code    20  stm32f0xx_usart.o(.text)
    USART_SetReceiverTimeOut                 0x080043e7   Thumb Code    16  stm32f0xx_usart.o(.text)
    USART_SetPrescaler                       0x080043f7   Thumb Code    16  stm32f0xx_usart.o(.text)
    USART_STOPModeCmd                        0x08004407   Thumb Code    18  stm32f0xx_usart.o(.text)
    USART_StopModeWakeUpSourceConfig         0x08004419   Thumb Code    18  stm32f0xx_usart.o(.text)
    USART_AutoBaudRateCmd                    0x0800442b   Thumb Code    20  stm32f0xx_usart.o(.text)
    USART_AutoBaudRateConfig                 0x0800443f   Thumb Code    18  stm32f0xx_usart.o(.text)
    USART_AutoBaudRateNewRequest             0x08004451   Thumb Code    12  stm32f0xx_usart.o(.text)
    USART_SendData                           0x0800445d   Thumb Code     8  stm32f0xx_usart.o(.text)
    USART_ReceiveData                        0x08004465   Thumb Code     8  stm32f0xx_usart.o(.text)
    USART_SetAddress                         0x0800446d   Thumb Code    18  stm32f0xx_usart.o(.text)
    USART_MuteModeCmd                        0x0800447f   Thumb Code    20  stm32f0xx_usart.o(.text)
    USART_MuteModeWakeUpConfig               0x08004493   Thumb Code    18  stm32f0xx_usart.o(.text)
    USART_AddressDetectionConfig             0x080044a5   Thumb Code    16  stm32f0xx_usart.o(.text)
    USART_LINBreakDetectLengthConfig         0x080044b5   Thumb Code    16  stm32f0xx_usart.o(.text)
    USART_LINCmd                             0x080044c5   Thumb Code    20  stm32f0xx_usart.o(.text)
    USART_HalfDuplexCmd                      0x080044d9   Thumb Code    18  stm32f0xx_usart.o(.text)
    USART_SetGuardTime                       0x080044eb   Thumb Code    16  stm32f0xx_usart.o(.text)
    USART_SmartCardCmd                       0x080044fb   Thumb Code    18  stm32f0xx_usart.o(.text)
    USART_SmartCardNACKCmd                   0x0800450d   Thumb Code    18  stm32f0xx_usart.o(.text)
    USART_SetAutoRetryCount                  0x0800451f   Thumb Code    20  stm32f0xx_usart.o(.text)
    USART_SetBlockLength                     0x08004533   Thumb Code    18  stm32f0xx_usart.o(.text)
    USART_IrDAConfig                         0x08004545   Thumb Code    16  stm32f0xx_usart.o(.text)
    USART_IrDACmd                            0x08004555   Thumb Code    18  stm32f0xx_usart.o(.text)
    USART_DECmd                              0x08004567   Thumb Code    20  stm32f0xx_usart.o(.text)
    USART_DEPolarityConfig                   0x0800457b   Thumb Code    18  stm32f0xx_usart.o(.text)
    USART_SetDEAssertionTime                 0x0800458d   Thumb Code    20  stm32f0xx_usart.o(.text)
    USART_SetDEDeassertionTime               0x080045a1   Thumb Code    20  stm32f0xx_usart.o(.text)
    USART_DMACmd                             0x080045b5   Thumb Code    16  stm32f0xx_usart.o(.text)
    USART_DMAReceptionErrorConfig            0x080045c5   Thumb Code    18  stm32f0xx_usart.o(.text)
    USART_ITConfig                           0x080045d7   Thumb Code    54  stm32f0xx_usart.o(.text)
    USART_RequestCmd                         0x0800460d   Thumb Code    16  stm32f0xx_usart.o(.text)
    USART_OverrunDetectionConfig             0x0800461d   Thumb Code    18  stm32f0xx_usart.o(.text)
    USART_GetFlagStatus                      0x0800462f   Thumb Code    14  stm32f0xx_usart.o(.text)
    USART_ClearFlag                          0x0800463d   Thumb Code     4  stm32f0xx_usart.o(.text)
    USART_GetITStatus                        0x08004641   Thumb Code    56  stm32f0xx_usart.o(.text)
    USART_ClearITPendingBit                  0x08004679   Thumb Code    10  stm32f0xx_usart.o(.text)
    TIM_DeInit                               0x08004685   Thumb Code   152  stm32f0xx_tim.o(.text)
    TIM_TimeBaseInit                         0x0800471d   Thumb Code    88  stm32f0xx_tim.o(.text)
    TIM_TimeBaseStructInit                   0x08004775   Thumb Code    18  stm32f0xx_tim.o(.text)
    TIM_PrescalerConfig                      0x08004787   Thumb Code     6  stm32f0xx_tim.o(.text)
    TIM_CounterModeConfig                    0x0800478d   Thumb Code    12  stm32f0xx_tim.o(.text)
    TIM_SetCounter                           0x08004799   Thumb Code     4  stm32f0xx_tim.o(.text)
    TIM_SetAutoreload                        0x0800479d   Thumb Code     4  stm32f0xx_tim.o(.text)
    TIM_GetCounter                           0x080047a1   Thumb Code     4  stm32f0xx_tim.o(.text)
    TIM_GetPrescaler                         0x080047a5   Thumb Code     4  stm32f0xx_tim.o(.text)
    TIM_UpdateDisableConfig                  0x080047a9   Thumb Code    18  stm32f0xx_tim.o(.text)
    TIM_UpdateRequestConfig                  0x080047bb   Thumb Code    18  stm32f0xx_tim.o(.text)
    TIM_ARRPreloadConfig                     0x080047cd   Thumb Code    18  stm32f0xx_tim.o(.text)
    TIM_SelectOnePulseMode                   0x080047df   Thumb Code    16  stm32f0xx_tim.o(.text)
    TIM_SetClockDivision                     0x080047ef   Thumb Code    16  stm32f0xx_tim.o(.text)
    TIM_Cmd                                  0x080047ff   Thumb Code    20  stm32f0xx_tim.o(.text)
    TIM_BDTRConfig                           0x08004813   Thumb Code    34  stm32f0xx_tim.o(.text)
    TIM_BDTRStructInit                       0x08004835   Thumb Code    18  stm32f0xx_tim.o(.text)
    TIM_CtrlPWMOutputs                       0x08004847   Thumb Code    24  stm32f0xx_tim.o(.text)
    TIM_OC1Init                              0x0800485f   Thumb Code   104  stm32f0xx_tim.o(.text)
    TIM_OC2Init                              0x080048c7   Thumb Code   110  stm32f0xx_tim.o(.text)
    TIM_OC3Init                              0x08004935   Thumb Code   110  stm32f0xx_tim.o(.text)
    TIM_OC4Init                              0x080049a3   Thumb Code    78  stm32f0xx_tim.o(.text)
    TIM_OCStructInit                         0x080049f1   Thumb Code    20  stm32f0xx_tim.o(.text)
    TIM_SelectOCxM                           0x08004a05   Thumb Code    70  stm32f0xx_tim.o(.text)
    TIM_SetCompare1                          0x08004a4b   Thumb Code     4  stm32f0xx_tim.o(.text)
    TIM_SetCompare2                          0x08004a4f   Thumb Code     4  stm32f0xx_tim.o(.text)
    TIM_SetCompare3                          0x08004a53   Thumb Code     4  stm32f0xx_tim.o(.text)
    TIM_SetCompare4                          0x08004a57   Thumb Code     4  stm32f0xx_tim.o(.text)
    TIM_ForcedOC1Config                      0x08004a5b   Thumb Code    86  stm32f0xx_tim.o(.text)
    TIM_ForcedOC2Config                      0x08004ab1   Thumb Code    14  stm32f0xx_tim.o(.text)
    TIM_ForcedOC3Config                      0x08004abf   Thumb Code    12  stm32f0xx_tim.o(.text)
    TIM_ForcedOC4Config                      0x08004acb   Thumb Code    14  stm32f0xx_tim.o(.text)
    TIM_CCPreloadControl                     0x08004ad9   Thumb Code    20  stm32f0xx_tim.o(.text)
    TIM_OC1PreloadConfig                     0x08004aed   Thumb Code    12  stm32f0xx_tim.o(.text)
    TIM_OC2PreloadConfig                     0x08004af9   Thumb Code    14  stm32f0xx_tim.o(.text)
    TIM_OC3PreloadConfig                     0x08004b07   Thumb Code    12  stm32f0xx_tim.o(.text)
    TIM_OC4PreloadConfig                     0x08004b13   Thumb Code    14  stm32f0xx_tim.o(.text)
    TIM_OC1FastConfig                        0x08004b21   Thumb Code    12  stm32f0xx_tim.o(.text)
    TIM_OC2FastConfig                        0x08004b2d   Thumb Code    14  stm32f0xx_tim.o(.text)
    TIM_OC3FastConfig                        0x08004b3b   Thumb Code    12  stm32f0xx_tim.o(.text)
    TIM_OC4FastConfig                        0x08004b47   Thumb Code    14  stm32f0xx_tim.o(.text)
    TIM_ClearOC1Ref                          0x08004b55   Thumb Code    12  stm32f0xx_tim.o(.text)
    TIM_ClearOC2Ref                          0x08004b61   Thumb Code    14  stm32f0xx_tim.o(.text)
    TIM_ClearOC3Ref                          0x08004b6f   Thumb Code    12  stm32f0xx_tim.o(.text)
    TIM_ClearOC4Ref                          0x08004b7b   Thumb Code    14  stm32f0xx_tim.o(.text)
    TIM_OC1PolarityConfig                    0x08004b89   Thumb Code    12  stm32f0xx_tim.o(.text)
    TIM_OC1NPolarityConfig                   0x08004b95   Thumb Code    12  stm32f0xx_tim.o(.text)
    TIM_OC2PolarityConfig                    0x08004ba1   Thumb Code    14  stm32f0xx_tim.o(.text)
    TIM_OC2NPolarityConfig                   0x08004baf   Thumb Code    14  stm32f0xx_tim.o(.text)
    TIM_OC3PolarityConfig                    0x08004bbd   Thumb Code    14  stm32f0xx_tim.o(.text)
    TIM_OC3NPolarityConfig                   0x08004bcb   Thumb Code    14  stm32f0xx_tim.o(.text)
    TIM_OC4PolarityConfig                    0x08004bd9   Thumb Code    14  stm32f0xx_tim.o(.text)
    TIM_SelectOCREFClear                     0x08004be7   Thumb Code    16  stm32f0xx_tim.o(.text)
    TIM_CCxCmd                               0x08004bf7   Thumb Code    22  stm32f0xx_tim.o(.text)
    TIM_CCxNCmd                              0x08004c0d   Thumb Code    22  stm32f0xx_tim.o(.text)
    TIM_SelectCOM                            0x08004c23   Thumb Code    18  stm32f0xx_tim.o(.text)
    TIM_SetIC4Prescaler                      0x08004c35   Thumb Code    18  stm32f0xx_tim.o(.text)
    TIM_SetIC3Prescaler                      0x08004c47   Thumb Code    16  stm32f0xx_tim.o(.text)
    TIM_SetIC2Prescaler                      0x08004c57   Thumb Code    18  stm32f0xx_tim.o(.text)
    TIM_SetIC1Prescaler                      0x08004c93   Thumb Code    16  stm32f0xx_tim.o(.text)
    TIM_ICInit                               0x08004ccb   Thumb Code   162  stm32f0xx_tim.o(.text)
    TIM_ICStructInit                         0x08004d6d   Thumb Code    16  stm32f0xx_tim.o(.text)
    TIM_PWMIConfig                           0x08004d7d   Thumb Code   104  stm32f0xx_tim.o(.text)
    TIM_GetCapture1                          0x08004de5   Thumb Code     4  stm32f0xx_tim.o(.text)
    TIM_GetCapture2                          0x08004de9   Thumb Code     4  stm32f0xx_tim.o(.text)
    TIM_GetCapture3                          0x08004ded   Thumb Code     4  stm32f0xx_tim.o(.text)
    TIM_GetCapture4                          0x08004df1   Thumb Code     4  stm32f0xx_tim.o(.text)
    TIM_ITConfig                             0x08004df5   Thumb Code    16  stm32f0xx_tim.o(.text)
    TIM_GenerateEvent                        0x08004e05   Thumb Code     4  stm32f0xx_tim.o(.text)
    TIM_GetFlagStatus                        0x08004e09   Thumb Code    14  stm32f0xx_tim.o(.text)
    TIM_ClearFlag                            0x08004e17   Thumb Code     6  stm32f0xx_tim.o(.text)
    TIM_GetITStatus                          0x08004e1d   Thumb Code    24  stm32f0xx_tim.o(.text)
    TIM_ClearITPendingBit                    0x08004e35   Thumb Code     6  stm32f0xx_tim.o(.text)
    TIM_DMAConfig                            0x08004e3b   Thumb Code     8  stm32f0xx_tim.o(.text)
    TIM_DMACmd                               0x08004e43   Thumb Code    16  stm32f0xx_tim.o(.text)
    TIM_SelectCCDMA                          0x08004e53   Thumb Code    18  stm32f0xx_tim.o(.text)
    TIM_InternalClockConfig                  0x08004e65   Thumb Code    10  stm32f0xx_tim.o(.text)
    TIM_SelectInputTrigger                   0x08004e6f   Thumb Code    12  stm32f0xx_tim.o(.text)
    TIM_ITRxExternalClockConfig              0x08004e7b   Thumb Code    62  stm32f0xx_tim.o(.text)
    TIM_TIxExternalClockConfig               0x08004eb9   Thumb Code    48  stm32f0xx_tim.o(.text)
    TIM_ETRConfig                            0x08004ee9   Thumb Code    18  stm32f0xx_tim.o(.text)
    TIM_ETRClockMode1Config                  0x08004efb   Thumb Code    28  stm32f0xx_tim.o(.text)
    TIM_ETRClockMode2Config                  0x08004f17   Thumb Code    20  stm32f0xx_tim.o(.text)
    TIM_SelectOutputTrigger                  0x08004f2b   Thumb Code    16  stm32f0xx_tim.o(.text)
    TIM_SelectSlaveMode                      0x08004f3b   Thumb Code    16  stm32f0xx_tim.o(.text)
    TIM_SelectMasterSlaveMode                0x08004f4b   Thumb Code    16  stm32f0xx_tim.o(.text)
    TIM_EncoderInterfaceConfig               0x08004f5b   Thumb Code    42  stm32f0xx_tim.o(.text)
    TIM_SelectHallSensor                     0x08004f85   Thumb Code    18  stm32f0xx_tim.o(.text)
    TIM_RemapConfig                          0x08004f97   Thumb Code     6  stm32f0xx_tim.o(.text)
    DMA_DeInit                               0x08004fa1   Thumb Code   100  stm32f0xx_dma.o(.text)
    DMA_Init                                 0x08005005   Thumb Code    56  stm32f0xx_dma.o(.text)
    DMA_StructInit                           0x0800503d   Thumb Code    26  stm32f0xx_dma.o(.text)
    DMA_Cmd                                  0x08005057   Thumb Code    20  stm32f0xx_dma.o(.text)
    DMA_SetCurrDataCounter                   0x0800506b   Thumb Code     4  stm32f0xx_dma.o(.text)
    DMA_GetCurrDataCounter                   0x0800506f   Thumb Code     6  stm32f0xx_dma.o(.text)
    DMA_ITConfig                             0x08005075   Thumb Code    16  stm32f0xx_dma.o(.text)
    DMA_GetFlagStatus                        0x08005085   Thumb Code    18  stm32f0xx_dma.o(.text)
    DMA_ClearFlag                            0x08005097   Thumb Code     8  stm32f0xx_dma.o(.text)
    DMA_GetITStatus                          0x0800509f   Thumb Code    18  stm32f0xx_dma.o(.text)
    DMA_ClearITPendingBit                    0x080050b1   Thumb Code     8  stm32f0xx_dma.o(.text)
    PWR_DeInit                               0x080050c5   Thumb Code    22  stm32f0xx_pwr.o(.text)
    PWR_BackupAccessCmd                      0x080050db   Thumb Code    20  stm32f0xx_pwr.o(.text)
    PWR_PVDLevelConfig                       0x080050ef   Thumb Code    14  stm32f0xx_pwr.o(.text)
    PWR_PVDCmd                               0x080050fd   Thumb Code    20  stm32f0xx_pwr.o(.text)
    PWR_WakeUpPinCmd                         0x08005111   Thumb Code    18  stm32f0xx_pwr.o(.text)
    PWR_EnterSleepMode                       0x08005123   Thumb Code    22  stm32f0xx_pwr.o(.text)
    PWR_EnterSTOPMode                        0x08005139   Thumb Code    40  stm32f0xx_pwr.o(.text)
    PWR_EnterSTANDBYMode                     0x08005161   Thumb Code    30  stm32f0xx_pwr.o(.text)
    PWR_GetFlagStatus                        0x0800517f   Thumb Code    16  stm32f0xx_pwr.o(.text)
    PWR_ClearFlag                            0x0800518f   Thumb Code    12  stm32f0xx_pwr.o(.text)
    FLASH_SetLatency                         0x080051a5   Thumb Code    14  stm32f0xx_flash.o(.text)
    FLASH_PrefetchBufferCmd                  0x080051b3   Thumb Code    20  stm32f0xx_flash.o(.text)
    FLASH_GetPrefetchBufferStatus            0x080051c7   Thumb Code    14  stm32f0xx_flash.o(.text)
    FLASH_Unlock                             0x080051d5   Thumb Code    18  stm32f0xx_flash.o(.text)
    FLASH_Lock                               0x080051e7   Thumb Code    12  stm32f0xx_flash.o(.text)
    FLASH_GetStatus                          0x080051f3   Thumb Code    34  stm32f0xx_flash.o(.text)
    FLASH_WaitForLastOperation               0x08005215   Thumb Code    34  stm32f0xx_flash.o(.text)
    FLASH_ErasePage                          0x08005237   Thumb Code    52  stm32f0xx_flash.o(.text)
    FLASH_EraseAllPages                      0x0800526b   Thumb Code    48  stm32f0xx_flash.o(.text)
    FLASH_ProgramWord                        0x0800529b   Thumb Code    70  stm32f0xx_flash.o(.text)
    FLASH_ProgramHalfWord                    0x080052e1   Thumb Code    48  stm32f0xx_flash.o(.text)
    FLASH_OB_Unlock                          0x08005311   Thumb Code    18  stm32f0xx_flash.o(.text)
    FLASH_OB_Lock                            0x08005323   Thumb Code    12  stm32f0xx_flash.o(.text)
    FLASH_OB_Launch                          0x0800532f   Thumb Code    14  stm32f0xx_flash.o(.text)
    FLASH_OB_GetRDP                          0x0800533d   Thumb Code    16  stm32f0xx_flash.o(.text)
    FLASH_OB_Erase                           0x0800534d   Thumb Code   106  stm32f0xx_flash.o(.text)
    FLASH_OB_EnableWRP                       0x080053b7   Thumb Code    80  stm32f0xx_flash.o(.text)
    FLASH_OB_RDPConfig                       0x08005407   Thumb Code    82  stm32f0xx_flash.o(.text)
    FLASH_OB_UserConfig                      0x08005459   Thumb Code    64  stm32f0xx_flash.o(.text)
    FLASH_OB_BOOTConfig                      0x08005499   Thumb Code    54  stm32f0xx_flash.o(.text)
    FLASH_OB_VDDAConfig                      0x080054cf   Thumb Code    54  stm32f0xx_flash.o(.text)
    FLASH_OB_SRAMParityConfig                0x08005505   Thumb Code    54  stm32f0xx_flash.o(.text)
    FLASH_OB_WriteUser                       0x0800553b   Thumb Code    54  stm32f0xx_flash.o(.text)
    FLASH_ProgramOptionByteData              0x08005571   Thumb Code    68  stm32f0xx_flash.o(.text)
    FLASH_OB_GetUser                         0x080055b5   Thumb Code    10  stm32f0xx_flash.o(.text)
    FLASH_OB_GetWRP                          0x080055bf   Thumb Code     6  stm32f0xx_flash.o(.text)
    FLASH_ITConfig                           0x080055c5   Thumb Code    18  stm32f0xx_flash.o(.text)
    FLASH_GetFlagStatus                      0x080055d7   Thumb Code    16  stm32f0xx_flash.o(.text)
    FLASH_ClearFlag                          0x080055e7   Thumb Code     6  stm32f0xx_flash.o(.text)
    ADC_DeInit                               0x080055f1   Thumb Code    28  stm32f0xx_adc.o(.text)
    ADC_Init                                 0x0800560d   Thumb Code    38  stm32f0xx_adc.o(.text)
    ADC_StructInit                           0x08005633   Thumb Code    16  stm32f0xx_adc.o(.text)
    ADC_Cmd                                  0x08005643   Thumb Code    18  stm32f0xx_adc.o(.text)
    ADC_JitterCmd                            0x08005655   Thumb Code    16  stm32f0xx_adc.o(.text)
    ADC_AutoPowerOffCmd                      0x08005665   Thumb Code    20  stm32f0xx_adc.o(.text)
    ADC_WaitModeCmd                          0x08005679   Thumb Code    20  stm32f0xx_adc.o(.text)
    ADC_AnalogWatchdogCmd                    0x0800568d   Thumb Code    20  stm32f0xx_adc.o(.text)
    ADC_AnalogWatchdogThresholdsConfig       0x080056a1   Thumb Code     8  stm32f0xx_adc.o(.text)
    ADC_AnalogWatchdogSingleChannelConfig    0x080056a9   Thumb Code    14  stm32f0xx_adc.o(.text)
    ADC_AnalogWatchdogSingleChannelCmd       0x080056b7   Thumb Code    20  stm32f0xx_adc.o(.text)
    ADC_TempSensorCmd                        0x080056cb   Thumb Code    22  stm32f0xx_adc.o(.text)
    ADC_VrefintCmd                           0x080056e1   Thumb Code    22  stm32f0xx_adc.o(.text)
    ADC_VbatCmd                              0x080056f7   Thumb Code    22  stm32f0xx_adc.o(.text)
    ADC_ChannelConfig                        0x0800570d   Thumb Code    10  stm32f0xx_adc.o(.text)
    ADC_ContinuousModeCmd                    0x08005717   Thumb Code    20  stm32f0xx_adc.o(.text)
    ADC_DiscModeCmd                          0x0800572b   Thumb Code    20  stm32f0xx_adc.o(.text)
    ADC_OverrunModeCmd                       0x0800573f   Thumb Code    20  stm32f0xx_adc.o(.text)
    ADC_GetCalibrationFactor                 0x08005753   Thumb Code    46  stm32f0xx_adc.o(.text)
    ADC_StopOfConversion                     0x08005781   Thumb Code    10  stm32f0xx_adc.o(.text)
    ADC_StartOfConversion                    0x0800578b   Thumb Code    10  stm32f0xx_adc.o(.text)
    ADC_GetConversionValue                   0x08005795   Thumb Code     6  stm32f0xx_adc.o(.text)
    ADC_DMACmd                               0x0800579b   Thumb Code    20  stm32f0xx_adc.o(.text)
    ADC_DMARequestModeConfig                 0x080057af   Thumb Code    16  stm32f0xx_adc.o(.text)
    ADC_ITConfig                             0x080057bf   Thumb Code    16  stm32f0xx_adc.o(.text)
    ADC_GetFlagStatus                        0x080057cf   Thumb Code    28  stm32f0xx_adc.o(.text)
    ADC_ClearFlag                            0x080057eb   Thumb Code     4  stm32f0xx_adc.o(.text)
    ADC_GetITStatus                          0x080057ef   Thumb Code    22  stm32f0xx_adc.o(.text)
    ADC_ClearITPendingBit                    0x08005805   Thumb Code     4  stm32f0xx_adc.o(.text)
    EXTI_DeInit                              0x08005815   Thumb Code    20  stm32f0xx_exti.o(.text)
    EXTI_Init                                0x08005829   Thumb Code   102  stm32f0xx_exti.o(.text)
    EXTI_StructInit                          0x0800588f   Thumb Code    14  stm32f0xx_exti.o(.text)
    EXTI_GenerateSWInterrupt                 0x0800589d   Thumb Code    10  stm32f0xx_exti.o(.text)
    EXTI_GetFlagStatus                       0x080058a7   Thumb Code    16  stm32f0xx_exti.o(.text)
    EXTI_ClearFlag                           0x080058b7   Thumb Code     6  stm32f0xx_exti.o(.text)
    EXTI_GetITStatus                         0x080058bd   Thumb Code    24  stm32f0xx_exti.o(.text)
    EXTI_ClearITPendingBit                   0x080058d5   Thumb Code     6  stm32f0xx_exti.o(.text)
    SYSCFG_DeInit                            0x080058e9   Thumb Code    30  stm32f0xx_syscfg.o(.text)
    SYSCFG_MemoryRemapConfig                 0x08005907   Thumb Code    14  stm32f0xx_syscfg.o(.text)
    SYSCFG_DMAChannelRemapConfig             0x08005915   Thumb Code    18  stm32f0xx_syscfg.o(.text)
    SYSCFG_I2CFastModePlusConfig             0x08005927   Thumb Code    18  stm32f0xx_syscfg.o(.text)
    SYSCFG_EXTILineConfig                    0x08005939   Thumb Code    34  stm32f0xx_syscfg.o(.text)
    SYSCFG_BreakConfig                       0x0800595b   Thumb Code    10  stm32f0xx_syscfg.o(.text)
    SYSCFG_GetFlagStatus                     0x08005965   Thumb Code    14  stm32f0xx_syscfg.o(.text)
    SYSCFG_ClearFlag                         0x08005973   Thumb Code    10  stm32f0xx_syscfg.o(.text)
    RTC_WaitForSynchro                       0x08005981   Thumb Code    74  stm32f0xx_rtc.o(.text)
    RTC_EnterInitMode                        0x080059cb   Thumb Code    56  stm32f0xx_rtc.o(.text)
    RTC_DeInit                               0x08005a03   Thumb Code    74  stm32f0xx_rtc.o(.text)
    RTC_ExitInitMode                         0x08005a4d   Thumb Code    12  stm32f0xx_rtc.o(.text)
    RTC_Init                                 0x08005a59   Thumb Code    68  stm32f0xx_rtc.o(.text)
    RTC_StructInit                           0x08005a9d   Thumb Code    14  stm32f0xx_rtc.o(.text)
    RTC_WriteProtectionCmd                   0x08005aab   Thumb Code    20  stm32f0xx_rtc.o(.text)
    RTC_RefClockCmd                          0x08005abf   Thumb Code    54  stm32f0xx_rtc.o(.text)
    RTC_BypassShadowCmd                      0x08005af5   Thumb Code    34  stm32f0xx_rtc.o(.text)
    RTC_SetTime                              0x08005b17   Thumb Code   142  stm32f0xx_rtc.o(.text)
    RTC_TimeStructInit                       0x08005ba5   Thumb Code    12  stm32f0xx_rtc.o(.text)
    RTC_GetTime                              0x08005bb1   Thumb Code    70  stm32f0xx_rtc.o(.text)
    RTC_GetSubSecond                         0x08005bf7   Thumb Code     8  stm32f0xx_rtc.o(.text)
    RTC_SetDate                              0x08005bff   Thumb Code   140  stm32f0xx_rtc.o(.text)
    RTC_DateStructInit                       0x08005c8b   Thumb Code    14  stm32f0xx_rtc.o(.text)
    RTC_GetDate                              0x08005c99   Thumb Code    72  stm32f0xx_rtc.o(.text)
    RTC_SetAlarm                             0x08005ce1   Thumb Code   152  stm32f0xx_rtc.o(.text)
    RTC_AlarmStructInit                      0x08005d79   Thumb Code    20  stm32f0xx_rtc.o(.text)
    RTC_GetAlarm                             0x08005d8d   Thumb Code    90  stm32f0xx_rtc.o(.text)
    RTC_AlarmCmd                             0x08005de7   Thumb Code    74  stm32f0xx_rtc.o(.text)
    RTC_AlarmSubSecondConfig                 0x08005e31   Thumb Code    26  stm32f0xx_rtc.o(.text)
    RTC_GetAlarmSubSecond                    0x08005e4b   Thumb Code    12  stm32f0xx_rtc.o(.text)
    RTC_DayLightSavingConfig                 0x08005e57   Thumb Code    36  stm32f0xx_rtc.o(.text)
    RTC_GetStoreOperation                    0x08005e7b   Thumb Code    12  stm32f0xx_rtc.o(.text)
    RTC_OutputConfig                         0x08005e87   Thumb Code    36  stm32f0xx_rtc.o(.text)
    RTC_CalibOutputCmd                       0x08005eab   Thumb Code    34  stm32f0xx_rtc.o(.text)
    RTC_CalibOutputConfig                    0x08005ecd   Thumb Code    32  stm32f0xx_rtc.o(.text)
    RTC_SmoothCalibConfig                    0x08005eed   Thumb Code    60  stm32f0xx_rtc.o(.text)
    RTC_TimeStampCmd                         0x08005f29   Thumb Code    36  stm32f0xx_rtc.o(.text)
    RTC_GetTimeStamp                         0x08005f4d   Thumb Code   126  stm32f0xx_rtc.o(.text)
    RTC_GetTimeStampSubSecond                0x08005fcb   Thumb Code     6  stm32f0xx_rtc.o(.text)
    RTC_TamperTriggerConfig                  0x08005fd1   Thumb Code    22  stm32f0xx_rtc.o(.text)
    RTC_TamperCmd                            0x08005fe7   Thumb Code    20  stm32f0xx_rtc.o(.text)
    RTC_TamperFilterConfig                   0x08005ffb   Thumb Code    22  stm32f0xx_rtc.o(.text)
    RTC_TamperSamplingFreqConfig             0x08006011   Thumb Code    22  stm32f0xx_rtc.o(.text)
    RTC_TamperPinsPrechargeDuration          0x08006027   Thumb Code    22  stm32f0xx_rtc.o(.text)
    RTC_TimeStampOnTamperDetectionCmd        0x0800603d   Thumb Code    22  stm32f0xx_rtc.o(.text)
    RTC_TamperPullUpCmd                      0x08006053   Thumb Code    22  stm32f0xx_rtc.o(.text)
    RTC_WriteBackupRegister                  0x08006069   Thumb Code    16  stm32f0xx_rtc.o(.text)
    RTC_ReadBackupRegister                   0x08006079   Thumb Code    16  stm32f0xx_rtc.o(.text)
    RTC_OutputTypeConfig                     0x08006089   Thumb Code    22  stm32f0xx_rtc.o(.text)
    RTC_SynchroShiftConfig                   0x0800609f   Thumb Code    72  stm32f0xx_rtc.o(.text)
    RTC_ITConfig                             0x080060e7   Thumb Code    56  stm32f0xx_rtc.o(.text)
    RTC_GetFlagStatus                        0x0800611f   Thumb Code    20  stm32f0xx_rtc.o(.text)
    RTC_ClearFlag                            0x08006133   Thumb Code    22  stm32f0xx_rtc.o(.text)
    RTC_GetITStatus                          0x08006149   Thumb Code    76  stm32f0xx_rtc.o(.text)
    RTC_ClearITPendingBit                    0x08006195   Thumb Code    22  stm32f0xx_rtc.o(.text)
    __aeabi_memcpy                           0x080061d9   Thumb Code   130  rt_memcpy.o(.text)
    __rt_memcpy                              0x080061d9   Thumb Code     0  rt_memcpy.o(.text)
    __aeabi_memset                           0x0800625b   Thumb Code    18  aeabi_memset.o(.text)
    _memset_w                                0x0800626d   Thumb Code    26  rt_memclr.o(.text)
    _memset                                  0x08006287   Thumb Code    30  rt_memclr.o(.text)
    __aeabi_memclr                           0x080062a5   Thumb Code     4  rt_memclr.o(.text)
    __rt_memclr                              0x080062a5   Thumb Code     0  rt_memclr.o(.text)
    __aeabi_memclr4                          0x080062a9   Thumb Code     0  rt_memclr.o(.text)
    __aeabi_memclr8                          0x080062a9   Thumb Code     0  rt_memclr.o(.text)
    __rt_memclr_w                            0x080062a9   Thumb Code     4  rt_memclr.o(.text)
    __aeabi_uidiv                            0x080062ad   Thumb Code     0  aeabi_sdiv.o(.text)
    __aeabi_uidivmod                         0x080062ad   Thumb Code    20  aeabi_sdiv.o(.text)
    __aeabi_idiv                             0x080062c1   Thumb Code     0  aeabi_sdiv.o(.text)
    __aeabi_idivmod                          0x080062c1   Thumb Code   326  aeabi_sdiv.o(.text)
    __use_two_region_memory                  0x08006407   Thumb Code     2  heapauxi.o(.text)
    __rt_heap_escrow$2region                 0x08006409   Thumb Code     2  heapauxi.o(.text)
    __rt_heap_expand$2region                 0x0800640b   Thumb Code     2  heapauxi.o(.text)
    __user_setup_stackheap                   0x0800640d   Thumb Code    62  sys_stackheap_outer.o(.text)
    exit                                     0x0800644b   Thumb Code    16  exit.o(.text)
    __user_libspace                          0x0800645d   Thumb Code     8  libspace.o(.text)
    __user_perproc_libspace                  0x0800645d   Thumb Code     0  libspace.o(.text)
    __user_perthread_libspace                0x0800645d   Thumb Code     0  libspace.o(.text)
    _sys_exit                                0x08006465   Thumb Code     8  sys_exit.o(.text)
    __I$use$semihosting                      0x08006471   Thumb Code     0  use_no_semi.o(.text)
    __use_no_semihosting_swi                 0x08006471   Thumb Code     2  use_no_semi.o(.text)
    __decompress                             0x08006473   Thumb Code     0  __dczerorl2.o(.text)
    __decompress1                            0x08006473   Thumb Code    86  __dczerorl2.o(.text)
    __semihosting_library_function           0x08006473   Thumb Code     0  indicate_semi.o(.text)
    __ARM_common_switch8                     0x080064c9   Thumb Code    26  comm_task.o(i.__ARM_common_switch8)
    default_parameter_buf                    0x080064e2   Data         472  main.o(.constdata)
    Region$$Table$$Base                      0x080066bc   Number         0  anon$$obj.o(Region$$Table)
    Region$$Table$$Limit                     0x080066dc   Number         0  anon$$obj.o(Region$$Table)
    SystemCoreClock                          0x20000000   Data           4  system_stm32f0xx.o(.data)
    AHBPrescTable                            0x20000004   Data          16  system_stm32f0xx.o(.data)
    b_release_gas                            0x20000020   Data           1  comm_task.o(.data)
    b_palm_checked                           0x20000021   Data           1  comm_task.o(.data)
    b_bat_detected_ok                        0x20000022   Data           1  comm_task.o(.data)
    b_no_hand_in_place                       0x20000023   Data           1  comm_task.o(.data)
    b_end_of_treatment                       0x20000024   Data           1  comm_task.o(.data)
    PWM1_timing_flag                         0x20000025   Data           1  comm_task.o(.data)
    PWM2_timing_flag                         0x20000026   Data           1  comm_task.o(.data)
    PWM3_timing_flag                         0x20000027   Data           1  comm_task.o(.data)
    waitBeforeStart_timing_flag              0x2000002a   Data           1  comm_task.o(.data)
    led_bink_timing_flag                     0x2000002b   Data           1  comm_task.o(.data)
    beep_timing_flag                         0x2000002c   Data           1  comm_task.o(.data)
    usb_charge_timing_flag                   0x2000002d   Data           1  comm_task.o(.data)
    key_Press_or_Release_timing_flag         0x2000002e   Data           1  comm_task.o(.data)
    key_self_test_timing_flag                0x2000002f   Data           1  comm_task.o(.data)
    b_releaseGas_timing_flag                 0x20000030   Data           1  comm_task.o(.data)
    b_check_bnt_release                      0x20000031   Data           1  comm_task.o(.data)
    b_Motor_Ready2Shake                      0x20000032   Data           1  comm_task.o(.data)
    b_Motor_shake                            0x20000033   Data           1  comm_task.o(.data)
    mode                                     0x20000034   Data           1  comm_task.o(.data)
    pwm1_state                               0x20000035   Data           1  comm_task.o(.data)
    pwm2_state                               0x20000036   Data           1  comm_task.o(.data)
    pwm3_state                               0x20000037   Data           1  comm_task.o(.data)
    PWM1_numOfCycle                          0x20000038   Data           1  comm_task.o(.data)
    PWM2_numOfCycle                          0x20000039   Data           1  comm_task.o(.data)
    PWM3_numOfCycle                          0x2000003a   Data           1  comm_task.o(.data)
    PWM1_serial_cnt                          0x2000003b   Data           1  comm_task.o(.data)
    PWM2_serial_cnt                          0x2000003c   Data           1  comm_task.o(.data)
    PWM3_serial_cnt                          0x2000003d   Data           1  comm_task.o(.data)
    state                                    0x2000003e   Data           1  comm_task.o(.data)
    b_self_test                              0x2000003f   Data           1  comm_task.o(.data)
    b_Palm_check_complited                   0x20000040   Data           1  comm_task.o(.data)
    usb_charging_state                       0x20000041   Data           1  comm_task.o(.data)
    b_stop_current_works                     0x20000042   Data           1  comm_task.o(.data)
    b_LED_ON_in_turn                         0x20000043   Data           1  comm_task.o(.data)
    self_tet_state                           0x20000044   Data           1  comm_task.o(.data)
    led_In_Turn_state                        0x20000045   Data           1  comm_task.o(.data)
    led_state                                0x20000046   Data           1  comm_task.o(.data)
    beep_state                               0x20000047   Data           1  comm_task.o(.data)
    led_beep_ID                              0x20000048   Data           1  comm_task.o(.data)
    b_detect_hand_before_system_running      0x20000049   Data           1  comm_task.o(.data)
    value                                    0x2000004a   Data           1  comm_task.o(.data)
    selfTest_delay_Cnt                       0x20000055   Data           1  comm_task.o(.data)
    nLED_ON_in_turn                          0x20000056   Data           1  comm_task.o(.data)
    deflate_cnt                              0x20000057   Data           1  comm_task.o(.data)
    sample_cnt                               0x20000058   Data           1  comm_task.o(.data)
    selfTest_fail_Cnt                        0x20000059   Data           1  comm_task.o(.data)
    selfTest_fail_period_H                   0x2000005a   Data           1  comm_task.o(.data)
    selfTest_fail_period_L                   0x2000005b   Data           1  comm_task.o(.data)
    selfTest_end_Cnt                         0x2000005c   Data           1  comm_task.o(.data)
    PWM_waitBeforeStart_cnt                  0x2000005e   Data           2  comm_task.o(.data)
    wait_between_total_cnt                   0x20000060   Data           2  comm_task.o(.data)
    led_bink_cnt                             0x20000074   Data           2  comm_task.o(.data)
    beep_cnt                                 0x20000076   Data           2  comm_task.o(.data)
    delay_cnt                                0x20000078   Data           2  comm_task.o(.data)
    inflate_cnt                              0x2000007a   Data           2  comm_task.o(.data)
    hold_cnt                                 0x2000007c   Data           2  comm_task.o(.data)
    selfTest_inflate_record_1                0x2000007e   Data           2  comm_task.o(.data)
    selfTest_inflate_record_2                0x20000080   Data           2  comm_task.o(.data)
    selfTest_hold_record_1                   0x20000082   Data           2  comm_task.o(.data)
    selfTest_hold_record_2                   0x20000084   Data           2  comm_task.o(.data)
    selfTest_deflate_record_1                0x20000086   Data           2  comm_task.o(.data)
    selfTest_deflate_record_2                0x20000088   Data           2  comm_task.o(.data)
    detectPalm_cnt                           0x2000008c   Data           4  comm_task.o(.data)
    noPalm_cnt                               0x20000090   Data           4  comm_task.o(.data)
    PRESSURE_RATE                            0x200000a4   Data           4  comm_task.o(.data)
    prev_releaseGas_os_tick                  0x200000ac   Data           4  comm_task.o(.data)
    prev_ledBlink_os_tick                    0x200000b0   Data           4  comm_task.o(.data)
    prev_selfTest_os_tick                    0x200000b4   Data           4  comm_task.o(.data)
    prev_keyPressOrRelease_os_tick           0x200000b8   Data           4  comm_task.o(.data)
    prev_usbCharge_os_tick                   0x200000bc   Data           4  comm_task.o(.data)
    prev_beep_os_tick                        0x200000c0   Data           4  comm_task.o(.data)
    prev_WaitBeforeStart_os_tick             0x200000c4   Data           4  comm_task.o(.data)
    prev_PWM1_os_tick                        0x200000c8   Data           4  comm_task.o(.data)
    prev_PWM2_os_tick                        0x200000cc   Data           4  comm_task.o(.data)
    prev_PWM3_os_tick                        0x200000d0   Data           4  comm_task.o(.data)
    prev_PWM4_os_tick                        0x200000d4   Data           4  comm_task.o(.data)
    prev_PWM5_os_tick                        0x200000d8   Data           4  comm_task.o(.data)
    p_prev_os_tick                           0x200000dc   Data           4  comm_task.o(.data)
    sample_sum                               0x200000ec   Data           4  comm_task.o(.data)
    checkPressAgain_cnt                      0x200000f0   Data           2  comm_task.o(.data)
    wait_cnt                                 0x200000f2   Data           1  comm_task.o(.data)
    check_sum                                0x200000f4   Data           2  comm_task.o(.data)
    b_usb_push_in                            0x200000f6   Data           1  comm_task.o(.data)
    b_usb_pull_up                            0x200000f7   Data           1  comm_task.o(.data)
    usb_detect_state                         0x200000f8   Data           1  key_power_on_task.o(.data)
    mcu_state                                0x200000f9   Data           1  key_power_on_task.o(.data)
    b_Is_PCB_PowerOn                         0x200000fa   Data           1  key_power_on_task.o(.data)
    key_state                                0x200000fb   Data           1  key_power_on_task.o(.data)
    wakeup_Cnt                               0x200000fc   Data           1  key_power_on_task.o(.data)
    rcvParaSuccess                           0x200000fe   Data           1  protocol_module.o(.data)
    arr_mmgH_value                           0x200000ff   Data           3  protocol_module.o(.data)
    arr_adc_value                            0x20000102   Data           6  protocol_module.o(.data)
    g_uwDelayTime_ms                         0x20000108   Data           2  common.o(.data)
    RegularConvData_Tab                      0x20000110   Data           4  hardware.o(.data)
    zero_point_of_pressure_sensor            0x20000114   Data           2  hardware.o(.data)
    AsynchPrediv                             0x20000118   Data           4  rtc.o(.data)
    SynchPrediv                              0x2000011c   Data           4  rtc.o(.data)
    os_ticks                                 0x20000120   Data           4  os_core.o(.data)
    sDataBuff                                0x20000138   Data         350  comm_task.o(.bss)
    sBackBuff                                0x20000296   Data         350  comm_task.o(.bss)
    g_CmdReceive                             0x200003f4   Data         160  comm_task.o(.bss)
    send_fifo                                0x20000494   Data          12  comm_task.o(.bss)
    buffer                                   0x200004a0   Data         472  comm_task.o(.bss)
    send_buf                                 0x2000072f   Data         260  comm_task.o(.bss)
    parameter_buf                            0x20000833   Data         472  comm_task.o(.bss)
    pageBuff                                 0x20000a0c   Data        2048  key_power_on_task.o(.bss)
    task_array                               0x2000120c   Data         180  os_core.o(.bss)
    __libspace_start                         0x200012c0   Data          96  libspace.o(.bss)
    __temporary_stack_top$libspace           0x20001320   Data           0  libspace.o(.bss)



==============================================================================

Memory Map of the image

  Image Entry point : 0x08003c05

  Load Region LR_1 (Base: 0x08000000, Size: 0x00006814, Max: 0xffffffff, ABSOLUTE, COMPRESSED[0x00006718])

    Execution Region ER_RO (Exec base: 0x08000000, Load base: 0x08000000, Size: 0x000066dc, Max: 0xffffffff, ABSOLUTE)

    Exec Addr    Load Addr    Size         Type   Attr      Idx    E Section Name        Object

    0x08000000   0x08000000   0x000000c0   Data   RO          584    RESET               startup_stm32f0xx.o
    0x080000c0   0x080000c0   0x00000008   Code   RO          818  * !!!main             c_p.l(__main.o)
    0x080000c8   0x080000c8   0x0000003c   Code   RO          989    !!!scatter          c_p.l(__scatter.o)
    0x08000104   0x08000104   0x0000001c   Code   RO          991    !!handler_zi        c_p.l(__scatter_zi.o)
    0x08000120   0x08000120   0x00000002   Code   RO          856    .ARM.Collect$$libinit$$00000000  c_p.l(libinit.o)
    0x08000122   0x08000122   0x00000000   Code   RO          870    .ARM.Collect$$libinit$$00000002  c_p.l(libinit2.o)
    0x08000122   0x08000122   0x00000000   Code   RO          872    .ARM.Collect$$libinit$$00000004  c_p.l(libinit2.o)
    0x08000122   0x08000122   0x00000000   Code   RO          875    .ARM.Collect$$libinit$$0000000A  c_p.l(libinit2.o)
    0x08000122   0x08000122   0x00000000   Code   RO          877    .ARM.Collect$$libinit$$0000000C  c_p.l(libinit2.o)
    0x08000122   0x08000122   0x00000000   Code   RO          879    .ARM.Collect$$libinit$$0000000E  c_p.l(libinit2.o)
    0x08000122   0x08000122   0x00000000   Code   RO          882    .ARM.Collect$$libinit$$00000011  c_p.l(libinit2.o)
    0x08000122   0x08000122   0x00000000   Code   RO          884    .ARM.Collect$$libinit$$00000013  c_p.l(libinit2.o)
    0x08000122   0x08000122   0x00000000   Code   RO          886    .ARM.Collect$$libinit$$00000015  c_p.l(libinit2.o)
    0x08000122   0x08000122   0x00000000   Code   RO          888    .ARM.Collect$$libinit$$00000017  c_p.l(libinit2.o)
    0x08000122   0x08000122   0x00000000   Code   RO          890    .ARM.Collect$$libinit$$00000019  c_p.l(libinit2.o)
    0x08000122   0x08000122   0x00000000   Code   RO          892    .ARM.Collect$$libinit$$0000001B  c_p.l(libinit2.o)
    0x08000122   0x08000122   0x00000000   Code   RO          894    .ARM.Collect$$libinit$$0000001D  c_p.l(libinit2.o)
    0x08000122   0x08000122   0x00000000   Code   RO          896    .ARM.Collect$$libinit$$0000001F  c_p.l(libinit2.o)
    0x08000122   0x08000122   0x00000000   Code   RO          898    .ARM.Collect$$libinit$$00000021  c_p.l(libinit2.o)
    0x08000122   0x08000122   0x00000000   Code   RO          900    .ARM.Collect$$libinit$$00000023  c_p.l(libinit2.o)
    0x08000122   0x08000122   0x00000000   Code   RO          902    .ARM.Collect$$libinit$$00000025  c_p.l(libinit2.o)
    0x08000122   0x08000122   0x00000000   Code   RO          906    .ARM.Collect$$libinit$$0000002C  c_p.l(libinit2.o)
    0x08000122   0x08000122   0x00000000   Code   RO          908    .ARM.Collect$$libinit$$0000002E  c_p.l(libinit2.o)
    0x08000122   0x08000122   0x00000000   Code   RO          910    .ARM.Collect$$libinit$$00000030  c_p.l(libinit2.o)
    0x08000122   0x08000122   0x00000000   Code   RO          912    .ARM.Collect$$libinit$$00000032  c_p.l(libinit2.o)
    0x08000122   0x08000122   0x00000002   Code   RO          913    .ARM.Collect$$libinit$$00000033  c_p.l(libinit2.o)
    0x08000124   0x08000124   0x00000002   Code   RO          944    .ARM.Collect$$libshutdown$$00000000  c_p.l(libshutdown.o)
    0x08000126   0x08000126   0x00000000   Code   RO          970    .ARM.Collect$$libshutdown$$00000002  c_p.l(libshutdown2.o)
    0x08000126   0x08000126   0x00000000   Code   RO          972    .ARM.Collect$$libshutdown$$00000004  c_p.l(libshutdown2.o)
    0x08000126   0x08000126   0x00000000   Code   RO          975    .ARM.Collect$$libshutdown$$00000007  c_p.l(libshutdown2.o)
    0x08000126   0x08000126   0x00000000   Code   RO          978    .ARM.Collect$$libshutdown$$0000000A  c_p.l(libshutdown2.o)
    0x08000126   0x08000126   0x00000000   Code   RO          980    .ARM.Collect$$libshutdown$$0000000C  c_p.l(libshutdown2.o)
    0x08000126   0x08000126   0x00000000   Code   RO          983    .ARM.Collect$$libshutdown$$0000000F  c_p.l(libshutdown2.o)
    0x08000126   0x08000126   0x00000002   Code   RO          984    .ARM.Collect$$libshutdown$$00000010  c_p.l(libshutdown2.o)
    0x08000128   0x08000128   0x00000000   Code   RO          820    .ARM.Collect$$rtentry$$00000000  c_p.l(__rtentry.o)
    0x08000128   0x08000128   0x00000000   Code   RO          826    .ARM.Collect$$rtentry$$00000002  c_p.l(__rtentry2.o)
    0x08000128   0x08000128   0x00000006   Code   RO          838    .ARM.Collect$$rtentry$$00000004  c_p.l(__rtentry4.o)
    0x0800012e   0x0800012e   0x00000000   Code   RO          828    .ARM.Collect$$rtentry$$00000009  c_p.l(__rtentry2.o)
    0x0800012e   0x0800012e   0x00000004   Code   RO          829    .ARM.Collect$$rtentry$$0000000A  c_p.l(__rtentry2.o)
    0x08000132   0x08000132   0x00000000   Code   RO          831    .ARM.Collect$$rtentry$$0000000C  c_p.l(__rtentry2.o)
    0x08000132   0x08000132   0x00000008   Code   RO          832    .ARM.Collect$$rtentry$$0000000D  c_p.l(__rtentry2.o)
    0x0800013a   0x0800013a   0x00000002   Code   RO          861    .ARM.Collect$$rtexit$$00000000  c_p.l(rtexit.o)
    0x0800013c   0x0800013c   0x00000000   Code   RO          917    .ARM.Collect$$rtexit$$00000002  c_p.l(rtexit2.o)
    0x0800013c   0x0800013c   0x00000004   Code   RO          918    .ARM.Collect$$rtexit$$00000003  c_p.l(rtexit2.o)
    0x08000140   0x08000140   0x00000006   Code   RO          919    .ARM.Collect$$rtexit$$00000004  c_p.l(rtexit2.o)
    0x08000146   0x08000146   0x00000002   PAD
    0x08000148   0x08000148   0x00000038   Code   RO          804    .emb_text           c_p.l(rt_memcpy.o)
    0x08000180   0x08000180   0x00000028   Code   RO            2    .text               main.o
    0x080001a8   0x080001a8   0x0000002c   Code   RO          104    .text               stm32f0xx_it.o
    0x080001d4   0x080001d4   0x0000013c   Code   RO          123    .text               system_stm32f0xx.o
    0x08000310   0x08000310   0x00000110   Code   RO          183    .text               app.o
    0x08000420   0x08000420   0x000018a8   Code   RO          226    .text               comm_task.o
    0x08001cc8   0x08001cc8   0x00000998   Code   RO          318    .text               key_power_on_task.o
    0x08002660   0x08002660   0x00000800   Code   RO          363    .text               protocol_module.o
    0x08002e60   0x08002e60   0x00000020   Code   RO          389    .text               common.o
    0x08002e80   0x08002e80   0x00000090   Code   RO          411    .text               delay.o
    0x08002f10   0x08002f10   0x000000a6   Code   RO          428    .text               fifo.o
    0x08002fb6   0x08002fb6   0x00000092   Code   RO          444    .text               cmd_receive.o
    0x08003048   0x08003048   0x00000120   Code   RO          467    .text               serial_port.o
    0x08003168   0x08003168   0x0000027c   Code   RO          483    .text               i2c.o
    0x080033e4   0x080033e4   0x000003c8   Code   RO          501    .text               hardware.o
    0x080037ac   0x080037ac   0x000002d8   Code   RO          526    .text               motor_pwm.o
    0x08003a84   0x08003a84   0x000000c8   Code   RO          542    .text               rtc.o
    0x08003b4c   0x08003b4c   0x000000b8   Code   RO          561    .text               os_core.o
    0x08003c04   0x08003c04   0x00000038   Code   RO          585  * .text               startup_stm32f0xx.o
    0x08003c3c   0x08003c3c   0x0000015c   Code   RO          590    .text               stm32f0xx_gpio.o
    0x08003d98   0x08003d98   0x0000040c   Code   RO          606    .text               stm32f0xx_rcc.o
    0x080041a4   0x080041a4   0x0000007c   Code   RO          624    .text               stm32f0xx_misc.o
    0x08004220   0x08004220   0x00000462   Code   RO          640    .text               stm32f0xx_usart.o
    0x08004682   0x08004682   0x00000002   PAD
    0x08004684   0x08004684   0x0000091c   Code   RO          656    .text               stm32f0xx_tim.o
    0x08004fa0   0x08004fa0   0x00000124   Code   RO          673    .text               stm32f0xx_dma.o
    0x080050c4   0x080050c4   0x000000e0   Code   RO          689    .text               stm32f0xx_pwr.o
    0x080051a4   0x080051a4   0x0000044c   Code   RO          705    .text               stm32f0xx_flash.o
    0x080055f0   0x080055f0   0x00000224   Code   RO          722    .text               stm32f0xx_adc.o
    0x08005814   0x08005814   0x000000d4   Code   RO          738    .text               stm32f0xx_exti.o
    0x080058e8   0x080058e8   0x00000098   Code   RO          754    .text               stm32f0xx_syscfg.o
    0x08005980   0x08005980   0x00000858   Code   RO          786    .text               stm32f0xx_rtc.o
    0x080061d8   0x080061d8   0x00000082   Code   RO          805    .text               c_p.l(rt_memcpy.o)
    0x0800625a   0x0800625a   0x00000012   Code   RO          808    .text               c_p.l(aeabi_memset.o)
    0x0800626c   0x0800626c   0x00000040   Code   RO          810    .text               c_p.l(rt_memclr.o)
    0x080062ac   0x080062ac   0x0000015a   Code   RO          812    .text               c_p.l(aeabi_sdiv.o)
    0x08006406   0x08006406   0x00000006   Code   RO          816    .text               c_p.l(heapauxi.o)
    0x0800640c   0x0800640c   0x0000003e   Code   RO          842    .text               c_p.l(sys_stackheap_outer.o)
    0x0800644a   0x0800644a   0x00000010   Code   RO          845    .text               c_p.l(exit.o)
    0x0800645a   0x0800645a   0x00000002   PAD
    0x0800645c   0x0800645c   0x00000008   Code   RO          857    .text               c_p.l(libspace.o)
    0x08006464   0x08006464   0x0000000c   Code   RO          914    .text               c_p.l(sys_exit.o)
    0x08006470   0x08006470   0x00000002   Code   RO          933    .text               c_p.l(use_no_semi.o)
    0x08006472   0x08006472   0x00000000   Code   RO          935    .text               c_p.l(indicate_semi.o)
    0x08006472   0x08006472   0x00000056   Code   RO          987    .text               c_p.l(__dczerorl2.o)
    0x080064c8   0x080064c8   0x0000001a   Code   RO          249    i.__ARM_common_switch8  comm_task.o
    0x080064e2   0x080064e2   0x000001d8   Data   RO            3    .constdata          main.o
    0x080066ba   0x080066ba   0x00000002   PAD
    0x080066bc   0x080066bc   0x00000020   Data   RO          985    Region$$Table       anon$$obj.o


    Execution Region ER_RW (Exec base: 0x20000000, Load base: 0x080066dc, Size: 0x00000138, Max: 0xffffffff, ABSOLUTE, COMPRESSED[0x0000003c])

    Exec Addr    Load Addr    Size         Type   Attr      Idx    E Section Name        Object

    0x20000000   COMPRESSED   0x00000014   Data   RW          124    .data               system_stm32f0xx.o
    0x20000014   COMPRESSED   0x0000000a   Data   RW          184    .data               app.o
    0x2000001e   COMPRESSED   0x00000002   PAD
    0x20000020   COMPRESSED   0x000000d0   Data   RW          230    .data               comm_task.o
    0x200000f0   COMPRESSED   0x00000002   Data   RW          231    .data               comm_task.o
    0x200000f2   COMPRESSED   0x00000001   Data   RW          232    .data               comm_task.o
    0x200000f3   COMPRESSED   0x00000001   PAD
    0x200000f4   COMPRESSED   0x00000002   Data   RW          233    .data               comm_task.o
    0x200000f6   COMPRESSED   0x00000001   Data   RW          234    .data               comm_task.o
    0x200000f7   COMPRESSED   0x00000001   Data   RW          235    .data               comm_task.o
    0x200000f8   COMPRESSED   0x00000006   Data   RW          320    .data               key_power_on_task.o
    0x200000fe   COMPRESSED   0x0000000a   Data   RW          364    .data               protocol_module.o
    0x20000108   COMPRESSED   0x00000002   Data   RW          390    .data               common.o
    0x2000010a   COMPRESSED   0x00000004   Data   RW          412    .data               delay.o
    0x2000010e   COMPRESSED   0x00000002   Data   RW          484    .data               i2c.o
    0x20000110   COMPRESSED   0x00000004   Data   RW          503    .data               hardware.o
    0x20000114   COMPRESSED   0x00000002   Data   RW          504    .data               hardware.o
    0x20000116   COMPRESSED   0x00000002   PAD
    0x20000118   COMPRESSED   0x00000008   Data   RW          543    .data               rtc.o
    0x20000120   COMPRESSED   0x00000008   Data   RW          563    .data               os_core.o
    0x20000128   COMPRESSED   0x00000010   Data   RW          607    .data               stm32f0xx_rcc.o


    Execution Region ER_ZI (Exec base: 0x20000138, Load base: 0x08006718, Size: 0x000017e8, Max: 0xffffffff, ABSOLUTE)

    Exec Addr    Load Addr    Size         Type   Attr      Idx    E Section Name        Object

    0x20000138        -       0x000005f7   Zero   RW          227    .bss                comm_task.o
    0x2000072f        -       0x00000104   Zero   RW          228    .bss                comm_task.o
    0x20000833        -       0x000001d8   Zero   RW          229    .bss                comm_task.o
    0x20000a0b   0x08006718   0x00000001   PAD
    0x20000a0c        -       0x00000800   Zero   RW          319    .bss                key_power_on_task.o
    0x2000120c        -       0x000000b4   Zero   RW          562    .bss                os_core.o
    0x200012c0        -       0x00000060   Zero   RW          858    .bss                c_p.l(libspace.o)
    0x20001320        -       0x00000200   Zero   RW          583    HEAP                startup_stm32f0xx.o
    0x20001520        -       0x00000400   Zero   RW          582    STACK               startup_stm32f0xx.o


==============================================================================

Image component sizes


      Code (inc. data)   RO Data    RW Data    ZI Data      Debug   Object Name

       272         60          0         10          0      13654   app.o
       146          0          0          0          0       3006   cmd_receive.o
      6338        194          0        215       2259      26421   comm_task.o
        32          4          0          2          0       1469   common.o
       144         16          0          4          0       1043   delay.o
       166          0          0          0          0       2527   fifo.o
       968         38          0          6          0       6160   hardware.o
       636         14          0          2          0       3074   i2c.o
         0          0          0          0          0      92116   iwtdg.o
      2456        346          0          6       2048      22396   key_power_on_task.o
        40          4        472          0          0      59890   main.o
       728         32          0          0          0       2513   motor_pwm.o
       184         10          0          8        180       2549   os_core.o
      2048         64          0         10          0      12083   protocol_module.o
       200          6          0          8          0       2064   rtc.o
       288         10          0          0          0       1801   serial_port.o
        56         26        192          0       1536        616   startup_stm32f0xx.o
       548         12          0          0          0       7131   stm32f0xx_adc.o
       292         12          0          0          0       3606   stm32f0xx_dma.o
       212         14          0          0          0       2331   stm32f0xx_exti.o
      1100         20          0          0          0       8038   stm32f0xx_flash.o
       348         22          0          0          0       3837   stm32f0xx_gpio.o
        44          4          0          0          0        952   stm32f0xx_it.o
       124         16          0          0          0       1372   stm32f0xx_misc.o
       224         10          0          0          0       2194   stm32f0xx_pwr.o
      1036         38          0         16          0       8754   stm32f0xx_rcc.o
      2136         50          0          0          0      13750   stm32f0xx_rtc.o
       152          4          0          0          0       2022   stm32f0xx_syscfg.o
      2332        122          0          0          0      22531   stm32f0xx_tim.o
      1122         12          0          0          0      12543   stm32f0xx_usart.o
       316         28          0         20          0       1599   system_stm32f0xx.o

    ----------------------------------------------------------------------
     24690       1188        698        312       6024     344042   Object Totals
         0          0         32          0          0          0   (incl. Generated)
         2          0          2          5          1          0   (incl. Padding)

    ----------------------------------------------------------------------

      Code (inc. data)   RO Data    RW Data    ZI Data      Debug   Library Member Name

        86          0          0          0          0          0   __dczerorl2.o
         8          0          0          0          0         68   __main.o
         0          0          0          0          0          0   __rtentry.o
        12          0          0          0          0          0   __rtentry2.o
         6          0          0          0          0          0   __rtentry4.o
        60          8          0          0          0          0   __scatter.o
        28          0          0          0          0          0   __scatter_zi.o
        18          0          0          0          0         68   aeabi_memset.o
       346          0          0          0          0         92   aeabi_sdiv.o
        16          0          0          0          0         68   exit.o
         6          0          0          0          0        136   heapauxi.o
         0          0          0          0          0          0   indicate_semi.o
         2          0          0          0          0          0   libinit.o
         2          0          0          0          0          0   libinit2.o
         2          0          0          0          0          0   libshutdown.o
         2          0          0          0          0          0   libshutdown2.o
         8          4          0          0         96         68   libspace.o
        64          0          0          0          0        108   rt_memclr.o
       186          0          0          0          0        144   rt_memcpy.o
         2          0          0          0          0          0   rtexit.o
        10          0          0          0          0          0   rtexit2.o
        12          4          0          0          0         60   sys_exit.o
        62          0          0          0          0         80   sys_stackheap_outer.o
         2          0          0          0          0         68   use_no_semi.o

    ----------------------------------------------------------------------
       944         16          0          0         96        960   Library Totals
         4          0          0          0          0          0   (incl. Padding)

    ----------------------------------------------------------------------

      Code (inc. data)   RO Data    RW Data    ZI Data      Debug   Library Name

       940         16          0          0         96        960   c_p.l

    ----------------------------------------------------------------------
       944         16          0          0         96        960   Library Totals

    ----------------------------------------------------------------------

==============================================================================


      Code (inc. data)   RO Data    RW Data    ZI Data      Debug   

     25634       1204        698        312       6120     340982   Grand Totals
     25634       1204        698         60       6120     340982   ELF Image Totals (compressed)
     25634       1204        698         60          0          0   ROM Totals

==============================================================================

    Total RO  Size (Code + RO Data)                26332 (  25.71kB)
    Total RW  Size (RW Data + ZI Data)              6432 (   6.28kB)
    Total ROM Size (Code + RO Data + RW Data)      26392 (  25.77kB)

==============================================================================

