Component: ARM Compiler 5.06 update 4 (build 422) Tool: armlink [4d35d2]

==============================================================================

Section Cross References

    main.o(.text) refers to delay.o(.text) for delay_init
    main.o(.text) refers to os_core.o(.text) for os_init
    main.o(.text) refers to key_power_on_task.o(.text) for EnterStopMode
    main.o(.text) refers to app.o(.text) for init_task
    stm32f0xx_it.o(.text) refers to stm32f0xx_tim.o(.text) for TIM_GetITStatus
    stm32f0xx_it.o(.text) refers to os_core.o(.text) for os_isr_ticks
    system_stm32f0xx.o(.text) refers to aeabi_sdiv.o(.text) for __aeabi_uidivmod
    system_stm32f0xx.o(.text) refers to stm32f0xx_rcc.o(.text) for RCC_MCOConfig
    system_stm32f0xx.o(.text) refers to system_stm32f0xx.o(.data) for .data
    iwtdg.o(.text) refers to stm32f0xx_iwdg.o(.text) for IWDG_WriteAccessCmd
    app.o(.text) refers to hardware.o(.text) for init_hardware
    app.o(.text) refers to motor_pwm.o(.text) for Motor_PWM_Init
    app.o(.text) refers to fifo.o(.text) for fifoInit
    app.o(.text) refers to serial_port.o(.text) for UARTInit
    app.o(.text) refers to cmd_receive.o(.text) for Init_Receive
    app.o(.text) refers to os_core.o(.text) for os_create_task
    app.o(.text) refers to comm_task.o(.bss) for send_buf
    app.o(.text) refers to comm_task.o(.bss) for send_fifo
    app.o(.text) refers to comm_task.o(.text) for TaskDataSend
    app.o(.text) refers to key_power_on_task.o(.text) for key_power_on_task
    comm_task.o(.text) refers to stm32f0xx_gpio.o(.text) for GPIO_SetBits
    comm_task.o(.text) refers to hardware.o(.text) for set_led
    comm_task.o(.text) refers to common.o(.text) for Delay_ms
    comm_task.o(.text) refers to motor_pwm.o(.text) for Motor_PWM_Freq_Dudy_Set
    comm_task.o(.text) refers to delay.o(.text) for delay_ms
    comm_task.o(.text) refers to cmd_receive.o(.text) for GetBuf2Length
    comm_task.o(.text) refers to rt_memcpy.o(.text) for __aeabi_memcpy
    comm_task.o(.text) refers to protocol_module.o(.text) for protocol_module_process
    comm_task.o(.text) refers to rt_memclr.o(.text) for __aeabi_memclr4
    comm_task.o(.text) refers to fifo.o(.text) for fifoReadData
    comm_task.o(.text) refers to serial_port.o(.text) for UartSendNBytes
    comm_task.o(.text) refers to os_core.o(.text) for os_delay_ms
    comm_task.o(.text) refers to comm_task.o(i.__ARM_common_switch8) for __ARM_common_switch8
    comm_task.o(.text) refers to comm_task.o(.data) for .data
    comm_task.o(.text) refers to comm_task.o(.bss) for .bss
    comm_task.o(.text) refers to key_power_on_task.o(.data) for mcu_state
    comm_task.o(.text) refers to os_core.o(.data) for os_ticks
    comm_task.o(.text) refers to i2c.o(.text) for ADS115_readByte
    comm_task.o(.text) refers to key_power_on_task.o(.text) for EnterStopMode
    comm_task.o(.text) refers to hardware.o(.data) for zero_point_of_pressure_sensor
    comm_task.o(.text) refers to main.o(.constdata) for default_parameter_buf
    comm_task.o(.text) refers to aeabi_sdiv.o(.text) for __aeabi_uidivmod
    comm_task.o(.text) refers to hardware.o(.data) for RegularConvData_Tab
    comm_task.o(.text) refers to rt_memcpy.o(.emb_text) for __aeabi_memcpy4
    key_power_on_task.o(.text) refers to stm32f0xx_rcc.o(.text) for RCC_AHBPeriphClockCmd
    key_power_on_task.o(.text) refers to stm32f0xx_gpio.o(.text) for GPIO_Init
    key_power_on_task.o(.text) refers to stm32f0xx_syscfg.o(.text) for SYSCFG_EXTILineConfig
    key_power_on_task.o(.text) refers to stm32f0xx_exti.o(.text) for EXTI_Init
    key_power_on_task.o(.text) refers to stm32f0xx_misc.o(.text) for NVIC_Init
    key_power_on_task.o(.text) refers to motor_pwm.o(.text) for Motor_PWM_Freq_Dudy_Set
    key_power_on_task.o(.text) refers to hardware.o(.text) for set_led
    key_power_on_task.o(.text) refers to delay.o(.text) for delay_ms
    key_power_on_task.o(.text) refers to comm_task.o(.text) for Reset_Timing_Parameter
    key_power_on_task.o(.text) refers to os_core.o(.text) for os_init
    key_power_on_task.o(.text) refers to system_stm32f0xx.o(.text) for SystemInit
    key_power_on_task.o(.text) refers to app.o(.text) for init_task
    key_power_on_task.o(.text) refers to stm32f0xx_dma.o(.text) for DMA_Cmd
    key_power_on_task.o(.text) refers to stm32f0xx_adc.o(.text) for ADC_DMACmd
    key_power_on_task.o(.text) refers to stm32f0xx_usart.o(.text) for USART_Cmd
    key_power_on_task.o(.text) refers to key_power_on_task.o(.data) for .data
    key_power_on_task.o(.text) refers to comm_task.o(.data) for b_self_test
    key_power_on_task.o(.text) refers to comm_task.o(.data) for checkPressAgain_cnt
    key_power_on_task.o(.text) refers to comm_task.o(.data) for wait_cnt
    key_power_on_task.o(.text) refers to comm_task.o(.data) for b_usb_push_in
    key_power_on_task.o(.text) refers to comm_task.o(.data) for b_usb_pull_up
    key_power_on_task.o(.text) refers to os_core.o(.data) for os_ticks
[...]
    .ARM.Collect$$rtentry$$0000000A          0x0800014a   Section        4  __rtentry2.o(.ARM.Collect$$rtentry$$0000000A)
    .ARM.Collect$$rtentry$$0000000C          0x0800014e   Section        0  __rtentry2.o(.ARM.Collect$$rtentry$$0000000C)
    .ARM.Collect$$rtentry$$0000000D          0x0800014e   Section        8  __rtentry2.o(.ARM.Collect$$rtentry$$0000000D)
    .ARM.Collect$$rtexit$$00000000           0x08000156   Section        2  rtexit.o(.ARM.Collect$$rtexit$$00000000)
    .ARM.Collect$$rtexit$$00000002           0x08000158   Section        0  rtexit2.o(.ARM.Collect$$rtexit$$00000002)
    .ARM.Collect$$rtexit$$00000003           0x08000158   Section        4  rtexit2.o(.ARM.Collect$$rtexit$$00000003)
    .ARM.Collect$$rtexit$$00000004           0x0800015c   Section        6  rtexit2.o(.ARM.Collect$$rtexit$$00000004)
    .emb_text                                0x08000164   Section       56  rt_memcpy.o(.emb_text)
    .text                                    0x0800019c   Section        0  main.o(.text)
    .text                                    0x080001c4   Section        0  stm32f0xx_it.o(.text)
    .text                                    0x080001f0   Section        0  system_stm32f0xx.o(.text)
    SetSysClock                              0x0800029f   Thumb Code   114  system_stm32f0xx.o(.text)
    .text                                    0x0800032c   Section        0  app.o(.text)
    .text                                    0x0800040c   Section        0  comm_task.o(.text)
    ModuleUnPackFrame                        0x08000667   Thumb Code   196  comm_task.o(.text)
    .text                                    0x08001c14   Section        0  key_power_on_task.o(.text)
    .text                                    0x08002448   Section        0  protocol_module.o(.text)
    .text                                    0x080028b0   Section        0  common.o(.text)
    .text                                    0x080028d0   Section        0  delay.o(.text)
    .text                                    0x08002960   Section        0  fifo.o(.text)
    .text                                    0x08002a06   Section        0  cmd_receive.o(.text)
    .text                                    0x08002a98   Section        0  serial_port.o(.text)
    .text                                    0x08002bb8   Section        0  i2c.o(.text)
    .text                                    0x08002e34   Section        0  hardware.o(.text)
    .text                                    0x080031f8   Section        0  motor_pwm.o(.text)
    Motor_PWM_Config                         0x080031f9   Thumb Code   284  motor_pwm.o(.text)
    Motor_PWM_GPIO_Config                    0x080033cd   Thumb Code   184  motor_pwm.o(.text)
    .text                                    0x080034a4   Section        0  os_core.o(.text)
    .text                                    0x0800355c   Section       56  startup_stm32f0xx.o(.text)
    .text                                    0x08003594   Section        0  stm32f0xx_gpio.o(.text)
    .text                                    0x080036f0   Section        0  stm32f0xx_rcc.o(.text)
    .text                                    0x08003afc   Section        0  stm32f0xx_misc.o(.text)
    .text                                    0x08003b78   Section        0  stm32f0xx_usart.o(.text)
    .text                                    0x08003fdc   Section        0  stm32f0xx_tim.o(.text)
    TI2_Config                               0x080045c1   Thumb Code    42  stm32f0xx_tim.o(.text)
    TI1_Config                               0x080045fb   Thumb Code    40  stm32f0xx_tim.o(.text)
    .text                                    0x080048f8   Section        0  stm32f0xx_dma.o(.text)
    .text                                    0x08004a1c   Section        0  stm32f0xx_pwr.o(.text)
    .text                                    0x08004afc   Section        0  stm32f0xx_flash.o(.text)
    .text                                    0x08004f48   Section        0  stm32f0xx_adc.o(.text)
    .text                                    0x0800516c   Section        0  stm32f0xx_exti.o(.text)
    .text                                    0x08005240   Section        0  stm32f0xx_syscfg.o(.text)
    .text                                    0x080052d8   Section        0  rt_memcpy.o(.text)
    .text                                    0x0800535a   Section        0  rt_memclr.o(.text)
    .text                                    0x0800539a   Section      346  aeabi_sdiv.o(.text)
    .text                                    0x080054f4   Section        0  heapauxi.o(.text)
    .text                                    0x080054fa   Section       62  sys_stackheap_outer.o(.text)
    .text                                    0x08005538   Section        0  exit.o(.text)
    .text                                    0x08005548   Section        8  libspace.o(.text)
    .text                                    0x08005550   Section        0  sys_exit.o(.text)
    .text                                    0x0800555c   Section        2  use_no_semi.o(.text)
    .text                                    0x0800555e   Section        0  indicate_semi.o(.text)
    i.__ARM_common_switch8                   0x0800555e   Section        0  comm_task.o(i.__ARM_common_switch8)
    .constdata                               0x08005578   Section      472  main.o(.constdata)
    .data                                    0x20000000   Section       20  system_stm32f0xx.o(.data)
    .data                                    0x20000014   Section      200  comm_task.o(.data)
    PWM4_timing_flag                         0x2000001c   Data           1  comm_task.o(.data)
    PWM5_timing_flag                         0x2000001d   Data           1  comm_task.o(.data)
    sPacketHeadFlag                          0x2000003f   Data           1  comm_task.o(.data)
    sPacketLenFlag                           0x20000040   Data           1  comm_task.o(.data)
    sCurPacketLen                            0x20000041   Data           1  comm_task.o(.data)
    sResetByte                               0x20000042   Data           1  comm_task.o(.data)
    switch_mode_cnt                          0x20000043   Data           1  comm_task.o(.data)
    release_btn_cnt                          0x20000044   Data           1  comm_task.o(.data)
    b_charge_flag                            0x20000045   Data           1  comm_task.o(.data)
    n_over_tmperature                        0x20000046   Data           1  comm_task.o(.data)
    nMotorShake_Cnt                          0x20000047   Data           1  comm_task.o(.data)
    cycle_cnt                                0x20000048   Data           1  comm_task.o(.data)
    nohand_ledCnt                            0x20000056   Data           2  comm_task.o(.data)
    nohand_beepCnt                           0x20000058   Data           2  comm_task.o(.data)
    nohand_led_tm                            0x2000005a   Data           2  comm_task.o(.data)
    nohand_beep_tm                           0x2000005c   Data           2  comm_task.o(.data)
    endTreatment_ledCnt                      0x2000005e   Data           2  comm_task.o(.data)
    endTreatment_beepCnt                     0x20000060   Data           2  comm_task.o(.data)
    endTreatment_led_tm                      0x20000062   Data           2  comm_task.o(.data)
    endTreatment_beep_tm                     0x20000064   Data           2  comm_task.o(.data)
    pressure_result                          0x20000066   Data           2  comm_task.o(.data)
    p_ledCnt                                 0x20000084   Data           4  comm_task.o(.data)
    p_beepCnt                                0x20000088   Data           4  comm_task.o(.data)
    p_led_tm                                 0x2000008c   Data           4  comm_task.o(.data)
    p_beep_tm                                0x20000090   Data           4  comm_task.o(.data)
    b_timing_flag                            0x20000094   Data           4  comm_task.o(.data)
    p_pwm_state                              0x200000cc   Data           4  comm_task.o(.data)
    p_PWM_numOfCycle                         0x200000d0   Data           4  comm_task.o(.data)
    p_PWM_serial_cnt                         0x200000d4   Data           4  comm_task.o(.data)
    .data                                    0x200000dc   Section        2  comm_task.o(.data)
    .data                                    0x200000de   Section        1  comm_task.o(.data)
    .data                                    0x200000e0   Section        2  comm_task.o(.data)
    .data                                    0x200000e2   Section        1  comm_task.o(.data)
    .data                                    0x200000e3   Section        1  comm_task.o(.data)
    .data                                    0x200000e4   Section        5  key_power_on_task.o(.data)
    wakeup_Cnt                               0x200000e8   Data           1  key_power_on_task.o(.data)
    .data                                    0x200000e9   Section        1  protocol_module.o(.data)
    .data                                    0x200000ea   Section        2  common.o(.data)
    .data                                    0x200000ec   Section        4  delay.o(.data)
    fac_us                                   0x200000ec   Data           1  delay.o(.data)
    fac_ms                                   0x200000ee   Data           2  delay.o(.data)
    .data                                    0x200000f0   Section        2  i2c.o(.data)
    data1                                    0x200000f0   Data           1  i2c.o(.data)
    data2                                    0x200000f1   Data           1  i2c.o(.data)
    .data                                    0x200000f2   Section        4  hardware.o(.data)
    .data                                    0x200000f6   Section        2  hardware.o(.data)
    .data                                    0x200000f8   Section        8  os_core.o(.data)
    index                                    0x200000fc   Data           4  os_core.o(.data)
    .data                                    0x20000100   Section       16  stm32f0xx_rcc.o(.data)
    APBAHBPrescTable                         0x20000100   Data          16  stm32f0xx_rcc.o(.data)
    .bss                                     0x20000110   Section     1527  comm_task.o(.bss)
    pwm1_buffer                              0x20000650   Data          61  comm_task.o(.bss)
    pwm2_buffer                              0x2000068d   Data          61  comm_task.o(.bss)
    pwm3_buffer                              0x200006ca   Data          61  comm_task.o(.bss)
    .bss                                     0x20000707   Section      260  comm_task.o(.bss)
    .bss                                     0x2000080b   Section      472  comm_task.o(.bss)
    .bss                                     0x200009e4   Section      180  os_core.o(.bss)
    .bss                                     0x20000a98   Section       96  libspace.o(.bss)
    HEAP                                     0x20000af8   Section      512  startup_stm32f0xx.o(HEAP)
    Heap_Mem                                 0x20000af8   Data         512  startup_stm32f0xx.o(HEAP)
    STACK                                    0x20000cf8   Section     1024  startup_stm32f0xx.o(STACK)
    Stack_Mem                                0x20000cf8   Data        1024  startup_stm32f0xx.o(STACK)
    __initial_sp                             0x200010f8   Data           0  startup_stm32f0xx.o(STACK)

    Global Symbols

    Symbol Name                              Value     Ov Type        Size  Object(Section)

    BuildAttributes$$THM_ISAv3M$S$PE$A:L22$X:L11$S22$IEEE1$IW$USESV6$~STKCKD$USESV7$~SHL$OSPACE$ROPI$EBA8$UX$STANDARDLIB$REQ8$PRES8$EABIv2 0x00000000   Number         0  anon$$obj.o ABSOLUTE
    __ARM_use_no_argv                        0x00000000   Number         0  main.o ABSOLUTE
    __ARM_exceptions_init                     - Undefined Weak Reference
    __alloca_initialize                       - Undefined Weak Reference
    __arm_preinit_                            - Undefined Weak Reference
    __cpp_initialize__aeabi_                  - Undefined Weak Reference
    __cxa_finalize                            - Undefined Weak Reference
    __rt_locale                               - Undefined Weak Reference
    __sigvec_lookup                           - Undefined Weak Reference
    _atexit_init                              - Undefined Weak Reference
    _call_atexit_fns                          - Undefined Weak Reference
    _clock_init                               - Undefined Weak Reference
    _fp_trap_init                             - Undefined Weak Reference
    _fp_trap_shutdown                         - Undefined Weak Reference
    _get_lc_collate                           - Undefined Weak Reference
    _get_lc_ctype                             - Undefined Weak Reference
    _get_lc_monetary                          - Undefined Weak Reference
    _get_lc_numeric                           - Undefined Weak Reference
    _get_lc_time                              - Undefined Weak Reference
    _getenv_init                              - Undefined Weak Reference
    _handle_redirection                       - Undefined Weak Reference
    _init_alloc                               - Undefined Weak Reference
    _init_user_alloc                          - Undefined Weak Reference
    _initio                                   - Undefined Weak Reference
    _rand_init                                - Undefined Weak Reference
    _signal_finish                            - Undefined Weak Reference
    _signal_init                              - Undefined Weak Reference
    _terminate_alloc                          - Undefined Weak Reference
    _terminate_user_alloc                     - Undefined Weak Reference
    _terminateio                              - Undefined Weak Reference
    __Vectors_Size                           0x000000c0   Number         0  startup_stm32f0xx.o ABSOLUTE
    __Vectors                                0x08000000   Data           4  startup_stm32f0xx.o(RESET)
    __Vectors_End                            0x080000c0   Data           0  startup_stm32f0xx.o(RESET)
    __main                                   0x080000c1   Thumb Code     8  __main.o(!!!main)
    __scatterload                            0x080000c9   Thumb Code     0  __scatter.o(!!!scatter)
    __scatterload_rt2                        0x080000c9   Thumb Code    52  __scatter.o(!!!scatter)
    __scatterload_rt2_thumb_only             0x080000c9   Thumb Code     0  __scatter.o(!!!scatter)
    __scatterload_null                       0x080000d9   Thumb Code     0  __scatter.o(!!!scatter)
    __scatterload_copy                       0x08000105   Thumb Code    26  __scatter_copy.o(!!handler_copy)
    __scatterload_zeroinit                   0x08000121   Thumb Code    28  __scatter_zi.o(!!handler_zi)
    __rt_lib_init                            0x0800013d   Thumb Code     0  libinit.o(.ARM.Collect$$libinit$$00000000)
    __rt_lib_init_alloca_1                   0x0800013f   Thumb Code     0  libinit2.o(.ARM.Collect$$libinit$$0000002E)
    __rt_lib_init_argv_1                     0x0800013f   Thumb Code     0  libinit2.o(.ARM.Collect$$libinit$$0000002C)
    __rt_lib_init_atexit_1                   0x0800013f   Thumb Code     0  libinit2.o(.ARM.Collect$$libinit$$0000001B)
    __rt_lib_init_clock_1                    0x0800013f   Thumb Code     0  libinit2.o(.ARM.Collect$$libinit$$00000021)
    __rt_lib_init_cpp_1                      0x0800013f   Thumb Code     0  libinit2.o(.ARM.Collect$$libinit$$00000032)
    __rt_lib_init_exceptions_1               0x0800013f   Thumb Code     0  libinit2.o(.ARM.Collect$$libinit$$00000030)
    __rt_lib_init_fp_1                       0x0800013f   Thumb Code     0  libinit2.o(.ARM.Collect$$libinit$$00000002)
    __rt_lib_init_fp_trap_1                  0x0800013f   Thumb Code     0  libinit2.o(.ARM.Collect$$libinit$$0000001F)
    __rt_lib_init_getenv_1                   0x0800013f   Thumb Code     0  libinit2.o(.ARM.Collect$$libinit$$00000023)
    __rt_lib_init_heap_1                     0x0800013f   Thumb Code     0  libinit2.o(.ARM.Collect$$libinit$$0000000A)
    __rt_lib_init_lc_collate_1               0x0800013f   Thumb Code     0  libinit2.o(.ARM.Collect$$libinit$$00000011)
    __rt_lib_init_lc_ctype_1                 0x0800013f   Thumb Code     0  libinit2.o(.ARM.Collect$$libinit$$00000013)
    __rt_lib_init_lc_monetary_1              0x0800013f   Thumb Code     0  libinit2.o(.ARM.Collect$$libinit$$00000015)
    __rt_lib_init_lc_numeric_1               0x0800013f   Thumb Code     0  libinit2.o(.ARM.Collect$$libinit$$00000017)
    __rt_lib_init_lc_time_1                  0x0800013f   Thumb Code     0  libinit2.o(.ARM.Collect$$libinit$$00000019)
    __rt_lib_init_preinit_1                  0x0800013f   Thumb Code     0  libinit2.o(.ARM.Collect$$libinit$$00000004)
    __rt_lib_init_rand_1                     0x0800013f   Thumb Code     0  libinit2.o(.ARM.Collect$$libinit$$0000000E)
    __rt_lib_init_return                     0x0800013f   Thumb Code     0  libinit2.o(.ARM.Collect$$libinit$$00000033)
    __rt_lib_init_signal_1                   0x0800013f   Thumb Code     0  libinit2.o(.ARM.Collect$$libinit$$0000001D)
    __rt_lib_init_stdio_1                    0x0800013f   Thumb Code     0  libinit2.o(.ARM.Collect$$libinit$$00000025)
    __rt_lib_init_user_alloc_1               0x0800013f   Thumb Code     0  libinit2.o(.ARM.Collect$$libinit$$0000000C)
    __rt_lib_shutdown                        0x08000141   Thumb Code     0  libshutdown.o(.ARM.Collect$$libshutdown$$00000000)
    __rt_lib_shutdown_cpp_1                  0x08000143   Thumb Code     0  libshutdown2.o(.ARM.Collect$$libshutdown$$00000002)
    __rt_lib_shutdown_fp_trap_1              0x08000143   Thumb Code     0  libshutdown2.o(.ARM.Collect$$libshutdown$$00000007)
    __rt_lib_shutdown_heap_1                 0x08000143   Thumb Code     0  libshutdown2.o(.ARM.Collect$$libshutdown$$0000000F)
    __rt_lib_shutdown_return                 0x08000143   Thumb Code     0  libshutdown2.o(.ARM.Collect$$libshutdown$$00000010)
    __rt_lib_shutdown_signal_1               0x08000143   Thumb Code     0  libshutdown2.o(.ARM.Collect$$libshutdown$$0000000A)
    __rt_lib_shutdown_stdio_1                0x08000143   Thumb Code     0  libshutdown2.o(.ARM.Collect$$libshutdown$$00000004)
    __rt_lib_shutdown_user_alloc_1           0x08000143   Thumb Code     0  libshutdown2.o(.ARM.Collect$$libshutdown$$0000000C)
    __rt_entry                               0x08000145   Thumb Code     0  __rtentry.o(.ARM.Collect$$rtentry$$00000000)
    __rt_entry_presh_1                       0x08000145   Thumb Code     0  __rtentry2.o(.ARM.Collect$$rtentry$$00000002)
    __rt_entry_sh                            0x08000145   Thumb Code     0  __rtentry4.o(.ARM.Collect$$rtentry$$00000004)
    __rt_entry_li                            0x0800014b   Thumb Code     0  __rtentry2.o(.ARM.Collect$$rtentry$$0000000A)
    __rt_entry_postsh_1                      0x0800014b   Thumb Code     0  __rtentry2.o(.ARM.Collect$$rtentry$$00000009)
    __rt_entry_main                          0x0800014f   Thumb Code     0  __rtentry2.o(.ARM.Collect$$rtentry$$0000000D)
    __rt_entry_postli_1                      0x0800014f   Thumb Code     0  __rtentry2.o(.ARM.Collect$$rtentry$$0000000C)
    __rt_exit                                0x08000157   Thumb Code     0  rtexit.o(.ARM.Collect$$rtexit$$00000000)
    __rt_exit_ls                             0x08000159   Thumb Code     0  rtexit2.o(.ARM.Collect$$rtexit$$00000003)
    __rt_exit_prels_1                        0x08000159   Thumb Code     0  rtexit2.o(.ARM.Collect$$rtexit$$00000002)
    __rt_exit_exit                           0x0800015d   Thumb Code     0  rtexit2.o(.ARM.Collect$$rtexit$$00000004)
    __aeabi_memcpy4                          0x08000165   Thumb Code    56  rt_memcpy.o(.emb_text)
    __aeabi_memcpy8                          0x08000165   Thumb Code     0  rt_memcpy.o(.emb_text)
    main                                     0x0800019d   Thumb Code    36  main.o(.text)
    NMI_Handler                              0x080001c5   Thumb Code     2  stm32f0xx_it.o(.text)
    HardFault_Handler                        0x080001c7   Thumb Code     2  stm32f0xx_it.o(.text)
    SVC_Handler                              0x080001c9   Thumb Code     2  stm32f0xx_it.o(.text)
    PendSV_Handler                           0x080001cb   Thumb Code     2  stm32f0xx_it.o(.text)
    SysTick_Handler                          0x080001cd   Thumb Code     2  stm32f0xx_it.o(.text)
    TIM16_IRQHandler                         0x080001cf   Thumb Code    30  stm32f0xx_it.o(.text)
    SystemInit                               0x080001f1   Thumb Code    84  system_stm32f0xx.o(.text)
    SystemCoreClockUpdate                    0x08000245   Thumb Code    90  system_stm32f0xx.o(.text)
    init_task                                0x0800032d   Thumb Code   156  app.o(.text)
    test_task                                0x080003c9   Thumb Code    12  app.o(.text)
    Set_ReleaseGas_flag                      0x0800040d   Thumb Code     8  comm_task.o(.text)
    Reset_ReleaseGas_flag                    0x08000415   Thumb Code     8  comm_task.o(.text)
    init_PWMState                            0x0800041d   Thumb Code    40  comm_task.o(.text)
    stop_motors_base_on_Pump                 0x08000445   Thumb Code    10  comm_task.o(.text)
    start_motors_base_on_pump                0x0800044f   Thumb Code    56  comm_task.o(.text)
    LED_Blink_for_alert                      0x08000487   Thumb Code   164  comm_task.o(.text)
    No_Hand_IN_PLACE                         0x0800052b   Thumb Code   158  comm_task.o(.text)
    Red_LED_Blink                            0x080005c9   Thumb Code   124  comm_task.o(.text)
    CalcCheckSum                             0x08000645   Thumb Code    34  comm_task.o(.text)
    TaskDataSend                             0x0800072b   Thumb Code    58  comm_task.o(.text)
    InitKeyWakeUpTiming                      0x08000765   Thumb Code    14  comm_task.o(.text)
    Reset_Timing_Parameter                   0x08000773   Thumb Code    60  comm_task.o(.text)
    Is_timing_Xmillisec                      0x080007af   Thumb Code   236  comm_task.o(.text)
    judge_total_PWM3_wait_between_cnt        0x0800089b   Thumb Code    54  comm_task.o(.text)
    PaintPWM                                 0x080008d1   Thumb Code  1234  comm_task.o(.text)
    ResetParameter                           0x08000da3   Thumb Code    32  comm_task.o(.text)
    CheckFlashData                           0x08000dc3   Thumb Code   138  comm_task.o(.text)
    FillUpPWMbuffer                          0x08000e4d   Thumb Code    96  comm_task.o(.text)
    get_switch_mode                          0x08000ead   Thumb Code   294  comm_task.o(.text)
    ReleaseGas                               0x08000fd3   Thumb Code    78  comm_task.o(.text)
    usb_charge_battery                       0x08001021   Thumb Code   436  comm_task.o(.text)
    diff_of_two_values                       0x080011d5   Thumb Code    14  comm_task.o(.text)
    self_test                                0x080011e3   Thumb Code   932  comm_task.o(.text)
    led_blink_beep                           0x08001587   Thumb Code   538  comm_task.o(.text)
    Detect_battery_and_tmp                   0x080017a1   Thumb Code   258  comm_task.o(.text)
    reset_hand_detect_state                  0x080018a3   Thumb Code    46  comm_task.o(.text)
    DetectPalm                               0x080018d1   Thumb Code   318  comm_task.o(.text)
    check_selectedMode_ouputPWM              0x08001a0f   Thumb Code   452  comm_task.o(.text)
    CMD_ProcessTask                          0x08001bd3   Thumb Code    32  comm_task.o(.text)
    CfgWFI                                   0x08001c15   Thumb Code   150  key_power_on_task.o(.text)
    Check_USB_pull_or_push                   0x08001cab   Thumb Code   284  key_power_on_task.o(.text)
    EXTI0_1_IRQHandler                       0x08001dc7   Thumb Code    60  key_power_on_task.o(.text)
    EXTI4_15_IRQHandler                      0x08001e03   Thumb Code    44  key_power_on_task.o(.text)
    Init_gloab_viriable                      0x08001e2f   Thumb Code   296  key_power_on_task.o(.text)
    release_gas_before_sleep                 0x08001f57   Thumb Code   104  key_power_on_task.o(.text)
    init_system_afterWakeUp                  0x08001fbf   Thumb Code    26  key_power_on_task.o(.text)
    CfgALLPins4StopMode                      0x08001fd9   Thumb Code   820  key_power_on_task.o(.text)
    EnterStopMode                            0x0800230d   Thumb Code    36  key_power_on_task.o(.text)
    key_power_on_task                        0x08002331   Thumb Code   262  key_power_on_task.o(.text)
    protocol_module_send_train_data_check_sum 0x08002449   Thumb Code    58  protocol_module.o(.text)
    get_comm_para_to_buf                     0x08002483   Thumb Code    48  protocol_module.o(.text)
    FlashWrite                               0x080024b3   Thumb Code    80  protocol_module.o(.text)
    get_parameter_to_buf_by_frameId          0x08002503   Thumb Code   462  protocol_module.o(.text)
    send_para_rcv_result                     0x080026d1   Thumb Code    48  protocol_module.o(.text)
    FlashReadWord                            0x08002701   Thumb Code     4  protocol_module.o(.text)
    FlashRead                                0x08002705   Thumb Code    26  protocol_module.o(.text)
    send_prameter_fram1_to_PC                0x0800271f   Thumb Code   118  protocol_module.o(.text)
    send_prameter_fram2_to_PC                0x08002795   Thumb Code    74  protocol_module.o(.text)
    send_prameter_fram3_to_PC                0x080027df   Thumb Code    74  protocol_module.o(.text)
    FlashReadByte                            0x08002829   Thumb Code     4  protocol_module.o(.text)
    protocol_module_process                  0x0800282d   Thumb Code   130  protocol_module.o(.text)
    Delay                                    0x080028b1   Thumb Code    10  common.o(.text)
    Delay_us                                 0x080028bb   Thumb Code     8  common.o(.text)
    Delay_ms                                 0x080028c3   Thumb Code    10  common.o(.text)
    delay_init                               0x080028d1   Thumb Code    36  delay.o(.text)
    delay_us                                 0x080028f5   Thumb Code    46  delay.o(.text)
    delay_ms                                 0x08002923   Thumb Code    46  delay.o(.text)
    fifoInit                                 0x08002961   Thumb Code    14  fifo.o(.text)
    fifoReset                                0x0800296f   Thumb Code    10  fifo.o(.text)
    fifoIsFull                               0x08002979   Thumb Code    16  fifo.o(.text)
    fifoCnt                                  0x08002989   Thumb Code     4  fifo.o(.text)
    fifoWriteData                            0x0800298d   Thumb Code    64  fifo.o(.text)
    fifoReadData                             0x080029cd   Thumb Code    58  fifo.o(.text)
    Init_Receive                             0x08002a07   Thumb Code    14  cmd_receive.o(.text)
    Buf2Write                                0x08002a15   Thumb Code    20  cmd_receive.o(.text)
    Buf2Read                                 0x08002a29   Thumb Code    20  cmd_receive.o(.text)
    GetBuf2Length                            0x08002a3d   Thumb Code    14  cmd_receive.o(.text)
    ReceiveData                              0x08002a4b   Thumb Code    78  cmd_receive.o(.text)
    UARTInit                                 0x08002a99   Thumb Code   242  serial_port.o(.text)
    UartSendNBytes                           0x08002b8b   Thumb Code    24  serial_port.o(.text)
    GetUartReceiverResidualCnt               0x08002ba3   Thumb Code    12  serial_port.o(.text)
    I2C_uConfiguration                       0x08002bb9   Thumb Code    40  i2c.o(.text)
    I2C_SDA_OUT                              0x08002be1   Thumb Code    34  i2c.o(.text)
    I2C_SDA_IN                               0x08002c03   Thumb Code    34  i2c.o(.text)
    I2C_Start                                0x08002c25   Thumb Code    40  i2c.o(.text)
    I2C_Stop                                 0x08002c4d   Thumb Code    34  i2c.o(.text)
    I2C_SendAck                              0x08002c6f   Thumb Code    38  i2c.o(.text)
    I2C_SendNak                              0x08002c95   Thumb Code    38  i2c.o(.text)
    I2C_RecAck                               0x08002cbb   Thumb Code    68  i2c.o(.text)
    I2C_SendByte                             0x08002cff   Thumb Code    66  i2c.o(.text)
    I2C_RecByte                              0x08002d41   Thumb Code    60  i2c.o(.text)
    ADS115_enter_power_down_mode             0x08002d7d   Thumb Code    28  i2c.o(.text)
    Init_ADS115                              0x08002d99   Thumb Code    56  i2c.o(.text)
    ADS115_readByte                          0x08002dd1   Thumb Code    86  i2c.o(.text)
    init_tim                                 0x08002e35   Thumb Code    90  hardware.o(.text)
    set_led                                  0x08002e8f   Thumb Code    88  hardware.o(.text)
    Init_LED                                 0x08002ee7   Thumb Code    72  hardware.o(.text)
    Init_PWRSAVE                             0x08002f2f   Thumb Code    44  hardware.o(.text)
    Init_Valve                               0x08002f5b   Thumb Code    42  hardware.o(.text)
    Init_Switch_Mode                         0x08002f85   Thumb Code    28  hardware.o(.text)
    Init_Bat_Charge_Stby                     0x08002fa1   Thumb Code    30  hardware.o(.text)
    Init_PWR_EN                              0x08002fbf   Thumb Code    44  hardware.o(.text)
    Init_PWR_ON_OFF                          0x08002feb   Thumb Code    24  hardware.o(.text)
    Init_SWITCH_ON_OFF                       0x08003003   Thumb Code    22  hardware.o(.text)
    Init_USB_OE                              0x08003019   Thumb Code    22  hardware.o(.text)
    Calibrate_pressure_sensor                0x0800302f   Thumb Code    68  hardware.o(.text)
    Init_ADC1                                0x08003073   Thumb Code   240  hardware.o(.text)
    init_hardware                            0x08003163   Thumb Code    58  hardware.o(.text)
    get_key_status                           0x0800319d   Thumb Code    14  hardware.o(.text)
    save_one_page_to_flash                   0x080031ab   Thumb Code     4  hardware.o(.text)
    read_one_page_from_flash                 0x080031af   Thumb Code     2  hardware.o(.text)
    save_half_word_to_flash                  0x080031b1   Thumb Code     4  hardware.o(.text)
    read_half_word_from_flash                0x080031b5   Thumb Code     2  hardware.o(.text)
    save_half_word_buf_to_eeprom             0x080031b7   Thumb Code     4  hardware.o(.text)
    read_half_word_buf_from_eeprom           0x080031bb   Thumb Code     2  hardware.o(.text)
    Key_WakeUp_Init                          0x080031bd   Thumb Code    30  hardware.o(.text)
    Motor_PWM_Init                           0x08003315   Thumb Code    12  motor_pwm.o(.text)
    Motor_PWM_Freq_Dudy_Set                  0x08003321   Thumb Code   172  motor_pwm.o(.text)
    os_start                                 0x080034a5   Thumb Code    54  os_core.o(.text)
    os_create_task                           0x080034db   Thumb Code    26  os_core.o(.text)
    os_resume_task                           0x080034f5   Thumb Code    18  os_core.o(.text)
    os_pend_task                             0x08003507   Thumb Code    18  os_core.o(.text)
    os_delay_ms                              0x08003519   Thumb Code    38  os_core.o(.text)
    os_isr_ticks                             0x0800353f   Thumb Code    10  os_core.o(.text)
    os_init                                  0x08003549   Thumb Code     8  os_core.o(.text)
    Init_sysTick                             0x08003551   Thumb Code     2  os_core.o(.text)
    Reset_Handler                            0x0800355d   Thumb Code     8  startup_stm32f0xx.o(.text)
    ADC1_COMP_IRQHandler                     0x0800356f   Thumb Code     0  startup_stm32f0xx.o(.text)
    CEC_IRQHandler                           0x0800356f   Thumb Code     0  startup_stm32f0xx.o(.text)
    DMA1_Channel1_IRQHandler                 0x0800356f   Thumb Code     0  startup_stm32f0xx.o(.text)
    DMA1_Channel2_3_IRQHandler               0x0800356f   Thumb Code     0  startup_stm32f0xx.o(.text)
    DMA1_Channel4_5_IRQHandler               0x0800356f   Thumb Code     0  startup_stm32f0xx.o(.text)
    EXTI2_3_IRQHandler                       0x0800356f   Thumb Code     0  startup_stm32f0xx.o(.text)
    FLASH_IRQHandler                         0x0800356f   Thumb Code     0  startup_stm32f0xx.o(.text)
    I2C1_IRQHandler                          0x0800356f   Thumb Code     0  startup_stm32f0xx.o(.text)
    I2C2_IRQHandler                          0x0800356f   Thumb Code     0  startup_stm32f0xx.o(.text)
    PVD_IRQHandler                           0x0800356f   Thumb Code     0  startup_stm32f0xx.o(.text)
    RCC_IRQHandler                           0x0800356f   Thumb Code     0  startup_stm32f0xx.o(.text)
    RTC_IRQHandler                           0x0800356f   Thumb Code     0  startup_stm32f0xx.o(.text)
    SPI1_IRQHandler                          0x0800356f   Thumb Code     0  startup_stm32f0xx.o(.text)
    SPI2_IRQHandler                          0x0800356f   Thumb Code     0  startup_stm32f0xx.o(.text)
    TIM14_IRQHandler                         0x0800356f   Thumb Code     0  startup_stm32f0xx.o(.text)
    TIM15_IRQHandler                         0x0800356f   Thumb Code     0  startup_stm32f0xx.o(.text)
    TIM17_IRQHandler                         0x0800356f   Thumb Code     0  startup_stm32f0xx.o(.text)
    TIM1_BRK_UP_TRG_COM_IRQHandler           0x0800356f   Thumb Code     0  startup_stm32f0xx.o(.text)
    TIM1_CC_IRQHandler                       0x0800356f   Thumb Code     0  startup_stm32f0xx.o(.text)
    TIM2_IRQHandler                          0x0800356f   Thumb Code     0  startup_stm32f0xx.o(.text)
    TIM3_IRQHandler                          0x0800356f   Thumb Code     0  startup_stm32f0xx.o(.text)
    TIM6_DAC_IRQHandler                      0x0800356f   Thumb Code     0  startup_stm32f0xx.o(.text)
    TS_IRQHandler                            0x0800356f   Thumb Code     0  startup_stm32f0xx.o(.text)
    USART1_IRQHandler                        0x0800356f   Thumb Code     0  startup_stm32f0xx.o(.text)
    USART2_IRQHandler                        0x0800356f   Thumb Code     0  startup_stm32f0xx.o(.text)
    WWDG_IRQHandler                          0x0800356f   Thumb Code     0  startup_stm32f0xx.o(.text)
    __user_initial_stackheap                 0x08003571   Thumb Code     0  startup_stm32f0xx.o(.text)
    GPIO_DeInit                              0x08003595   Thumb Code    78  stm32f0xx_gpio.o(.text)
    GPIO_Init                                0x080035e3   Thumb Code   112  stm32f0xx_gpio.o(.text)
    GPIO_StructInit                          0x08003653   Thumb Code    18  stm32f0xx_gpio.o(.text)
    GPIO_PinLockConfig                       0x08003665   Thumb Code    26  stm32f0xx_gpio.o(.text)
    GPIO_ReadInputDataBit                    0x0800367f   Thumb Code    14  stm32f0xx_gpio.o(.text)
    GPIO_ReadInputData                       0x0800368d   Thumb Code     4  stm32f0xx_gpio.o(.text)
    GPIO_ReadOutputDataBit                   0x08003691   Thumb Code    14  stm32f0xx_gpio.o(.text)
    GPIO_ReadOutputData                      0x0800369f   Thumb Code     4  stm32f0xx_gpio.o(.text)
    GPIO_SetBits                             0x080036a3   Thumb Code     4  stm32f0xx_gpio.o(.text)
    GPIO_ResetBits                           0x080036a7   Thumb Code     4  stm32f0xx_gpio.o(.text)
    GPIO_WriteBit                            0x080036ab   Thumb Code    12  stm32f0xx_gpio.o(.text)
    GPIO_Write                               0x080036b7   Thumb Code     4  stm32f0xx_gpio.o(.text)
    GPIO_PinAFConfig                         0x080036bb   Thumb Code    32  stm32f0xx_gpio.o(.text)
    RCC_DeInit                               0x080036f1   Thumb Code    78  stm32f0xx_rcc.o(.text)
    RCC_HSEConfig                            0x0800373f   Thumb Code    10  stm32f0xx_rcc.o(.text)
    RCC_GetFlagStatus                        0x08003749   Thumb Code    48  stm32f0xx_rcc.o(.text)
    RCC_WaitForHSEStartUp                    0x08003779   Thumb Code    44  stm32f0xx_rcc.o(.text)
    RCC_AdjustHSICalibrationValue            0x080037a5   Thumb Code    16  stm32f0xx_rcc.o(.text)
    RCC_HSICmd                               0x080037b5   Thumb Code    22  stm32f0xx_rcc.o(.text)
    RCC_AdjustHSI14CalibrationValue          0x080037cb   Thumb Code    16  stm32f0xx_rcc.o(.text)
    RCC_HSI14Cmd                             0x080037db   Thumb Code    22  stm32f0xx_rcc.o(.text)
    RCC_HSI14ADCRequestCmd                   0x080037f1   Thumb Code    20  stm32f0xx_rcc.o(.text)
    RCC_LSEConfig                            0x08003805   Thumb Code    26  stm32f0xx_rcc.o(.text)
    RCC_LSEDriveConfig                       0x0800381f   Thumb Code    18  stm32f0xx_rcc.o(.text)
    RCC_LSICmd                               0x08003831   Thumb Code    22  stm32f0xx_rcc.o(.text)
    RCC_PLLConfig                            0x08003847   Thumb Code    24  stm32f0xx_rcc.o(.text)
    RCC_PLLCmd                               0x0800385f   Thumb Code    22  stm32f0xx_rcc.o(.text)
    RCC_PREDIV1Config                        0x08003875   Thumb Code    14  stm32f0xx_rcc.o(.text)
    RCC_ClockSecuritySystemCmd               0x08003883   Thumb Code    22  stm32f0xx_rcc.o(.text)
    RCC_MCOConfig                            0x08003899   Thumb Code     6  stm32f0xx_rcc.o(.text)
    RCC_SYSCLKConfig                         0x0800389f   Thumb Code    14  stm32f0xx_rcc.o(.text)
    RCC_GetSYSCLKSource                      0x080038ad   Thumb Code    10  stm32f0xx_rcc.o(.text)
    RCC_HCLKConfig                           0x080038b7   Thumb Code    14  stm32f0xx_rcc.o(.text)
    RCC_PCLKConfig                           0x080038c5   Thumb Code    16  stm32f0xx_rcc.o(.text)
    RCC_ADCCLKConfig                         0x080038d5   Thumb Code    38  stm32f0xx_rcc.o(.text)
    RCC_CECCLKConfig                         0x080038fb   Thumb Code    18  stm32f0xx_rcc.o(.text)
    RCC_I2CCLKConfig                         0x0800390d   Thumb Code    18  stm32f0xx_rcc.o(.text)
    RCC_USARTCLKConfig                       0x0800391f   Thumb Code    18  stm32f0xx_rcc.o(.text)
    RCC_GetClocksFreq                        0x08003931   Thumb Code   208  stm32f0xx_rcc.o(.text)
    RCC_RTCCLKConfig                         0x08003a01   Thumb Code    10  stm32f0xx_rcc.o(.text)
    RCC_RTCCLKCmd                            0x08003a0b   Thumb Code    20  stm32f0xx_rcc.o(.text)
    RCC_BackupResetCmd                       0x08003a1f   Thumb Code    22  stm32f0xx_rcc.o(.text)
    RCC_AHBPeriphClockCmd                    0x08003a35   Thumb Code    18  stm32f0xx_rcc.o(.text)
    RCC_APB2PeriphClockCmd                   0x08003a47   Thumb Code    18  stm32f0xx_rcc.o(.text)
    RCC_APB1PeriphClockCmd                   0x08003a59   Thumb Code    18  stm32f0xx_rcc.o(.text)
    RCC_AHBPeriphResetCmd                    0x08003a6b   Thumb Code    18  stm32f0xx_rcc.o(.text)
    RCC_APB2PeriphResetCmd                   0x08003a7d   Thumb Code    18  stm32f0xx_rcc.o(.text)
    RCC_APB1PeriphResetCmd                   0x08003a8f   Thumb Code    18  stm32f0xx_rcc.o(.text)
    RCC_ITConfig                             0x08003aa1   Thumb Code    18  stm32f0xx_rcc.o(.text)
    RCC_ClearFlag                            0x08003ab3   Thumb Code    14  stm32f0xx_rcc.o(.text)
    RCC_GetITStatus                          0x08003ac1   Thumb Code    48  stm32f0xx_rcc.o(.text)
    RCC_ClearITPendingBit                    0x08003af1   Thumb Code     6  stm32f0xx_rcc.o(.text)
    NVIC_Init                                0x08003afd   Thumb Code    70  stm32f0xx_misc.o(.text)
    NVIC_SystemLPConfig                      0x08003b43   Thumb Code    18  stm32f0xx_misc.o(.text)
    SysTick_CLKSourceConfig                  0x08003b55   Thumb Code    20  stm32f0xx_misc.o(.text)
    USART_DeInit                             0x08003b79   Thumb Code    54  stm32f0xx_usart.o(.text)
    USART_Init                               0x08003baf   Thumb Code   166  stm32f0xx_usart.o(.text)
    USART_StructInit                         0x08003c55   Thumb Code    22  stm32f0xx_usart.o(.text)
    USART_ClockInit                          0x08003c6b   Thumb Code    28  stm32f0xx_usart.o(.text)
    USART_ClockStructInit                    0x08003c87   Thumb Code    12  stm32f0xx_usart.o(.text)
    USART_Cmd                                0x08003c93   Thumb Code    20  stm32f0xx_usart.o(.text)
    USART_DirectionModeCmd                   0x08003ca7   Thumb Code    16  stm32f0xx_usart.o(.text)
    USART_OverSampling8Cmd                   0x08003cb7   Thumb Code    20  stm32f0xx_usart.o(.text)
    USART_OneBitMethodCmd                    0x08003ccb   Thumb Code    20  stm32f0xx_usart.o(.text)
    USART_MSBFirstCmd                        0x08003cdf   Thumb Code    20  stm32f0xx_usart.o(.text)
    USART_DataInvCmd                         0x08003cf3   Thumb Code    20  stm32f0xx_usart.o(.text)
    USART_InvPinCmd                          0x08003d07   Thumb Code    16  stm32f0xx_usart.o(.text)
    USART_SWAPPinCmd                         0x08003d17   Thumb Code    20  stm32f0xx_usart.o(.text)
    USART_ReceiverTimeOutCmd                 0x08003d2b   Thumb Code    20  stm32f0xx_usart.o(.text)
    USART_SetReceiverTimeOut                 0x08003d3f   Thumb Code    16  stm32f0xx_usart.o(.text)
    USART_SetPrescaler                       0x08003d4f   Thumb Code    16  stm32f0xx_usart.o(.text)
    USART_STOPModeCmd                        0x08003d5f   Thumb Code    18  stm32f0xx_usart.o(.text)
    USART_StopModeWakeUpSourceConfig         0x08003d71   Thumb Code    18  stm32f0xx_usart.o(.text)
    USART_AutoBaudRateCmd                    0x08003d83   Thumb Code    20  stm32f0xx_usart.o(.text)
    USART_AutoBaudRateConfig                 0x08003d97   Thumb Code    18  stm32f0xx_usart.o(.text)
    USART_AutoBaudRateNewRequest             0x08003da9   Thumb Code    12  stm32f0xx_usart.o(.text)
    USART_SendData                           0x08003db5   Thumb Code     8  stm32f0xx_usart.o(.text)
    USART_ReceiveData                        0x08003dbd   Thumb Code     8  stm32f0xx_usart.o(.text)
    USART_SetAddress                         0x08003dc5   Thumb Code    18  stm32f0xx_usart.o(.text)
    USART_MuteModeCmd                        0x08003dd7   Thumb Code    20  stm32f0xx_usart.o(.text)
    USART_MuteModeWakeUpConfig               0x08003deb   Thumb Code    18  stm32f0xx_usart.o(.text)
    USART_AddressDetectionConfig             0x08003dfd   Thumb Code    16  stm32f0xx_usart.o(.text)
    USART_LINBreakDetectLengthConfig         0x08003e0d   Thumb Code    16  stm32f0xx_usart.o(.text)
    USART_LINCmd                             0x08003e1d   Thumb Code    20  stm32f0xx_usart.o(.text)
    USART_HalfDuplexCmd                      0x08003e31   Thumb Code    18  stm32f0xx_usart.o(.text)
    USART_SetGuardTime                       0x08003e43   Thumb Code    16  stm32f0xx_usart.o(.text)
    USART_SmartCardCmd                       0x08003e53   Thumb Code    18  stm32f0xx_usart.o(.text)
    USART_SmartCardNACKCmd                   0x08003e65   Thumb Code    18  stm32f0xx_usart.o(.text)
    USART_SetAutoRetryCount                  0x08003e77   Thumb Code    20  stm32f0xx_usart.o(.text)
    USART_SetBlockLength                     0x08003e8b   Thumb Code    18  stm32f0xx_usart.o(.text)
    USART_IrDAConfig                         0x08003e9d   Thumb Code    16  stm32f0xx_usart.o(.text)
    USART_IrDACmd                            0x08003ead   Thumb Code    18  stm32f0xx_usart.o(.text)
    USART_DECmd                              0x08003ebf   Thumb Code    20  stm32f0xx_usart.o(.text)
    USART_DEPolarityConfig                   0x08003ed3   Thumb Code    18  stm32f0xx_usart.o(.text)
    USART_SetDEAssertionTime                 0x08003ee5   Thumb Code    20  stm32f0xx_usart.o(.text)
    USART_SetDEDeassertionTime               0x08003ef9   Thumb Code    20  stm32f0xx_usart.o(.text)
    USART_DMACmd                             0x08003f0d   Thumb Code    16  stm32f0xx_usart.o(.text)
    USART_DMAReceptionErrorConfig            0x08003f1d   Thumb Code    18  stm32f0xx_usart.o(.text)
    USART_ITConfig                           0x08003f2f   Thumb Code    54  stm32f0xx_usart.o(.text)
    USART_RequestCmd                         0x08003f65   Thumb Code    16  stm32f0xx_usart.o(.text)
    USART_OverrunDetectionConfig             0x08003f75   Thumb Code    18  stm32f0xx_usart.o(.text)
    USART_GetFlagStatus                      0x08003f87   Thumb Code    14  stm32f0xx_usart.o(.text)
    USART_ClearFlag                          0x08003f95   Thumb Code     4  stm32f0xx_usart.o(.text)
    USART_GetITStatus                        0x08003f99   Thumb Code    56  stm32f0xx_usart.o(.text)
    USART_ClearITPendingBit                  0x08003fd1   Thumb Code    10  stm32f0xx_usart.o(.text)
    TIM_DeInit                               0x08003fdd   Thumb Code   152  stm32f0xx_tim.o(.text)
    TIM_TimeBaseInit                         0x08004075   Thumb Code    88  stm32f0xx_tim.o(.text)
    TIM_TimeBaseStructInit                   0x080040cd   Thumb Code    18  stm32f0xx_tim.o(.text)
    TIM_PrescalerConfig                      0x080040df   Thumb Code     6  stm32f0xx_tim.o(.text)
    TIM_CounterModeConfig                    0x080040e5   Thumb Code    12  stm32f0xx_tim.o(.text)
    TIM_SetCounter                           0x080040f1   Thumb Code     4  stm32f0xx_tim.o(.text)
    TIM_SetAutoreload                        0x080040f5   Thumb Code     4  stm32f0xx_tim.o(.text)
    TIM_GetCounter                           0x080040f9   Thumb Code     4  stm32f0xx_tim.o(.text)
    TIM_GetPrescaler                         0x080040fd   Thumb Code     4  stm32f0xx_tim.o(.text)
    TIM_UpdateDisableConfig                  0x08004101   Thumb Code    18  stm32f0xx_tim.o(.text)
    TIM_UpdateRequestConfig                  0x08004113   Thumb Code    18  stm32f0xx_tim.o(.text)
    TIM_ARRPreloadConfig                     0x08004125   Thumb Code    18  stm32f0xx_tim.o(.text)
    TIM_SelectOnePulseMode                   0x08004137   Thumb Code    16  stm32f0xx_tim.o(.text)
    TIM_SetClockDivision                     0x08004147   Thumb Code    16  stm32f0xx_tim.o(.text)
    TIM_Cmd                                  0x08004157   Thumb Code    20  stm32f0xx_tim.o(.text)
    TIM_BDTRConfig                           0x0800416b   Thumb Code    34  stm32f0xx_tim.o(.text)
    TIM_BDTRStructInit                       0x0800418d   Thumb Code    18  stm32f0xx_tim.o(.text)
    TIM_CtrlPWMOutputs                       0x0800419f   Thumb Code    24  stm32f0xx_tim.o(.text)
    TIM_OC1Init                              0x080041b7   Thumb Code   104  stm32f0xx_tim.o(.text)
    TIM_OC2Init                              0x0800421f   Thumb Code   110  stm32f0xx_tim.o(.text)
    TIM_OC3Init                              0x0800428d   Thumb Code   110  stm32f0xx_tim.o(.text)
    TIM_OC4Init                              0x080042fb   Thumb Code    78  stm32f0xx_tim.o(.text)
    TIM_OCStructInit                         0x08004349   Thumb Code    20  stm32f0xx_tim.o(.text)
    TIM_SelectOCxM                           0x0800435d   Thumb Code    70  stm32f0xx_tim.o(.text)
    TIM_SetCompare1                          0x080043a3   Thumb Code     4  stm32f0xx_tim.o(.text)
    TIM_SetCompare2                          0x080043a7   Thumb Code     4  stm32f0xx_tim.o(.text)
    TIM_SetCompare3                          0x080043ab   Thumb Code     4  stm32f0xx_tim.o(.text)
    TIM_SetCompare4                          0x080043af   Thumb Code     4  stm32f0xx_tim.o(.text)
    TIM_ForcedOC1Config                      0x080043b3   Thumb Code    86  stm32f0xx_tim.o(.text)
    TIM_ForcedOC2Config                      0x08004409   Thumb Code    14  stm32f0xx_tim.o(.text)
    TIM_ForcedOC3Config                      0x08004417   Thumb Code    12  stm32f0xx_tim.o(.text)
    TIM_ForcedOC4Config                      0x08004423   Thumb Code    14  stm32f0xx_tim.o(.text)
    TIM_CCPreloadControl                     0x08004431   Thumb Code    20  stm32f0xx_tim.o(.text)
    TIM_OC1PreloadConfig                     0x08004445   Thumb Code    12  stm32f0xx_tim.o(.text)
    TIM_OC2PreloadConfig                     0x08004451   Thumb Code    14  stm32f0xx_tim.o(.text)
    TIM_OC3PreloadConfig                     0x0800445f   Thumb Code    12  stm32f0xx_tim.o(.text)
    TIM_OC4PreloadConfig                     0x0800446b   Thumb Code    14  stm32f0xx_tim.o(.text)
    TIM_OC1FastConfig                        0x08004479   Thumb Code    12  stm32f0xx_tim.o(.text)
    TIM_OC2FastConfig                        0x08004485   Thumb Code    14  stm32f0xx_tim.o(.text)
    TIM_OC3FastConfig                        0x08004493   Thumb Code    12  stm32f0xx_tim.o(.text)
    TIM_OC4FastConfig                        0x0800449f   Thumb Code    14  stm32f0xx_tim.o(.text)
    TIM_ClearOC1Ref                          0x080044ad   Thumb Code    12  stm32f0xx_tim.o(.text)
    TIM_ClearOC2Ref                          0x080044b9   Thumb Code    14  stm32f0xx_tim.o(.text)
    TIM_ClearOC3Ref                          0x080044c7   Thumb Code    12  stm32f0xx_tim.o(.text)
    TIM_ClearOC4Ref                          0x080044d3   Thumb Code    14  stm32f0xx_tim.o(.text)
    TIM_OC1PolarityConfig                    0x080044e1   Thumb Code    12  stm32f0xx_tim.o(.text)
    TIM_OC1NPolarityConfig                   0x080044ed   Thumb Code    12  stm32f0xx_tim.o(.text)
    TIM_OC2PolarityConfig                    0x080044f9   Thumb Code    14  stm32f0xx_tim.o(.text)
    TIM_OC2NPolarityConfig                   0x08004507   Thumb Code    14  stm32f0xx_tim.o(.text)
    TIM_OC3PolarityConfig                    0x08004515   Thumb Code    14  stm32f0xx_tim.o(.text)
    TIM_OC3NPolarityConfig                   0x08004523   Thumb Code    14  stm32f0xx_tim.o(.text)
    TIM_OC4PolarityConfig                    0x08004531   Thumb Code    14  stm32f0xx_tim.o(.text)
    TIM_SelectOCREFClear                     0x0800453f   Thumb Code    16  stm32f0xx_tim.o(.text)
    TIM_CCxCmd                               0x0800454f   Thumb Code    22  stm32f0xx_tim.o(.text)
    TIM_CCxNCmd                              0x08004565   Thumb Code    22  stm32f0xx_tim.o(.text)
    TIM_SelectCOM                            0x0800457b   Thumb Code    18  stm32f0xx_tim.o(.text)
    TIM_SetIC4Prescaler                      0x0800458d   Thumb Code    18  stm32f0xx_tim.o(.text)
    TIM_SetIC3Prescaler                      0x0800459f   Thumb Code    16  stm32f0xx_tim.o(.text)
    TIM_SetIC2Prescaler                      0x080045af   Thumb Code    18  stm32f0xx_tim.o(.text)
    TIM_SetIC1Prescaler                      0x080045eb   Thumb Code    16  stm32f0xx_tim.o(.text)
    TIM_ICInit                               0x08004623   Thumb Code   162  stm32f0xx_tim.o(.text)
    TIM_ICStructInit                         0x080046c5   Thumb Code    16  stm32f0xx_tim.o(.text)
    TIM_PWMIConfig                           0x080046d5   Thumb Code   104  stm32f0xx_tim.o(.text)
    TIM_GetCapture1                          0x0800473d   Thumb Code     4  stm32f0xx_tim.o(.text)
    TIM_GetCapture2                          0x08004741   Thumb Code     4  stm32f0xx_tim.o(.text)
    TIM_GetCapture3                          0x08004745   Thumb Code     4  stm32f0xx_tim.o(.text)
    TIM_GetCapture4                          0x08004749   Thumb Code     4  stm32f0xx_tim.o(.text)
    TIM_ITConfig                             0x0800474d   Thumb Code    16  stm32f0xx_tim.o(.text)
    TIM_GenerateEvent                        0x0800475d   Thumb Code     4  stm32f0xx_tim.o(.text)
    TIM_GetFlagStatus                        0x08004761   Thumb Code    14  stm32f0xx_tim.o(.text)
    TIM_ClearFlag                            0x0800476f   Thumb Code     6  stm32f0xx_tim.o(.text)
    TIM_GetITStatus                          0x08004775   Thumb Code    24  stm32f0xx_tim.o(.text)
    TIM_ClearITPendingBit                    0x0800478d   Thumb Code     6  stm32f0xx_tim.o(.text)
    TIM_DMAConfig                            0x08004793   Thumb Code     8  stm32f0xx_tim.o(.text)
    TIM_DMACmd                               0x0800479b   Thumb Code    16  stm32f0xx_tim.o(.text)
    TIM_SelectCCDMA                          0x080047ab   Thumb Code    18  stm32f0xx_tim.o(.text)
    TIM_InternalClockConfig                  0x080047bd   Thumb Code    10  stm32f0xx_tim.o(.text)
    TIM_SelectInputTrigger                   0x080047c7   Thumb Code    12  stm32f0xx_tim.o(.text)
    TIM_ITRxExternalClockConfig              0x080047d3   Thumb Code    62  stm32f0xx_tim.o(.text)
    TIM_TIxExternalClockConfig               0x08004811   Thumb Code    48  stm32f0xx_tim.o(.text)
    TIM_ETRConfig                            0x08004841   Thumb Code    18  stm32f0xx_tim.o(.text)
    TIM_ETRClockMode1Config                  0x08004853   Thumb Code    28  stm32f0xx_tim.o(.text)
    TIM_ETRClockMode2Config                  0x0800486f   Thumb Code    20  stm32f0xx_tim.o(.text)
    TIM_SelectOutputTrigger                  0x08004883   Thumb Code    16  stm32f0xx_tim.o(.text)
    TIM_SelectSlaveMode                      0x08004893   Thumb Code    16  stm32f0xx_tim.o(.text)
    TIM_SelectMasterSlaveMode                0x080048a3   Thumb Code    16  stm32f0xx_tim.o(.text)
    TIM_EncoderInterfaceConfig               0x080048b3   Thumb Code    42  stm32f0xx_tim.o(.text)
    TIM_SelectHallSensor                     0x080048dd   Thumb Code    18  stm32f0xx_tim.o(.text)
    TIM_RemapConfig                          0x080048ef   Thumb Code     6  stm32f0xx_tim.o(.text)
    DMA_DeInit                               0x080048f9   Thumb Code   100  stm32f0xx_dma.o(.text)
    DMA_Init                                 0x0800495d   Thumb Code    56  stm32f0xx_dma.o(.text)
    DMA_StructInit                           0x08004995   Thumb Code    26  stm32f0xx_dma.o(.text)
    DMA_Cmd                                  0x080049af   Thumb Code    20  stm32f0xx_dma.o(.text)
    DMA_SetCurrDataCounter                   0x080049c3   Thumb Code     4  stm32f0xx_dma.o(.text)
    DMA_GetCurrDataCounter                   0x080049c7   Thumb Code     6  stm32f0xx_dma.o(.text)
    DMA_ITConfig                             0x080049cd   Thumb Code    16  stm32f0xx_dma.o(.text)
    DMA_GetFlagStatus                        0x080049dd   Thumb Code    18  stm32f0xx_dma.o(.text)
    DMA_ClearFlag                            0x080049ef   Thumb Code     8  stm32f0xx_dma.o(.text)
    DMA_GetITStatus                          0x080049f7   Thumb Code    18  stm32f0xx_dma.o(.text)
    DMA_ClearITPendingBit                    0x08004a09   Thumb Code     8  stm32f0xx_dma.o(.text)
    PWR_DeInit                               0x08004a1d   Thumb Code    22  stm32f0xx_pwr.o(.text)
    PWR_BackupAccessCmd                      0x08004a33   Thumb Code    20  stm32f0xx_pwr.o(.text)
    PWR_PVDLevelConfig                       0x08004a47   Thumb Code    14  stm32f0xx_pwr.o(.text)
    PWR_PVDCmd                               0x08004a55   Thumb Code    20  stm32f0xx_pwr.o(.text)
    PWR_WakeUpPinCmd                         0x08004a69   Thumb Code    18  stm32f0xx_pwr.o(.text)
    PWR_EnterSleepMode                       0x08004a7b   Thumb Code    22  stm32f0xx_pwr.o(.text)
    PWR_EnterSTOPMode                        0x08004a91   Thumb Code    40  stm32f0xx_pwr.o(.text)
    PWR_EnterSTANDBYMode                     0x08004ab9   Thumb Code    30  stm32f0xx_pwr.o(.text)
    PWR_GetFlagStatus                        0x08004ad7   Thumb Code    16  stm32f0xx_pwr.o(.text)
    PWR_ClearFlag                            0x08004ae7   Thumb Code    12  stm32f0xx_pwr.o(.text)
    FLASH_SetLatency                         0x08004afd   Thumb Code    14  stm32f0xx_flash.o(.text)
    FLASH_PrefetchBufferCmd                  0x08004b0b   Thumb Code    20  stm32f0xx_flash.o(.text)
    FLASH_GetPrefetchBufferStatus            0x08004b1f   Thumb Code    14  stm32f0xx_flash.o(.text)
    FLASH_Unlock                             0x08004b2d   Thumb Code    18  stm32f0xx_flash.o(.text)
    FLASH_Lock                               0x08004b3f   Thumb Code    12  stm32f0xx_flash.o(.text)
    FLASH_GetStatus                          0x08004b4b   Thumb Code    34  stm32f0xx_flash.o(.text)
    FLASH_WaitForLastOperation               0x08004b6d   Thumb Code    34  stm32f0xx_flash.o(.text)
    FLASH_ErasePage                          0x08004b8f   Thumb Code    52  stm32f0xx_flash.o(.text)
    FLASH_EraseAllPages                      0x08004bc3   Thumb Code    48  stm32f0xx_flash.o(.text)
    FLASH_ProgramWord                        0x08004bf3   Thumb Code    70  stm32f0xx_flash.o(.text)
    FLASH_ProgramHalfWord                    0x08004c39   Thumb Code    48  stm32f0xx_flash.o(.text)
    FLASH_OB_Unlock                          0x08004c69   Thumb Code    18  stm32f0xx_flash.o(.text)
    FLASH_OB_Lock                            0x08004c7b   Thumb Code    12  stm32f0xx_flash.o(.text)
    FLASH_OB_Launch                          0x08004c87   Thumb Code    14  stm32f0xx_flash.o(.text)
    FLASH_OB_GetRDP                          0x08004c95   Thumb Code    16  stm32f0xx_flash.o(.text)
    FLASH_OB_Erase                           0x08004ca5   Thumb Code   106  stm32f0xx_flash.o(.text)
    FLASH_OB_EnableWRP                       0x08004d0f   Thumb Code    80  stm32f0xx_flash.o(.text)
    FLASH_OB_RDPConfig                       0x08004d5f   Thumb Code    82  stm32f0xx_flash.o(.text)
    FLASH_OB_UserConfig                      0x08004db1   Thumb Code    64  stm32f0xx_flash.o(.text)
    FLASH_OB_BOOTConfig                      0x08004df1   Thumb Code    54  stm32f0xx_flash.o(.text)
    FLASH_OB_VDDAConfig                      0x08004e27   Thumb Code    54  stm32f0xx_flash.o(.text)
    FLASH_OB_SRAMParityConfig                0x08004e5d   Thumb Code    54  stm32f0xx_flash.o(.text)
    FLASH_OB_WriteUser                       0x08004e93   Thumb Code    54  stm32f0xx_flash.o(.text)
    FLASH_ProgramOptionByteData              0x08004ec9   Thumb Code    68  stm32f0xx_flash.o(.text)
    FLASH_OB_GetUser                         0x08004f0d   Thumb Code    10  stm32f0xx_flash.o(.text)
    FLASH_OB_GetWRP                          0x08004f17   Thumb Code     6  stm32f0xx_flash.o(.text)
    FLASH_ITConfig                           0x08004f1d   Thumb Code    18  stm32f0xx_flash.o(.text)
    FLASH_GetFlagStatus                      0x08004f2f   Thumb Code    16  stm32f0xx_flash.o(.text)
    FLASH_ClearFlag                          0x08004f3f   Thumb Code     6  stm32f0xx_flash.o(.text)
    ADC_DeInit                               0x08004f49   Thumb Code    28  stm32f0xx_adc.o(.text)
    ADC_Init                                 0x08004f65   Thumb Code    38  stm32f0xx_adc.o(.text)
    ADC_StructInit                           0x08004f8b   Thumb Code    16  stm32f0xx_adc.o(.text)
    ADC_Cmd                                  0x08004f9b   Thumb Code    18  stm32f0xx_adc.o(.text)
    ADC_JitterCmd                            0x08004fad   Thumb Code    16  stm32f0xx_adc.o(.text)
    ADC_AutoPowerOffCmd                      0x08004fbd   Thumb Code    20  stm32f0xx_adc.o(.text)
    ADC_WaitModeCmd                          0x08004fd1   Thumb Code    20  stm32f0xx_adc.o(.text)
    ADC_AnalogWatchdogCmd                    0x08004fe5   Thumb Code    20  stm32f0xx_adc.o(.text)
    ADC_AnalogWatchdogThresholdsConfig       0x08004ff9   Thumb Code     8  stm32f0xx_adc.o(.text)
    ADC_AnalogWatchdogSingleChannelConfig    0x08005001   Thumb Code    14  stm32f0xx_adc.o(.text)
    ADC_AnalogWatchdogSingleChannelCmd       0x0800500f   Thumb Code    20  stm32f0xx_adc.o(.text)
    ADC_TempSensorCmd                        0x08005023   Thumb Code    22  stm32f0xx_adc.o(.text)
    ADC_VrefintCmd                           0x08005039   Thumb Code    22  stm32f0xx_adc.o(.text)
    ADC_VbatCmd                              0x0800504f   Thumb Code    22  stm32f0xx_adc.o(.text)
    ADC_ChannelConfig                        0x08005065   Thumb Code    10  stm32f0xx_adc.o(.text)
    ADC_ContinuousModeCmd                    0x0800506f   Thumb Code    20  stm32f0xx_adc.o(.text)
    ADC_DiscModeCmd                          0x08005083   Thumb Code    20  stm32f0xx_adc.o(.text)
    ADC_OverrunModeCmd                       0x08005097   Thumb Code    20  stm32f0xx_adc.o(.text)
    ADC_GetCalibrationFactor                 0x080050ab   Thumb Code    46  stm32f0xx_adc.o(.text)
    ADC_StopOfConversion                     0x080050d9   Thumb Code    10  stm32f0xx_adc.o(.text)
    ADC_StartOfConversion                    0x080050e3   Thumb Code    10  stm32f0xx_adc.o(.text)
    ADC_GetConversionValue                   0x080050ed   Thumb Code     6  stm32f0xx_adc.o(.text)
    ADC_DMACmd                               0x080050f3   Thumb Code    20  stm32f0xx_adc.o(.text)
    ADC_DMARequestModeConfig                 0x08005107   Thumb Code    16  stm32f0xx_adc.o(.text)
    ADC_ITConfig                             0x08005117   Thumb Code    16  stm32f0xx_adc.o(.text)
    ADC_GetFlagStatus                        0x08005127   Thumb Code    28  stm32f0xx_adc.o(.text)
    ADC_ClearFlag                            0x08005143   Thumb Code     4  stm32f0xx_adc.o(.text)
    ADC_GetITStatus                          0x08005147   Thumb Code    22  stm32f0xx_adc.o(.text)
    ADC_ClearITPendingBit                    0x0800515d   Thumb Code     4  stm32f0xx_adc.o(.text)
    EXTI_DeInit                              0x0800516d   Thumb Code    20  stm32f0xx_exti.o(.text)
    EXTI_Init                                0x08005181   Thumb Code   102  stm32f0xx_exti.o(.text)
    EXTI_StructInit                          0x080051e7   Thumb Code    14  stm32f0xx_exti.o(.text)
    EXTI_GenerateSWInterrupt                 0x080051f5   Thumb Code    10  stm32f0xx_exti.o(.text)
    EXTI_GetFlagStatus                       0x080051ff   Thumb Code    16  stm32f0xx_exti.o(.text)
    EXTI_ClearFlag                           0x0800520f   Thumb Code     6  stm32f0xx_exti.o(.text)
    EXTI_GetITStatus                         0x08005215   Thumb Code    24  stm32f0xx_exti.o(.text)
    EXTI_ClearITPendingBit                   0x0800522d   Thumb Code     6  stm32f0xx_exti.o(.text)
    SYSCFG_DeInit                            0x08005241   Thumb Code    30  stm32f0xx_syscfg.o(.text)
    SYSCFG_MemoryRemapConfig                 0x0800525f   Thumb Code    14  stm32f0xx_syscfg.o(.text)
    SYSCFG_DMAChannelRemapConfig             0x0800526d   Thumb Code    18  stm32f0xx_syscfg.o(.text)
    SYSCFG_I2CFastModePlusConfig             0x0800527f   Thumb Code    18  stm32f0xx_syscfg.o(.text)
    SYSCFG_EXTILineConfig                    0x08005291   Thumb Code    34  stm32f0xx_syscfg.o(.text)
    SYSCFG_BreakConfig                       0x080052b3   Thumb Code    10  stm32f0xx_syscfg.o(.text)
    SYSCFG_GetFlagStatus                     0x080052bd   Thumb Code    14  stm32f0xx_syscfg.o(.text)
    SYSCFG_ClearFlag                         0x080052cb   Thumb Code    10  stm32f0xx_syscfg.o(.text)
    __aeabi_memcpy                           0x080052d9   Thumb Code   130  rt_memcpy.o(.text)
    __rt_memcpy                              0x080052d9   Thumb Code     0  rt_memcpy.o(.text)
    _memset_w                                0x0800535b   Thumb Code    26  rt_memclr.o(.text)
    _memset                                  0x08005375   Thumb Code    30  rt_memclr.o(.text)
    __aeabi_memclr                           0x08005393   Thumb Code     4  rt_memclr.o(.text)
    __rt_memclr                              0x08005393   Thumb Code     0  rt_memclr.o(.text)
    __aeabi_memclr4                          0x08005397   Thumb Code     0  rt_memclr.o(.text)
    __aeabi_memclr8                          0x08005397   Thumb Code     0  rt_memclr.o(.text)
    __rt_memclr_w                            0x08005397   Thumb Code     4  rt_memclr.o(.text)
    __aeabi_uidiv                            0x0800539b   Thumb Code     0  aeabi_sdiv.o(.text)
    __aeabi_uidivmod                         0x0800539b   Thumb Code    20  aeabi_sdiv.o(.text)
    __aeabi_idiv                             0x080053af   Thumb Code     0  aeabi_sdiv.o(.text)
    __aeabi_idivmod                          0x080053af   Thumb Code   326  aeabi_sdiv.o(.text)
    __use_two_region_memory                  0x080054f5   Thumb Code     2  heapauxi.o(.text)
    __rt_heap_escrow$2region                 0x080054f7   Thumb Code     2  heapauxi.o(.text)
    __rt_heap_expand$2region                 0x080054f9   Thumb Code     2  heapauxi.o(.text)
    __user_setup_stackheap                   0x080054fb   Thumb Code    62  sys_stackheap_outer.o(.text)
    exit                                     0x08005539   Thumb Code    16  exit.o(.text)
    __user_libspace                          0x08005549   Thumb Code     8  libspace.o(.text)
    __user_perproc_libspace                  0x08005549   Thumb Code     0  libspace.o(.text)
    __user_perthread_libspace                0x08005549   Thumb Code     0  libspace.o(.text)
    _sys_exit                                0x08005551   Thumb Code     8  sys_exit.o(.text)
    __I$use$semihosting                      0x0800555d   Thumb Code     0  use_no_semi.o(.text)
    __use_no_semihosting_swi                 0x0800555d   Thumb Code     2  use_no_semi.o(.text)
    __ARM_common_switch8                     0x0800555f   Thumb Code    26  comm_task.o(i.__ARM_common_switch8)
    __semihosting_library_function           0x0800555f   Thumb Code     0  indicate_semi.o(.text)
    default_parameter_buf                    0x08005578   Data         472  main.o(.constdata)
    Region$$Table$$Base                      0x08005750   Number         0  anon$$obj.o(Region$$Table)
    Region$$Table$$Limit                     0x08005770   Number         0  anon$$obj.o(Region$$Table)
    SystemCoreClock                          0x20000000   Data           4  system_stm32f0xx.o(.data)
    AHBPrescTable                            0x20000004   Data          16  system_stm32f0xx.o(.data)
    b_release_gas                            0x20000014   Data           1  comm_task.o(.data)
    b_palm_checked                           0x20000015   Data           1  comm_task.o(.data)
    b_bat_detected_ok                        0x20000016   Data           1  comm_task.o(.data)
    b_no_hand_in_place                       0x20000017   Data           1  comm_task.o(.data)
    b_end_of_treatment                       0x20000018   Data           1  comm_task.o(.data)
    PWM1_timing_flag                         0x20000019   Data           1  comm_task.o(.data)
    PWM2_timing_flag                         0x2000001a   Data           1  comm_task.o(.data)
    PWM3_timing_flag                         0x2000001b   Data           1  comm_task.o(.data)
    waitBeforeStart_timing_flag              0x2000001e   Data           1  comm_task.o(.data)
    led_bink_timing_flag                     0x2000001f   Data           1  comm_task.o(.data)
    beep_timing_flag                         0x20000020   Data           1  comm_task.o(.data)
    usb_charge_timing_flag                   0x20000021   Data           1  comm_task.o(.data)
    key_Press_or_Release_timing_flag         0x20000022   Data           1  comm_task.o(.data)
    key_self_test_timing_flag                0x20000023   Data           1  comm_task.o(.data)
    b_releaseGas_timing_flag                 0x20000024   Data           1  comm_task.o(.data)
    b_check_bnt_release                      0x20000025   Data           1  comm_task.o(.data)
    b_Motor_Ready2Shake                      0x20000026   Data           1  comm_task.o(.data)
    b_Motor_shake                            0x20000027   Data           1  comm_task.o(.data)
    mode                                     0x20000028   Data           1  comm_task.o(.data)
    pwm1_state                               0x20000029   Data           1  comm_task.o(.data)
    pwm2_state                               0x2000002a   Data           1  comm_task.o(.data)
    pwm3_state                               0x2000002b   Data           1  comm_task.o(.data)
    PWM1_numOfCycle                          0x2000002c   Data           1  comm_task.o(.data)
    PWM2_numOfCycle                          0x2000002d   Data           1  comm_task.o(.data)
    PWM3_numOfCycle                          0x2000002e   Data           1  comm_task.o(.data)
    PWM1_serial_cnt                          0x2000002f   Data           1  comm_task.o(.data)
    PWM2_serial_cnt                          0x20000030   Data           1  comm_task.o(.data)
    PWM3_serial_cnt                          0x20000031   Data           1  comm_task.o(.data)
    state                                    0x20000032   Data           1  comm_task.o(.data)
    b_self_test                              0x20000033   Data           1  comm_task.o(.data)
    b_Palm_check_complited                   0x20000034   Data           1  comm_task.o(.data)
    usb_charging_state                       0x20000035   Data           1  comm_task.o(.data)
    b_stop_current_works                     0x20000036   Data           1  comm_task.o(.data)
    b_LED_ON_in_turn                         0x20000037   Data           1  comm_task.o(.data)
    self_tet_state                           0x20000038   Data           1  comm_task.o(.data)
    led_In_Turn_state                        0x20000039   Data           1  comm_task.o(.data)
    led_state                                0x2000003a   Data           1  comm_task.o(.data)
    beep_state                               0x2000003b   Data           1  comm_task.o(.data)
    led_beep_ID                              0x2000003c   Data           1  comm_task.o(.data)
    b_detect_hand_before_system_running      0x2000003d   Data           1  comm_task.o(.data)
    value                                    0x2000003e   Data           1  comm_task.o(.data)
    selfTest_delay_Cnt                       0x20000049   Data           1  comm_task.o(.data)
    nLED_ON_in_turn                          0x2000004a   Data           1  comm_task.o(.data)
    inflate_cnt                              0x2000004b   Data           1  comm_task.o(.data)
    deflate_cnt                              0x2000004c   Data           1  comm_task.o(.data)
    sample_cnt                               0x2000004d   Data           1  comm_task.o(.data)
    selfTest_fail_Cnt                        0x2000004e   Data           1  comm_task.o(.data)
    selfTest_fail_period_H                   0x2000004f   Data           1  comm_task.o(.data)
    selfTest_fail_period_L                   0x20000050   Data           1  comm_task.o(.data)
    selfTest_end_Cnt                         0x20000051   Data           1  comm_task.o(.data)
    PWM_waitBeforeStart_cnt                  0x20000052   Data           2  comm_task.o(.data)
    wait_between_total_cnt                   0x20000054   Data           2  comm_task.o(.data)
    led_bink_cnt                             0x20000068   Data           2  comm_task.o(.data)
    beep_cnt                                 0x2000006a   Data           2  comm_task.o(.data)
    delay_cnt                                0x2000006c   Data           2  comm_task.o(.data)
    hold_cnt                                 0x2000006e   Data           2  comm_task.o(.data)
    selfTest_inflate_record_1                0x20000070   Data           2  comm_task.o(.data)
    selfTest_inflate_record_2                0x20000072   Data           2  comm_task.o(.data)
    selfTest_hold_record_1                   0x20000074   Data           2  comm_task.o(.data)
    selfTest_hold_record_2                   0x20000076   Data           2  comm_task.o(.data)
    selfTest_deflate_record_1                0x20000078   Data           2  comm_task.o(.data)
    selfTest_deflate_record_2                0x2000007a   Data           2  comm_task.o(.data)
    detectPalm_cnt                           0x2000007c   Data           4  comm_task.o(.data)
    noPalm_cnt                               0x20000080   Data           4  comm_task.o(.data)
    prev_releaseGas_os_tick                  0x20000098   Data           4  comm_task.o(.data)
    prev_ledBlink_os_tick                    0x2000009c   Data           4  comm_task.o(.data)
    prev_selfTest_os_tick                    0x200000a0   Data           4  comm_task.o(.data)
    prev_keyPressOrRelease_os_tick           0x200000a4   Data           4  comm_task.o(.data)
    prev_usbCharge_os_tick                   0x200000a8   Data           4  comm_task.o(.data)
    prev_beep_os_tick                        0x200000ac   Data           4  comm_task.o(.data)
    prev_WaitBeforeStart_os_tick             0x200000b0   Data           4  comm_task.o(.data)
    prev_PWM1_os_tick                        0x200000b4   Data           4  comm_task.o(.data)
    prev_PWM2_os_tick                        0x200000b8   Data           4  comm_task.o(.data)
    prev_PWM3_os_tick                        0x200000bc   Data           4  comm_task.o(.data)
    prev_PWM4_os_tick                        0x200000c0   Data           4  comm_task.o(.data)
    prev_PWM5_os_tick                        0x200000c4   Data           4  comm_task.o(.data)
    p_prev_os_tick                           0x200000c8   Data           4  comm_task.o(.data)
    sample_sum                               0x200000d8   Data           4  comm_task.o(.data)
    checkPressAgain_cnt                      0x200000dc   Data           2  comm_task.o(.data)
    wait_cnt                                 0x200000de   Data           1  comm_task.o(.data)
    check_sum                                0x200000e0   Data           2  comm_task.o(.data)
    b_usb_push_in                            0x200000e2   Data           1  comm_task.o(.data)
    b_usb_pull_up                            0x200000e3   Data           1  comm_task.o(.data)
    usb_detect_state                         0x200000e4   Data           1  key_power_on_task.o(.data)
    mcu_state                                0x200000e5   Data           1  key_power_on_task.o(.data)
    b_Is_PCB_PowerOn                         0x200000e6   Data           1  key_power_on_task.o(.data)
    key_state                                0x200000e7   Data           1  key_power_on_task.o(.data)
    rcvParaSuccess                           0x200000e9   Data           1  protocol_module.o(.data)
    g_uwDelayTime_ms                         0x200000ea   Data           2  common.o(.data)
    RegularConvData_Tab                      0x200000f2   Data           4  hardware.o(.data)
    zero_point_of_pressure_sensor            0x200000f6   Data           2  hardware.o(.data)
    os_ticks                                 0x200000f8   Data           4  os_core.o(.data)
    sDataBuff                                0x20000110   Data         350  comm_task.o(.bss)
    sBackBuff                                0x2000026e   Data         350  comm_task.o(.bss)
    g_CmdReceive                             0x200003cc   Data         160  comm_task.o(.bss)
    send_fifo                                0x2000046c   Data          12  comm_task.o(.bss)
    buffer                                   0x20000478   Data         472  comm_task.o(.bss)
    send_buf                                 0x20000707   Data         260  comm_task.o(.bss)
    parameter_buf                            0x2000080b   Data         472  comm_task.o(.bss)
    task_array                               0x200009e4   Data         180  os_core.o(.bss)
    __libspace_start                         0x20000a98   Data          96  libspace.o(.bss)
    __temporary_stack_top$libspace           0x20000af8   Data           0  libspace.o(.bss)



==============================================================================

Memory Map of the image

  Image Entry point : 0x0800355d

  Load Region LR_1 (Base: 0x08000000, Size: 0x00005880, Max: 0xffffffff, ABSOLUTE)

    Execution Region ER_RO (Base: 0x08000000, Size: 0x00005770, Max: 0xffffffff, ABSOLUTE)

    Base Addr    Size         Type   Attr      Idx    E Section Name        Object

    0x08000000   0x000000c0   Data   RO          556    RESET               startup_stm32f0xx.o
    0x080000c0   0x00000008   Code   RO          771  * !!!main             c_p.l(__main.o)
    0x080000c8   0x0000003c   Code   RO          940    !!!scatter          c_p.l(__scatter.o)
    0x08000104   0x0000001a   Code   RO          942    !!handler_copy      c_p.l(__scatter_copy.o)
    0x0800011e   0x00000002   PAD
    0x08000120   0x0000001c   Code   RO          944    !!handler_zi        c_p.l(__scatter_zi.o)
    0x0800013c   0x00000002   Code   RO          809    .ARM.Collect$$libinit$$00000000  c_p.l(libinit.o)
    0x0800013e   0x00000000   Code   RO          823    .ARM.Collect$$libinit$$00000002  c_p.l(libinit2.o)
    0x0800013e   0x00000000   Code   RO          825    .ARM.Collect$$libinit$$00000004  c_p.l(libinit2.o)
    0x0800013e   0x00000000   Code   RO          828    .ARM.Collect$$libinit$$0000000A  c_p.l(libinit2.o)
    0x0800013e   0x00000000   Code   RO          830    .ARM.Collect$$libinit$$0000000C  c_p.l(libinit2.o)
    0x0800013e   0x00000000   Code   RO          832    .ARM.Collect$$libinit$$0000000E  c_p.l(libinit2.o)
    0x0800013e   0x00000000   Code   RO          835    .ARM.Collect$$libinit$$00000011  c_p.l(libinit2.o)
    0x0800013e   0x00000000   Code   RO          837    .ARM.Collect$$libinit$$00000013  c_p.l(libinit2.o)
    0x0800013e   0x00000000   Code   RO          839    .ARM.Collect$$libinit$$00000015  c_p.l(libinit2.o)
    0x0800013e   0x00000000   Code   RO          841    .ARM.Collect$$libinit$$00000017  c_p.l(libinit2.o)
    0x0800013e   0x00000000   Code   RO          843    .ARM.Collect$$libinit$$00000019  c_p.l(libinit2.o)
    0x0800013e   0x00000000   Code   RO          845    .ARM.Collect$$libinit$$0000001B  c_p.l(libinit2.o)
    0x0800013e   0x00000000   Code   RO          847    .ARM.Collect$$libinit$$0000001D  c_p.l(libinit2.o)
    0x0800013e   0x00000000   Code   RO          849    .ARM.Collect$$libinit$$0000001F  c_p.l(libinit2.o)
    0x0800013e   0x00000000   Code   RO          851    .ARM.Collect$$libinit$$00000021  c_p.l(libinit2.o)
    0x0800013e   0x00000000   Code   RO          853    .ARM.Collect$$libinit$$00000023  c_p.l(libinit2.o)
    0x0800013e   0x00000000   Code   RO          855    .ARM.Collect$$libinit$$00000025  c_p.l(libinit2.o)
    0x0800013e   0x00000000   Code   RO          859    .ARM.Collect$$libinit$$0000002C  c_p.l(libinit2.o)
    0x0800013e   0x00000000   Code   RO          861    .ARM.Collect$$libinit$$0000002E  c_p.l(libinit2.o)
    0x0800013e   0x00000000   Code   RO          863    .ARM.Collect$$libinit$$00000030  c_p.l(libinit2.o)
    0x0800013e   0x00000000   Code   RO          865    .ARM.Collect$$libinit$$00000032  c_p.l(libinit2.o)
    0x0800013e   0x00000002   Code   RO          866    .ARM.Collect$$libinit$$00000033  c_p.l(libinit2.o)
    0x08000140   0x00000002   Code   RO          897    .ARM.Collect$$libshutdown$$00000000  c_p.l(libshutdown.o)
    0x08000142   0x00000000   Code   RO          923    .ARM.Collect$$libshutdown$$00000002  c_p.l(libshutdown2.o)
    0x08000142   0x00000000   Code   RO          925    .ARM.Collect$$libshutdown$$00000004  c_p.l(libshutdown2.o)
    0x08000142   0x00000000   Code   RO          928    .ARM.Collect$$libshutdown$$00000007  c_p.l(libshutdown2.o)
    0x08000142   0x00000000   Code   RO          931    .ARM.Collect$$libshutdown$$0000000A  c_p.l(libshutdown2.o)
    0x08000142   0x00000000   Code   RO          933    .ARM.Collect$$libshutdown$$0000000C  c_p.l(libshutdown2.o)
    0x08000142   0x00000000   Code   RO          936    .ARM.Collect$$libshutdown$$0000000F  c_p.l(libshutdown2.o)
    0x08000142   0x00000002   Code   RO          937    .ARM.Collect$$libshutdown$$00000010  c_p.l(libshutdown2.o)
    0x08000144   0x00000000   Code   RO          773    .ARM.Collect$$rtentry$$00000000  c_p.l(__rtentry.o)
    0x08000144   0x00000000   Code   RO          779    .ARM.Collect$$rtentry$$00000002  c_p.l(__rtentry2.o)
    0x08000144   0x00000006   Code   RO          791    .ARM.Collect$$rtentry$$00000004  c_p.l(__rtentry4.o)
    0x0800014a   0x00000000   Code   RO          781    .ARM.Collect$$rtentry$$00000009  c_p.l(__rtentry2.o)
    0x0800014a   0x00000004   Code   RO          782    .ARM.Collect$$rtentry$$0000000A  c_p.l(__rtentry2.o)
    0x0800014e   0x00000000   Code   RO          784    .ARM.Collect$$rtentry$$0000000C  c_p.l(__rtentry2.o)
    0x0800014e   0x00000008   Code   RO          785    .ARM.Collect$$rtentry$$0000000D  c_p.l(__rtentry2.o)
    0x08000156   0x00000002   Code   RO          814    .ARM.Collect$$rtexit$$00000000  c_p.l(rtexit.o)
    0x08000158   0x00000000   Code   RO          870    .ARM.Collect$$rtexit$$00000002  c_p.l(rtexit2.o)
    0x08000158   0x00000004   Code   RO          871    .ARM.Collect$$rtexit$$00000003  c_p.l(rtexit2.o)
    0x0800015c   0x00000006   Code   RO          872    .ARM.Collect$$rtexit$$00000004  c_p.l(rtexit2.o)
    0x08000162   0x00000002   PAD
    0x08000164   0x00000038   Code   RO          759    .emb_text           c_p.l(rt_memcpy.o)
    0x0800019c   0x00000028   Code   RO            2    .text               main.o
    0x080001c4   0x0000002c   Code   RO          104    .text               stm32f0xx_it.o
    0x080001f0   0x0000013c   Code   RO          123    .text               system_stm32f0xx.o
    0x0800032c   0x000000e0   Code   RO          183    .text               app.o
    0x0800040c   0x00001808   Code   RO          221    .text               comm_task.o
    0x08001c14   0x00000834   Code   RO          313    .text               key_power_on_task.o
    0x08002448   0x00000466   Code   RO          348    .text               protocol_module.o
    0x080028ae   0x00000002   PAD
    0x080028b0   0x00000020   Code   RO          380    .text               common.o
    0x080028d0   0x00000090   Code   RO          402    .text               delay.o
    0x08002960   0x000000a6   Code   RO          419    .text               fifo.o
    0x08002a06   0x00000092   Code   RO          435    .text               cmd_receive.o
    0x08002a98   0x00000120   Code   RO          458    .text               serial_port.o
    0x08002bb8   0x0000027c   Code   RO          474    .text               i2c.o
    0x08002e34   0x000003c4   Code   RO          492    .text               hardware.o
    0x080031f8   0x000002ac   Code   RO          517    .text               motor_pwm.o
    0x080034a4   0x000000b8   Code   RO          533    .text               os_core.o
    0x0800355c   0x00000038   Code   RO          557  * .text               startup_stm32f0xx.o
    0x08003594   0x0000015c   Code   RO          562    .text               stm32f0xx_gpio.o
    0x080036f0   0x0000040c   Code   RO          578    .text               stm32f0xx_rcc.o
    0x08003afc   0x0000007c   Code   RO          596    .text               stm32f0xx_misc.o
    0x08003b78   0x00000462   Code   RO          612    .text               stm32f0xx_usart.o
    0x08003fda   0x00000002   PAD
    0x08003fdc   0x0000091c   Code   RO          628    .text               stm32f0xx_tim.o
    0x080048f8   0x00000124   Code   RO          645    .text               stm32f0xx_dma.o
    0x08004a1c   0x000000e0   Code   RO          661    .text               stm32f0xx_pwr.o
    0x08004afc   0x0000044c   Code   RO          677    .text               stm32f0xx_flash.o
    0x08004f48   0x00000224   Code   RO          694    .text               stm32f0xx_adc.o
    0x0800516c   0x000000d4   Code   RO          710    .text               stm32f0xx_exti.o
    0x08005240   0x00000098   Code   RO          726    .text               stm32f0xx_syscfg.o
    0x080052d8   0x00000082   Code   RO          760    .text               c_p.l(rt_memcpy.o)
    0x0800535a   0x00000040   Code   RO          763    .text               c_p.l(rt_memclr.o)
    0x0800539a   0x0000015a   Code   RO          765    .text               c_p.l(aeabi_sdiv.o)
    0x080054f4   0x00000006   Code   RO          769    .text               c_p.l(heapauxi.o)
    0x080054fa   0x0000003e   Code   RO          795    .text               c_p.l(sys_stackheap_outer.o)
    0x08005538   0x00000010   Code   RO          798    .text               c_p.l(exit.o)
    0x08005548   0x00000008   Code   RO          810    .text               c_p.l(libspace.o)
    0x08005550   0x0000000c   Code   RO          867    .text               c_p.l(sys_exit.o)
    0x0800555c   0x00000002   Code   RO          886    .text               c_p.l(use_no_semi.o)
    0x0800555e   0x00000000   Code   RO          888    .text               c_p.l(indicate_semi.o)
    0x0800555e   0x0000001a   Code   RO          244    i.__ARM_common_switch8  comm_task.o
    0x08005578   0x000001d8   Data   RO            3    .constdata          main.o
    0x08005750   0x00000020   Data   RO          938    Region$$Table       anon$$obj.o


    Execution Region ER_RW (Base: 0x20000000, Size: 0x00000110, Max: 0xffffffff, ABSOLUTE)

    Base Addr    Size         Type   Attr      Idx    E Section Name        Object

    0x20000000   0x00000014   Data   RW          124    .data               system_stm32f0xx.o
    0x20000014   0x000000c8   Data   RW          225    .data               comm_task.o
    0x200000dc   0x00000002   Data   RW          226    .data               comm_task.o
    0x200000de   0x00000001   Data   RW          227    .data               comm_task.o
    0x200000df   0x00000001   PAD
    0x200000e0   0x00000002   Data   RW          228    .data               comm_task.o
    0x200000e2   0x00000001   Data   RW          229    .data               comm_task.o
    0x200000e3   0x00000001   Data   RW          230    .data               comm_task.o
    0x200000e4   0x00000005   Data   RW          314    .data               key_power_on_task.o
    0x200000e9   0x00000001   Data   RW          349    .data               protocol_module.o
    0x200000ea   0x00000002   Data   RW          381    .data               common.o
    0x200000ec   0x00000004   Data   RW          403    .data               delay.o
    0x200000f0   0x00000002   Data   RW          475    .data               i2c.o
    0x200000f2   0x00000004   Data   RW          494    .data               hardware.o
    0x200000f6   0x00000002   Data   RW          495    .data               hardware.o
    0x200000f8   0x00000008   Data   RW          535    .data               os_core.o
    0x20000100   0x00000010   Data   RW          579    .data               stm32f0xx_rcc.o


    Execution Region ER_ZI (Base: 0x20000110, Size: 0x00000fe8, Max: 0xffffffff, ABSOLUTE)

    Base Addr    Size         Type   Attr      Idx    E Section Name        Object

    0x20000110   0x000005f7   Zero   RW          222    .bss                comm_task.o
    0x20000707   0x00000104   Zero   RW          223    .bss                comm_task.o
    0x2000080b   0x000001d8   Zero   RW          224    .bss                comm_task.o
    0x200009e3   0x00000001   PAD
    0x200009e4   0x000000b4   Zero   RW          534    .bss                os_core.o
    0x20000a98   0x00000060   Zero   RW          811    .bss                c_p.l(libspace.o)
    0x20000af8   0x00000200   Zero   RW          555    HEAP                startup_stm32f0xx.o
    0x20000cf8   0x00000400   Zero   RW          554    STACK               startup_stm32f0xx.o


==============================================================================

Image component sizes


      Code (inc. data)   RO Data    RW Data    ZI Data      Debug   Object Name

       224         56          0          0          0       1310   app.o
       146          0          0          0          0       3098   cmd_receive.o
      6178        176          0        207       2259      26170   comm_task.o
        32          4          0          2          0       1533   common.o
       144         16          0          4          0       1091   delay.o
       166          0          0          0          0       2595   fifo.o
       964         38          0          6          0       6188   hardware.o
       636         14          0          2          0       3122   i2c.o
         0          0          0          0          0      92164   iwtdg.o
      2100        322          0          5          0      12453   key_power_on_task.o
        40          4        472          0          0      59898   main.o
       684         32          0          0          0       2521   motor_pwm.o
       184         10          0          8        180       2617   os_core.o
      1126         24          0          1          0      11461   protocol_module.o
       288         10          0          0          0       1845   serial_port.o
        56         26        192          0       1536        636   startup_stm32f0xx.o
       548         12          0          0          0       7179   stm32f0xx_adc.o
       292         12          0          0          0       3654   stm32f0xx_dma.o
       212         14          0          0          0       2375   stm32f0xx_exti.o
      1100         20          0          0          0       8086   stm32f0xx_flash.o
       348         22          0          0          0       3881   stm32f0xx_gpio.o
        44          4          0          0          0        972   stm32f0xx_it.o
       124         16          0          0          0       1416   stm32f0xx_misc.o
       224         10          0          0          0       2218   stm32f0xx_pwr.o
      1036         38          0         16          0       8822   stm32f0xx_rcc.o
       152          4          0          0          0       2042   stm32f0xx_syscfg.o
      2332        122          0          0          0      22579   stm32f0xx_tim.o
      1122         12          0          0          0      12587   stm32f0xx_usart.o
       316         28          0         20          0       1671   system_stm32f0xx.o

    ----------------------------------------------------------------------
     20822       1046        696        272       3976     306184   Object Totals
         0          0         32          0          0          0   (incl. Generated)
         4          0          0          1          1          0   (incl. Padding)

    ----------------------------------------------------------------------

      Code (inc. data)   RO Data    RW Data    ZI Data      Debug   Library Member Name

         8          0          0          0          0         68   __main.o
         0          0          0          0          0          0   __rtentry.o
        12          0          0          0          0          0   __rtentry2.o
         6          0          0          0          0          0   __rtentry4.o
        60          8          0          0          0          0   __scatter.o
        26          0          0          0          0          0   __scatter_copy.o
        28          0          0          0          0          0   __scatter_zi.o
       346          0          0          0          0         92   aeabi_sdiv.o
        16          0          0          0          0         68   exit.o
         6          0          0          0          0        136   heapauxi.o
         0          0          0          0          0          0   indicate_semi.o
         2          0          0          0          0          0   libinit.o
         2          0          0          0          0          0   libinit2.o
         2          0          0          0          0          0   libshutdown.o
         2          0          0          0          0          0   libshutdown2.o
         8          4          0          0         96         68   libspace.o
        64          0          0          0          0        108   rt_memclr.o
       186          0          0          0          0        144   rt_memcpy.o
         2          0          0          0          0          0   rtexit.o
        10          0          0          0          0          0   rtexit2.o
        12          4          0          0          0         60   sys_exit.o
        62          0          0          0          0         80   sys_stackheap_outer.o
         2          0          0          0          0         68   use_no_semi.o

    ----------------------------------------------------------------------
       866         16          0          0         96        892   Library Totals
         4          0          0          0          0          0   (incl. Padding)

    ----------------------------------------------------------------------

      Code (inc. data)   RO Data    RW Data    ZI Data      Debug   Library Name

       862         16          0          0         96        892   c_p.l

    ----------------------------------------------------------------------
       866         16          0          0         96        892   Library Totals

    ----------------------------------------------------------------------

==============================================================================


      Code (inc. data)   RO Data    RW Data    ZI Data      Debug   

     21688       1062        696        272       4072     303448   Grand Totals
     21688       1062        696        272       4072     303448   ELF Image Totals
     21688       1062        696        272          0          0   ROM Totals

==============================================================================

    Total RO  Size (Code + RO Data)                22384 (  21.86kB)
    Total RW  Size (RW Data + ZI Data)              4344 (   4.24kB)
    Total ROM Size (Code + RO Data + RW Data)      22656 (  22.13kB)

==============================================================================

